******************************************************************************
                  TI ARM Linker PC v18.12.4                    
******************************************************************************
>> Linked Thu May 14 14:19:54 2020

OUTPUT FILE NAME:   <3.Buttons-QT_TIVA.out>
ENTRY POINT SYMBOL: "_c_int00_noargs"  address: 00014515


MEMORY CONFIGURATION

         name            origin    length      used     unused   attr    fill
----------------------  --------  ---------  --------  --------  ----  --------
  FLASH                 00000000   00040000  00015562  0002aa9e  R  X
  SRAM                  20000000   00008000  0000676d  00001893  RW X


SEGMENT ALLOCATION MAP

run origin  load origin   length   init length attrs members
----------  ----------- ---------- ----------- ----- -------
00000000    00000000    00015568   00015568    r-x
  00000000    00000000    0000026c   0000026c    r-- .intvecs
  0000026c    0000026c    0001447e   0001447e    r-x .text
  000146ec    000146ec    00000d08   00000d08    r-- .const
  000153f8    000153f8    00000170   00000170    r-- .cinit
20000000    20000000    00006770   00000000    rw-
  20000000    20000000    0000026c   00000000    rw- .vtable
  2000026c    2000026c    00006069   00000000    rw- .bss
  200062d8    200062d8    00000298   00000000    rw- .data
  20006570    20006570    00000200   00000000    rw- .stack


SECTION ALLOCATION MAP

 output                                  attributes/
section   page    origin      length       input sections
--------  ----  ----------  ----------   ----------------
.intvecs   0    00000000    0000026c     
                  00000000    0000026c     startup_ccs.obj (.intvecs)

.text      0    0000026c    0001447e     
                  0000026c    00002db0     usbhostenum.obj (.text)
                  0000301c    00001c18     tasks.obj (.text)
                  00004c34    000015b6     usb.obj (.text)
                  000061ea    00000002     rtsv7M4_T_le_v4SPD16_eabi.lib : div0.asm.obj (.text)
                  000061ec    0000134c     usbdenum.obj (.text)
                  00007538    00000f80     sysctl.obj (.text)
                  000084b8    00000f20     usbdma.obj (.text)
                  000093d8    00000e6c     usbdcdc.obj (.text)
                  0000a244    00000c8c     queue.obj (.text)
                  0000aed0    00000b94     gpio.obj (.text)
                  0000ba64    00000aec     uartstdioMod.obj (.text)
                  0000c550    00000a4e     rtsv7M4_T_le_v4SPD16_eabi.lib : _printfi.c.obj (.text:__TI_printfi)
                  0000cf9e    00000002     --HOLE-- [fill = 0]
                  0000cfa0    0000098c     Botones.obj (.text)
                  0000d92c    00000924     usbhhub.obj (.text)
                  0000e250    0000083a     adc.obj (.text)
                  0000ea8a    00000002     --HOLE-- [fill = 0]
                  0000ea8c    000006cc     timers.obj (.text)
                  0000f158    00000642     timer.obj (.text)
                  0000f79a    00000002     --HOLE-- [fill = 0]
                  0000f79c    0000062e     uart.obj (.text)
                  0000fdca    00000002     --HOLE-- [fill = 0]
                  0000fdcc    00000500     usbmode.obj (.text)
                  000102cc    000004cc     commands.obj (.text)
                  00010798    000004ae     usbbuffer.obj (.text)
                  00010c46    00000002     --HOLE-- [fill = 0]
                  00010c48    0000042c     rgb.obj (.text)
                  00011074    000003c0     interrupt.obj (.text)
                  00011434    00000388     serial2USBprotocol.obj (.text)
                  000117bc    00000388     usbdconfig.obj (.text)
                  00011b44    00000374     usb_dev_serial.obj (.text)
                  00011eb8    000002f4     usbringbuf.obj (.text)
                  000121ac    000002de     usbdcdesc.obj (.text)
                  0001248a    00000002     --HOLE-- [fill = 0]
                  0001248c    000002c8     heap_4.obj (.text)
                  00012754    00000270     rtsv7M4_T_le_v4SPD16_eabi.lib : _printfi.c.obj (.text:_pconv_a)
                  000129c4    000001d2     usbdesc.obj (.text)
                  00012b96    00000002     --HOLE-- [fill = 0]
                  00012b98    000001d0     rtsv7M4_T_le_v4SPD16_eabi.lib : _printfi.c.obj (.text:_pconv_g)
                  00012d68    000001b6                                   : fd_add_t2.asm.obj (.text)
                  00012f1e    00000002     --HOLE-- [fill = 0]
                  00012f20    0000013c                                   : _printfi.c.obj (.text:_pconv_e)
                  0001305c    0000013c     port.obj (.text)
                  00013198    00000136     rtsv7M4_T_le_v4SPD16_eabi.lib : fd_div_t2.asm.obj (.text)
                  000132ce    0000012a     list.obj (.text)
                  000133f8    00000128     buttons.obj (.text)
                  00013520    00000124     rtsv7M4_T_le_v4SPD16_eabi.lib : _printfi.c.obj (.text:fcvt)
                  00013644    00000110                                   : s_scalbn.c.obj (.text:scalbn)
                  00013754    000000fc                                   : fd_mul_t2.asm.obj (.text)
                  00013850    000000f0     cpu_usage.obj (.text)
                  00013940    000000ec     usbtick.obj (.text)
                  00013a2c    000000da     portasm.obj (.text)
                  00013b06    000000c8     usbulpi.obj (.text)
                  00013bce    00000002     --HOLE-- [fill = 0]
                  00013bd0    000000b1     rtsv7M4_T_le_v4SPD16_eabi.lib : _printfi.c.obj (.text:_ltostr)
                  00013c81    00000003     --HOLE-- [fill = 0]
                  00013c84    000000ac     cmdline.obj (.text)
                  00013d30    0000009c     rtsv7M4_T_le_v4SPD16_eabi.lib : memcpy_t2.asm.obj (.text)
                  00013dcc    00000096                                   : ull_div_t2.asm.obj (.text)
                  00013e62    00000086                                   : fd_cmp_t2.asm.obj (.text:__aeabi_cdcmple)
                  00013ee8    00000086                                   : fd_cmp_t2.asm.obj (.text:__aeabi_cdrcmple)
                  00013f6e    0000007a                                   : memset_t2.asm.obj (.text)
                  00013fe8    0000006e                                   : _printfi.c.obj (.text:_mcpy)
                  00014056    00000002     --HOLE-- [fill = 0]
                  00014058    00000068     crc.obj (.text)
                  000140c0    00000068     RunTimeStatsConfig.obj (.text)
                  00014128    00000068     rtsv7M4_T_le_v4SPD16_eabi.lib : copy_decompress_lzss.c.obj (.text:decompress:lzss:__TI_decompress_lzss)
                  00014190    00000064                                   : s_frexp.c.obj (.text:frexp)
                  000141f4    00000056                                   : _printfi.c.obj (.text:_pconv_f)
                  0001424a    00000054                                   : ltoa.c.obj (.text:ltoa)
                  0001429e    00000052                                   : _printfi.c.obj (.text:_ecpy)
                  000142f0    00000050                                   : fs_toull_t2.asm.obj (.text)
                  00014340    0000004c                                   : atoi.c.obj (.text:atoi)
                  0001438c    00000048                                   : fd_toi_t2.asm.obj (.text)
                  000143d4    00000044                                   : autoinit.c.obj (.text:__TI_auto_init_nobinit_nopinit:__TI_auto_init_nobinit_nopinit)
                  00014418    00000040                                   : u_divt2.asm.obj (.text)
                  00014458    00000040                                   : sprintf.c.obj (.text:sprintf)
                  00014498    0000003e                                   : _printfi.c.obj (.text:_fcpy)
                  000144d6    0000003e     cpu.obj (.text)
                  00014514    00000034     rtsv7M4_T_le_v4SPD16_eabi.lib : boot_cortex_m.c.obj (.text:_c_int00_noargs:_c_int00_noargs)
                  00014548    0000002e                                   : i_tofd_t2.asm.obj (.text)
                  00014576    0000002c                                   : strncmp.c.obj (.text:strncmp)
                  000145a2    00000002     --HOLE-- [fill = 0]
                  000145a4    00000024     RunTimeStatsConfig.obj (.text:GetOverflowCounts)
                  000145c8    00000024     usbdhandler.obj (.text)
                  000145ec    0000001c     rtsv7M4_T_le_v4SPD16_eabi.lib : memccpy.c.obj (.text:memccpy)
                  00014608    0000001a                                   : s_copysign.c.obj (.text:copysign)
                  00014622    00000018                                   : sprintf.c.obj (.text:_outs)
                  0001463a    00000018                                   : strcmp.c.obj (.text:strcmp)
                  00014652    00000016                                   : strchr.c.obj (.text:strchr)
                  00014668    00000014                                   : strcpy.c.obj (.text:strcpy)
                  0001467c    00000014                                   : strlen.c.obj (.text:strlen)
                  00014690    00000012                                   : wcslen.c.obj (.text:wcslen)
                  000146a2    0000000e                                   : copy_decompress_none.c.obj (.text:decompress:none:__TI_decompress_none)
                  000146b0    0000000c                                   : copy_zero_init.c.obj (.text:decompress:ZI:__TI_zero_init)
                  000146bc    0000000c     startup_ccs.obj (.text)
                  000146c8    0000000a     rtsv7M4_T_le_v4SPD16_eabi.lib : sprintf.c.obj (.text:_outc)
                  000146d2    00000002     --HOLE-- [fill = 0]
                  000146d4    00000008                                   : errno.c.obj (.text:__aeabi_errno_addr)
                  000146dc    00000006     sysctl.obj (.text:SysCtlDelay)
                  000146e2    00000004     rtsv7M4_T_le_v4SPD16_eabi.lib : pre_init.c.obj (.text:_system_pre_init)
                  000146e6    00000004                                   : exit.c.obj (.text:abort:abort)

.const     0    000146ec    00000d08     
                  000146ec    00000200     crc.obj (.const:crctttab)
                  000148ec    000001b0     sysctl.obj (.const:g_pppui32XTALtoVCO)
                  00014a9c    00000130     commands.obj (.const:.string)
                  00014bcc    00000101     rtsv7M4_T_le_v4SPD16_eabi.lib : ctype.c.obj (.const:.string:_ctypes_)
                  00014ccd    00000003     --HOLE-- [fill = 0]
                  00014cd0    000000d8     gpio.obj (.const:g_ppui32GPIOIntMapSnowflake)
                  00014da8    000000c0     gpio.obj (.const:g_ppui32GPIOIntMapBlizzard)
                  00014e68    0000009c     interrupt.obj (.const:g_pui32Regs)
                  00014f04    00000090     gpio.obj (.const:g_pui32GPIOBaseAddrs)
                  00014f94    0000006c     sysctl.obj (.const:g_pui32Xtals)
                  00015000    00000060     timer.obj (.const:g_ppui32TimerIntMap)
                  00015060    00000040     timer.obj (.const:g_ppui32TimerIntMapSnowflake)
                  000150a0    00000040     uart.obj (.const:g_ppui32UARTIntMap)
                  000150e0    00000040     uart.obj (.const:g_ppui32UARTIntMapSnowflake)
                  00015120    00000036     usb_serial_structs.obj (.const:.string:g_pui8ConfigString)
                  00015156    00000002     --HOLE-- [fill = 0]
                  00015158    00000034     usbdenum.obj (.const:g_psUSBDStdRequests)
                  0001518c    00000030     usbdcdc.obj (.const:g_sCDCHandlers)
                  000151bc    00000030     sysctl.obj (.const:g_sXTALtoMEMTIM)
                  000151ec    0000002c     usb_serial_structs.obj (.const:.string:g_pui8ControlInterfaceString)
                  00015218    00000024     usb_serial_structs.obj (.const:.string:g_pui8ManufacturerString)
                  0001523c    00000023     usbdcdc.obj (.const:.string:g_pui8CDCSerCommInterface)
                  0001525f    00000022     usb_serial_structs.obj (.const:.string:g_pui8ProductString)
                  00015281    00000003     --HOLE-- [fill = 0]
                  00015284    00000020     interrupt.obj (.const:g_pui32Priority)
                  000152a4    00000018     usb_serial_structs.obj (.const:g_ppui8StringDescriptors)
                  000152bc    00000017     usbdcdc.obj (.const:.string:g_pui8CDCSerDataInterface)
                  000152d3    00000017     usbdcdc.obj (.const:.string:g_pui8CDCSerDataInterfaceHS)
                  000152ea    00000002     --HOLE-- [fill = 0]
                  000152ec    00000014     interrupt.obj (.const:g_pui32Dii16Regs)
                  00015300    00000014     interrupt.obj (.const:g_pui32EnRegs)
                  00015314    00000014     interrupt.obj (.const:g_pui32PendRegs)
                  00015328    00000014     interrupt.obj (.const:g_pui32UnpendRegs)
                  0001533c    00000012     usb_serial_structs.obj (.const:.string:g_pui8SerialNumberString)
                  0001534e    00000002     --HOLE-- [fill = 0]
                  00015350    00000012     uartstdioMod.obj (.const:.string)
                  00015362    00000002     --HOLE-- [fill = 0]
                  00015364    0000000c     uartstdioMod.obj (.const:g_ui32UARTBase)
                  00015370    0000000c     uartstdioMod.obj (.const:g_ui32UARTInt)
                  0001537c    0000000c     uartstdioMod.obj (.const:g_ui32UARTPeriph)
                  00015388    00000008     sysctl.obj (.const:g_pui32VCOFrequencies)
                  00015390    00000008     usbdcdc.obj (.const:g_sCDCCompSerConfigHeader)
                  00015398    00000008     usbdcdc.obj (.const:g_sCDCCompSerConfigHeaderHS)
                  000153a0    00000008     usbdcdc.obj (.const:g_sCDCSerCommInterfaceSection)
                  000153a8    00000008     usbdcdc.obj (.const:g_sCDCSerConfigHeader)
                  000153b0    00000008     usbdcdc.obj (.const:g_sCDCSerConfigHeaderHS)
                  000153b8    00000008     usbdcdc.obj (.const:g_sCDCSerConfigSection)
                  000153c0    00000008     usbdcdc.obj (.const:g_sCDCSerDataInterfaceSection)
                  000153c8    00000008     usbdcdc.obj (.const:g_sCDCSerDataInterfaceSectionHS)
                  000153d0    00000008     usbdcdc.obj (.const:g_sIADSerConfigSection)
                  000153d8    00000004     usb_serial_structs.obj (.const:.string:g_pui8LangDescriptor)
                  000153dc    00000004     usbdcdc.obj (.const:g_pCDCCompSerConfigDescriptors)
                  000153e0    00000004     usbdcdc.obj (.const:g_pCDCCompSerConfigDescriptorsHS)
                  000153e4    00000004     usbdcdc.obj (.const:g_ppCDCSerConfigDescriptors)
                  000153e8    00000004     usbdcdc.obj (.const:g_ppCDCSerConfigDescriptorsHS)
                  000153ec    00000004     port.obj (.const)
                  000153f0    00000004     uartstdioMod.obj (.const)

.cinit     0    000153f8    00000170     
                  000153f8    00000135     (.cinit..data.load) [load image, compression = lzss]
                  0001552d    00000003     --HOLE-- [fill = 0]
                  00015530    0000000c     (__TI_handler_table)
                  0001553c    00000004     --HOLE-- [fill = 0]
                  00015540    00000008     (.cinit..bss.load) [load image, compression = zero_init]
                  00015548    00000008     (.cinit..vtable.load) [load image, compression = zero_init]
                  00015550    00000018     (__TI_cinit_table)

.init_array 
*          0    00000000    00000000     UNINITIALIZED

.vtable    0    20000000    0000026c     UNINITIALIZED
                  20000000    0000026c     interrupt.obj (.vtable)

.bss       0    2000026c    00006069     UNINITIALIZED
                  2000026c    00005000     heap_4.obj (.bss:ucHeap)
                  2000526c    000006cc     usbhostenum.obj (.bss:g_sUSBHCD)
                  20005938    00000200     uartstdioMod.obj (.bss:g_pcUARTRxHistoryBuffer)
                  20005b38    00000140     tasks.obj (.bss:pxReadyTasksLists)
                  20005c78    00000110     usbdma.obj (.bss:g_psUSBDMAInst)
                  20005d88    00000100     (.common:g_pui8USBRxBuffer)
                  20005e88    00000100     (.common:g_pui8USBTxBuffer)
                  20005f88    0000009c     usbhhub.obj (.bss:g_sRootHub)
                  20006024    00000050     (.common:g_psDCDInst)
                  20006074    00000050     (.common:xQueueRegistry)
                  200060c4    00000040     usbdenum.obj (.bss:g_pui8DataBufferIn)
                  20006104    00000024     cmdline.obj (.bss:g_ppcArgv)
                  20006128    00000020     uartstdioMod.obj (.bss:g_usUARTRxHistoryOffset)
                  20006148    00000018     usbhostenum.obj (.bss:g_pi32USBHActiveDriver)
                  20006160    00000018     usbhostenum.obj (.bss:g_ppvDriverInstance)
                  20006178    00000018     (.common:g_pfnTickHandlers)
                  20006190    00000018     (.common:g_pvTickInstance)
                  200061a8    00000014     uartstdioMod.obj (.bss)
                  200061bc    00000014     timers.obj (.bss:xActiveTimerList1)
                  200061d0    00000014     timers.obj (.bss:xActiveTimerList2)
                  200061e4    00000014     tasks.obj (.bss:xDelayedTaskList1)
                  200061f8    00000014     tasks.obj (.bss:xDelayedTaskList2)
                  2000620c    00000014     tasks.obj (.bss:xPendingReadyList)
                  20006220    00000014     tasks.obj (.bss:xSuspendedTaskList)
                  20006234    00000014     tasks.obj (.bss:xTasksWaitingTermination)
                  20006248    0000000c     cpu_usage.obj (.bss)
                  20006254    0000000c     rgb.obj (.bss:g_ui32Colors)
                  20006260    00000008     usbhostenum.obj (.bss:g_pui32Alloc)
                  20006268    00000008     adc.obj (.bss:g_pui8OversampleFactor)
                  20006270    00000008     tasks.obj (.bss)
                  20006278    00000008     timers.obj (.bss)
                  20006280    00000008     usb_dev_serial.obj (.bss)
                  20006288    00000008     usbhhub.obj (.bss)
                  20006290    00000008     heap_4.obj (.bss:xStart)
                  20006298    00000004     rgb.obj (.bss)
                  2000629c    00000004     usbdenum.obj (.bss)
                  200062a0    00000004     usbhostenum.obj (.bss)
                  200062a4    00000004     usbmode.obj (.bss)
                  200062a8    00000004     (.common:cola_freertos)
                  200062ac    00000004     (.common:cola_hora)
                  200062b0    00000004     (.common:cola_temperatura)
                  200062b4    00000004     (.common:g_ppsDevInfo)
                  200062b8    00000004     (.common:g_ui32CPUUsage)
                  200062bc    00000004     (.common:g_ui32PollRate)
                  200062c0    00000004     (.common:g_ui32SystemClock)
                  200062c4    00000004     (.common:mutexUSB)
                  200062c8    00000004     (.common:semaforoTraza)
                  200062cc    00000004     (.common:ui32Period)
                  200062d0    00000004     (.common:xTimer)
                  200062d4    00000001     (.common:g_eOTGModeState)

.data      0    200062d8    00000298     UNINITIALIZED
                  200062d8    00000060     commands.obj (.data:g_psCmdTable)
                  20006338    00000060     usb_serial_structs.obj (.data:g_sCDCDevice)
                  20006398    0000003c     tasks.obj (.data)
                  200063d4    00000038     usb_serial_structs.obj (.data:g_sRxBuffer)
                  2000640c    00000038     usb_serial_structs.obj (.data:g_sTxBuffer)
                  20006444    00000018     cpu_usage.obj (.data:g_pui32CPUUsageTimerBase)
                  2000645c    00000018     cpu_usage.obj (.data:g_pui32CPUUsageTimerPeriph)
                  20006474    00000018     usbhostenum.obj (.data:g_sUSBHEP0State)
                  2000648c    00000014     usbhostenum.obj (.data)
                  200064a0    00000012     usbdcdc.obj (.data:g_pui8CDCSerDeviceDescriptor)
                  200064b2    00000002     usbdcdc.obj (.data)
                  200064b4    00000010     usbdcdc.obj (.data:g_psCDCCompSerSections)
                  200064c4    00000010     usbdcdc.obj (.data:g_psCDCCompSerSectionsHS)
                  200064d4    00000010     heap_4.obj (.data)
                  200064e4    0000000c     usbdcdc.obj (.data:g_psCDCSerSections)
                  200064f0    0000000c     usbdcdc.obj (.data:g_psCDCSerSectionsHS)
                  200064fc    0000000c     timers.obj (.data)
                  20006508    0000000c     uartstdioMod.obj (.data)
                  20006514    0000000c     usbtick.obj (.data)
                  20006520    00000009     Botones.obj (.data)
                  20006529    00000009     usbdcdc.obj (.data:g_pui8CDCSerDescriptor)
                  20006532    00000002     --HOLE--
                  20006534    00000009     usb_dev_serial.obj (.data)
                  2000653d    00000003     buttons.obj (.data)
                  20006540    00000009     usbmode.obj (.data)
                  20006549    00000008     usbdcdc.obj (.data:g_pui8IADSerDescriptor)
                  20006551    00000003     --HOLE--
                  20006554    00000008     usbdenum.obj (.data)
                  2000655c    00000007     usb_dev_serial.obj (.data:ConfigLinea)
                  20006563    00000001     --HOLE--
                  20006564    00000004     port.obj (.data)
                  20006568    00000004     rgb.obj (.data)
                  2000656c    00000004     rtsv7M4_T_le_v4SPD16_eabi.lib : errno.c.obj (.data)

.stack     0    20006570    00000200     UNINITIALIZED
                  20006570    00000004     rtsv7M4_T_le_v4SPD16_eabi.lib : boot_cortex_m.c.obj (.stack)
                  20006574    000001fc     --HOLE--

MODULE SUMMARY

       Module                       code    ro data   rw data
       ------                       ----    -------   -------
    .\
       Botones.obj                  2444    0         45     
       commands.obj                 1228    304       96     
       usb_serial_structs.obj       0       214       720    
       usb_dev_serial.obj           884     0         24     
       serial2USBprotocol.obj       904     0         0      
       startup_ccs.obj              12      620       0      
       crc.obj                      104     512       0      
    +--+----------------------------+-------+---------+---------+
       Total:                       5576    1650      885    
                                                             
    .\FreeRTOS\Source\
       tasks.obj                    7192    0         488    
       queue.obj                    3212    0         80     
       timers.obj                   1740    0         60     
       list.obj                     298     0         0      
    +--+----------------------------+-------+---------+---------+
       Total:                       12442   0         628    
                                                             
    .\FreeRTOS\Source\portable\CCS\ARM_CM4F\
       port.obj                     316     4         4      
       portasm.obj                  218     0         0      
    +--+----------------------------+-------+---------+---------+
       Total:                       534     4         4      
                                                             
    .\FreeRTOS\Source\portable\MemMang\
       heap_4.obj                   712     0         20504  
    +--+----------------------------+-------+---------+---------+
       Total:                       712     0         20504  
                                                             
    .\driverlib\
       usb.obj                      5558    0         0      
       sysctl.obj                   3974    596       0      
       gpio.obj                     2964    552       0      
       adc.obj                      2106    0         8      
       interrupt.obj                960     268       620    
       timer.obj                    1602    160       0      
       uart.obj                     1582    128       0      
       cpu.obj                      62      0         0      
    +--+----------------------------+-------+---------+---------+
       Total:                       18808   1704      628    
                                                             
    .\drivers\
       rgb.obj                      1068    0         20     
       buttons.obj                  296     0         3      
    +--+----------------------------+-------+---------+---------+
       Total:                       1364    0         23     
                                                             
    .\usblib\
       usbdma.obj                   3872    0         272    
       usbmode.obj                  1280    0         18     
       usbbuffer.obj                1198    0         0      
       usbringbuf.obj               756     0         0      
       usbdesc.obj                  466     0         0      
       usbtick.obj                  236     0         60     
       usbulpi.obj                  200     0         0      
    +--+----------------------------+-------+---------+---------+
       Total:                       8008    0         350    
                                                             
    .\usblib\device\
       usbdenum.obj                 4940    52        160    
       usbdcdc.obj                  3692    217       93     
       usbdconfig.obj               904     0         0      
       usbdcdesc.obj                734     0         0      
       usbdhandler.obj              36      0         0      
    +--+----------------------------+-------+---------+---------+
       Total:                       10306   269       253    
                                                             
    .\usblib\host\
       usbhostenum.obj              11696   0         1844   
       usbhhub.obj                  2340    0         164    
    +--+----------------------------+-------+---------+---------+
       Total:                       14036   0         2008   
                                                             
    .\utils\
       uartstdioMod.obj             2796    58        576    
       cpu_usage.obj                240     0         60     
       cmdline.obj                  172     0         36     
       RunTimeStatsConfig.obj       140     0         0      
    +--+----------------------------+-------+---------+---------+
       Total:                       3348    58        672    
                                                             
    C:\ti\ccs930\ccs\tools\compiler\ti-cgt-arm_18.12.4.LTS\lib\rtsv7M4_T_le_v4SPD16_eabi.lib
       _printfi.c.obj               4851    0         0      
       fd_add_t2.asm.obj            438     0         0      
       fd_div_t2.asm.obj            310     0         0      
       s_scalbn.c.obj               272     0         0      
       fd_cmp_t2.asm.obj            268     0         0      
       ctype.c.obj                  0       257       0      
       fd_mul_t2.asm.obj            252     0         0      
       memcpy_t2.asm.obj            156     0         0      
       ull_div_t2.asm.obj           150     0         0      
       memset_t2.asm.obj            122     0         0      
       copy_decompress_lzss.c.obj   104     0         0      
       s_frexp.c.obj                100     0         0      
       sprintf.c.obj                98      0         0      
       ltoa.c.obj                   84      0         0      
       fs_toull_t2.asm.obj          80      0         0      
       atoi.c.obj                   76      0         0      
       fd_toi_t2.asm.obj            72      0         0      
       autoinit.c.obj               68      0         0      
       u_divt2.asm.obj              64      0         0      
       boot_cortex_m.c.obj          52      0         0      
       i_tofd_t2.asm.obj            46      0         0      
       strncmp.c.obj                44      0         0      
       memccpy.c.obj                28      0         0      
       s_copysign.c.obj             26      0         0      
       strcmp.c.obj                 24      0         0      
       strchr.c.obj                 22      0         0      
       strcpy.c.obj                 20      0         0      
       strlen.c.obj                 20      0         0      
       wcslen.c.obj                 18      0         0      
       copy_decompress_none.c.obj   14      0         0      
       copy_zero_init.c.obj         12      0         0      
       errno.c.obj                  8       0         4      
       exit.c.obj                   4       0         0      
       pre_init.c.obj               4       0         0      
       div0.asm.obj                 2       0         0      
    +--+----------------------------+-------+---------+---------+
       Total:                       7909    257       4      
                                                             
       Stack:                       0       0         512    
       Linker Generated:            0       361       0      
    +--+----------------------------+-------+---------+---------+
       Grand Total:                 83043   4303      26471  


LINKER GENERATED COPY TABLES

__TI_cinit_table @ 00015550 records: 3, size/record: 8, table size: 24
	.data: load addr=000153f8, load size=00000135 bytes, run addr=200062d8, run size=00000298 bytes, compression=lzss
	.bss: load addr=00015540, load size=00000008 bytes, run addr=2000026c, run size=00006069 bytes, compression=zero_init
	.vtable: load addr=00015548, load size=00000008 bytes, run addr=20000000, run size=0000026c bytes, compression=zero_init


LINKER GENERATED HANDLER TABLE

__TI_handler_table @ 00015530 records: 3, size/record: 4, table size: 12
	index: 0, handler: __TI_zero_init
	index: 1, handler: __TI_decompress_lzss
	index: 2, handler: __TI_decompress_none


GLOBAL SYMBOLS: SORTED ALPHABETICALLY BY Name 

address   name                                 
-------   ----                                 
0000ea01  ADCBusy                              
0000ea49  ADCClockConfigGet                    
0000ea1f  ADCClockConfigSet                    
0000e81b  ADCComparatorConfigure               
0000e8f5  ADCComparatorIntClear                
0000e8a1  ADCComparatorIntDisable              
0000e8bf  ADCComparatorIntEnable               
0000e8e1  ADCComparatorIntStatus               
0000e837  ADCComparatorRegionSet               
0000e85b  ADCComparatorReset                   
0000e7e9  ADCHardwareOversampleConfigure       
0000e38b  ADCIntClear                          
0000e969  ADCIntClearEx                        
0000e2f1  ADCIntDisable                        
0000e907  ADCIntDisableEx                      
0000e30d  ADCIntEnable                         
0000e91f  ADCIntEnableEx                       
0000e2ab  ADCIntRegister                       
0000e333  ADCIntStatus                         
0000e937  ADCIntStatusEx                       
0000e2d3  ADCIntUnregister                     
0000e9bb  ADCPhaseDelayGet                     
0000e9a9  ADCPhaseDelaySet                     
0000e5fd  ADCProcessorTrigger                  
0000e997  ADCReferenceGet                      
0000e97b  ADCReferenceSet                      
0000d7a9  ADCSequence0Handler                  
0000d811  ADCSequence1Handler                  
0000e3d5  ADCSequenceConfigure                 
0000e9e5  ADCSequenceDMADisable                
0000e9c9  ADCSequenceDMAEnable                 
0000e5bb  ADCSequenceDataGet                   
0000e3bb  ADCSequenceDisable                   
0000e3a1  ADCSequenceEnable                    
0000e55f  ADCSequenceOverflow                  
0000e577  ADCSequenceOverflowClear             
0000e471  ADCSequenceStepConfigure             
0000e58d  ADCSequenceUnderflow                 
0000e5a5  ADCSequenceUnderflowClear            
0000e621  ADCSoftwareOversampleConfigure       
0000e755  ADCSoftwareOversampleDataGet         
0000e673  ADCSoftwareOversampleStepConfigure   
0001349f  ButtonsInit                          
000133f9  ButtonsPoll                          
000146e7  C$$EXIT                              
0001388f  CPUUsageInit                         
00013851  CPUUsageTick                         
0001450b  CPUbasepriGet                        
000144fd  CPUbasepriSet                        
000144d7  CPUcpsid                             
000144ed  CPUcpsie                             
000144e3  CPUprimask                           
000144f9  CPUwfi                               
00013c85  CmdLineProcess                       
0000026d  ConfigDescAlloc                      
00000303  ConfigDescFree                       
0000ba3d  GPIOADCTriggerDisable                
0000ba1f  GPIOADCTriggerEnable                 
0000ba01  GPIODMATriggerDisable                
0000b9e3  GPIODMATriggerEnable                 
0000af8b  GPIODirModeGet                       
0000af2f  GPIODirModeSet                       
0000d87d  GPIOFIntHandler                      
0000b4f3  GPIOIntClear                         
0000b4b7  GPIOIntDisable                       
0000b49d  GPIOIntEnable                        
0000b507  GPIOIntRegister                      
0000b53f  GPIOIntRegisterPin                   
0000b4d1  GPIOIntStatus                        
0000b07b  GPIOIntTypeGet                       
0000afd7  GPIOIntTypeSet                       
0000b525  GPIOIntUnregister                    
0000b56d  GPIOIntUnregisterPin                 
0000b34b  GPIOPadConfigGet                     
0000b111  GPIOPadConfigSet                     
0000b985  GPIOPinConfigure                     
0000b591  GPIOPinRead                          
0000b5c9  GPIOPinTypeADC                       
0000b5ed  GPIOPinTypeCAN                       
0000b611  GPIOPinTypeComparator                
0000b635  GPIOPinTypeComparatorOutput          
0000b659  GPIOPinTypeDIVSCLK                   
0000b67d  GPIOPinTypeEPI                       
0000b6a1  GPIOPinTypeEthernetLED               
0000b6c5  GPIOPinTypeEthernetMII               
0000b6e9  GPIOPinTypeGPIOInput                 
0000b70d  GPIOPinTypeGPIOOutput                
0000b731  GPIOPinTypeGPIOOutputOD              
0000b755  GPIOPinTypeHibernateRTCCLK           
0000b779  GPIOPinTypeI2C                       
0000b79d  GPIOPinTypeI2CSCL                    
0000b7c1  GPIOPinTypeLCD                       
0000b7e5  GPIOPinTypeOneWire                   
0000b809  GPIOPinTypePWM                       
0000b82d  GPIOPinTypeQEI                       
0000b851  GPIOPinTypeSSI                       
0000b875  GPIOPinTypeTimer                     
0000b899  GPIOPinTypeTrace                     
0000b8bd  GPIOPinTypeUART                      
0000b8e1  GPIOPinTypeUSBAnalog                 
0000b905  GPIOPinTypeUSBDigital                
0000b929  GPIOPinTypeWakeHigh                  
0000b94f  GPIOPinTypeWakeLow                   
0000b975  GPIOPinWakeStatus                    
0000b5a9  GPIOPinWrite                         
000145a5  GetOverflowCounts                    
00011235  IntDisable                           
000111c3  IntEnable                            
000112a7  IntIsEnabled                         
00011087  IntMasterDisable                     
00011077  IntMasterEnable                      
0001139d  IntPendClear                         
0001132d  IntPendSet                           
0001119f  IntPriorityGet                       
00011117  IntPriorityGroupingGet               
000110fd  IntPriorityGroupingSet               
000113f7  IntPriorityMaskGet                   
000113eb  IntPriorityMaskSet                   
0001114f  IntPrioritySet                       
00011097  IntRegister                          
000113ff  IntTrigger                           
000110e9  IntUnregister                        
000023dd  InternalUSBHCDSendEvent              
00013987  InternalUSBRegisterTickHandler       
000139d7  InternalUSBStartOfFrameTick          
00013941  InternalUSBTickInit                  
0001397f  InternalUSBTickReset                 
000101af  OTGDeviceDisconnect                  
00009621  ProcessDataFromHost                  
00009731  ProcessDataToHost                    
000096cf  ProcessNotificationToHost            
00010c49  RGBBlinkIntHandler                   
00010f5d  RGBBlinkRateSet                      
00010fe9  RGBColorGet                          
00010e9f  RGBColorSet                          
00010e29  RGBDisable                           
00010d71  RGBEnable                            
00010c77  RGBInit                              
00010f49  RGBIntensitySet                      
00010e87  RGBSet                               
000146bd  ResetISR                             
00008475  SysCtlAltClkConfig                   
00007b9d  SysCtlClockFreqSet                   
00008065  SysCtlClockGet                       
00008459  SysCtlClockOutConfig                 
00007e95  SysCtlClockSet                       
00007aa1  SysCtlDeepSleep                      
00008229  SysCtlDeepSleepClockConfigSet        
0000820b  SysCtlDeepSleepClockSet              
00007a81  SysCtlDeepSleepPowerSet              
000146dd  SysCtlDelay                          
0000762f  SysCtlFlashSectorSizeGet             
00007603  SysCtlFlashSizeGet                   
000082ff  SysCtlGPIOAHBDisable                 
000082e3  SysCtlGPIOAHBEnable                  
00007a15  SysCtlIntClear                       
000079fd  SysCtlIntDisable                     
000079e9  SysCtlIntEnable                      
000079c1  SysCtlIntRegister                    
00007a25  SysCtlIntStatus                      
000079d9  SysCtlIntUnregister                  
00007a67  SysCtlLDODeepSleepGet                
00007a57  SysCtlLDODeepSleepSet                
00007a51  SysCtlLDOSleepGet                    
00007a41  SysCtlLDOSleepSet                    
00007ad7  SysCtlMOSCConfigSet                  
0000843d  SysCtlNMIClear                       
00008429  SysCtlNMIStatus                      
00007aed  SysCtlPIOSCCalibrate                 
000082cd  SysCtlPWMClockGet                    
000082b3  SysCtlPWMClockSet                    
0000796d  SysCtlPeripheralClockGating          
00007925  SysCtlPeripheralDeepSleepDisable     
000078d5  SysCtlPeripheralDeepSleepEnable      
00007811  SysCtlPeripheralDisable              
000077d5  SysCtlPeripheralEnable               
00007711  SysCtlPeripheralPowerOff             
000076d5  SysCtlPeripheralPowerOn              
00007655  SysCtlPeripheralPresent              
00007695  SysCtlPeripheralReady                
0000774d  SysCtlPeripheralReset                
00007899  SysCtlPeripheralSleepDisable         
00007855  SysCtlPeripheralSleepEnable          
00007a91  SysCtlReset                          
00007b4d  SysCtlResetBehaviorGet               
00007b3d  SysCtlResetBehaviorSet               
00007ac3  SysCtlResetCauseClear                
00007abd  SysCtlResetCauseGet                  
000075f9  SysCtlSRAMSizeGet                    
00007a99  SysCtlSleep                          
00007a6d  SysCtlSleepPowerSet                  
00008327  SysCtlUSBPLLDisable                  
0000831b  SysCtlUSBPLLEnable                   
0000836d  SysCtlVCOGet                         
00008355  SysCtlVoltageEventClear              
00008339  SysCtlVoltageEventConfig             
00008349  SysCtlVoltageEventStatus             
0000f719  TimerADCEventGet                     
0000f707  TimerADCEventSet                     
0000f43d  TimerClockSourceGet                  
0000f413  TimerClockSourceSet                  
0000f207  TimerConfigure                       
0000f327  TimerControlEvent                    
0000f283  TimerControlLevel                    
0000f351  TimerControlStall                    
0000f2b9  TimerControlTrigger                  
0000f387  TimerControlWaitOnTrigger            
0000f739  TimerDMAEventGet                     
0000f727  TimerDMAEventSet                     
0000f1e9  TimerDisable                         
0000f1cb  TimerEnable                          
0000f6e3  TimerIntClear                        
0000f6ad  TimerIntDisable                      
0000f695  TimerIntEnable                       
0000f64f  TimerIntRegister                     
0000f6c5  TimerIntStatus                       
0000f677  TimerIntUnregister                   
0000f507  TimerLoadGet                         
0000f53d  TimerLoadGet64                       
0000f4dd  TimerLoadSet                         
0000f523  TimerLoadSet64                       
0000f5e7  TimerMatchGet                        
0000f61d  TimerMatchGet64                      
0000f5bd  TimerMatchSet                        
0000f603  TimerMatchSet64                      
0000f477  TimerPrescaleGet                     
0000f4c1  TimerPrescaleMatchGet                
0000f493  TimerPrescaleMatchSet                
0000f44d  TimerPrescaleSet                     
0000f3fd  TimerRTCDisable                      
0000f3e7  TimerRTCEnable                       
0000f6f5  TimerSynchronize                     
0000f747  TimerUpdateMode                      
0000f56f  TimerValueGet                        
0000f58b  TimerValueGet64                      
0000fd6d  UART9BitAddrSend                     
0000fd47  UART9BitAddrSet                      
0000fd31  UART9BitDisable                      
0000fd1b  UART9BitEnable                       
0000fbbf  UARTBreakCtl                         
0000fbe9  UARTBusy                             
0000fb67  UARTCharGet                          
0000fb4b  UARTCharGetNonBlocking               
0000fba1  UARTCharPut                          
0000fb7d  UARTCharPutNonBlocking               
0000fb0f  UARTCharsAvail                       
0000fd0b  UARTClockSourceGet                   
0000fcf7  UARTClockSourceSet                   
0000f8df  UARTConfigGetExpClk                  
0000f869  UARTConfigSetExpClk                  
0000fcbd  UARTDMADisable                       
0000fca5  UARTDMAEnable                        
0000f94f  UARTDisable                          
0000f9d3  UARTDisableSIR                       
0000c41f  UARTEchoSet                          
0000f92b  UARTEnable                           
0000f9a5  UARTEnableSIR                        
0000f98f  UARTFIFODisable                      
0000f979  UARTFIFOEnable                       
0000f841  UARTFIFOLevelGet                     
0000f829  UARTFIFOLevelSet                     
0000facf  UARTFlowControlGet                   
0000fab3  UARTFlowControlSet                   
0000c3eb  UARTFlushRx                          
0000c3f9  UARTFlushTx                          
0000fc93  UARTIntClear                         
0000fc5d  UARTIntDisable                       
0000fc45  UARTIntEnable                        
0000fc07  UARTIntRegister                      
0000fc75  UARTIntStatus                        
0000fc25  UARTIntUnregister                    
0000fdb5  UARTLoopbackEnable                   
0000fa69  UARTModemControlClear                
0000fa8d  UARTModemControlGet                  
0000fa31  UARTModemControlSet                  
0000fa9f  UARTModemStatusGet                   
0000f817  UARTParityModeGet                    
0000f7fb  UARTParityModeSet                    
0000c3d3  UARTRxBytesAvail                     
0000fce7  UARTRxErrorClear                     
0000fcd5  UARTRxErrorGet                       
0000fa1b  UARTSmartCardDisable                 
0000f9e9  UARTSmartCardEnable                  
0000fb2d  UARTSpaceAvail                       
0000babf  UARTStdioConfig                      
0000c447  UARTStdioIntHandler                  
0000c3df  UARTTxBytesFree                      
0000fafd  UARTTxIntModeGet                     
0000fae1  UARTTxIntModeSet                     
0000c08d  UARTgetc                             
0000bc75  UARTgets                             
0000c3af  UARTprintf                           
0000c0b5  UARTvprintf                          
0000bbc5  UARTwrite                            
00013b07  ULPIConfigSet                        
00013ba9  ULPIPowerTransceiver                 
000145c9  USB0DeviceIntHandler                 
0000fe89  USB0DualModeIntHandler               
000022e5  USB0HostIntHandler                   
000100c9  USB0OTGModeIntHandler                
00010afb  USBBufferCallbackDataSet             
00010ba9  USBBufferDataAvailable               
00010ae1  USBBufferDataRemoved                 
00010ac1  USBBufferDataWritten                 
00010bcd  USBBufferEventCallback               
00010b59  USBBufferFlush                       
00010a95  USBBufferInfoGet                     
00010a47  USBBufferInit                        
00010b6b  USBBufferRead                        
00010bbb  USBBufferSpaceAvailable              
00010b15  USBBufferWrite                       
00010a65  USBBufferZeroLengthPacketInsert      
00005e27  USBClockDisable                      
00005e0b  USBClockEnable                       
00011b89  USBControlHandler                    
00005df7  USBControllerVersion                 
00009da1  USBDCDCCompositeInit                 
00009ed3  USBDCDCInit                          
0000a065  USBDCDCPacketRead                    
00009fb3  USBDCDCPacketWrite                   
0000a21b  USBDCDCPowerStatusSet                
0000a22f  USBDCDCRemoteWakeupRequest           
0000a165  USBDCDCRxPacketAvailable             
0000a1c1  USBDCDCSerialStateChange             
00009f59  USBDCDCSetControlCBData              
00009f77  USBDCDCSetRxCBData                   
00009f95  USBDCDCSetTxCBData                   
00009f41  USBDCDCTerm                          
0000a13b  USBDCDCTxPacketAvailable             
00012305  USBDCDConfigDescGet                  
000122b7  USBDCDConfigDescGetNum               
0001227f  USBDCDConfigDescGetSize              
000123e7  USBDCDConfigGetInterface             
0001241d  USBDCDConfigGetInterfaceEndpoint     
00012393  USBDCDConfigGetNumAlternateInterfaces
000061ed  USBDCDDeviceInfoInit                 
00006625  USBDCDFeatureGet                     
00006569  USBDCDFeatureSet                     
0000623d  USBDCDInit                           
000064f9  USBDCDPowerStatusSet                 
0000665d  USBDCDRemoteWakeLPM                  
00006677  USBDCDRemoteWakeupRequest            
00006473  USBDCDRequestDataEP0                 
00006499  USBDCDSendDataEP0                    
000064bb  USBDCDSetDefaultConfiguration        
000064cd  USBDCDStallEP0                       
000063fb  USBDCDTerm                           
00005f5f  USBDMAChannelAddressGet              
00005f43  USBDMAChannelAddressSet              
00005ec9  USBDMAChannelConfigSet               
00005f93  USBDMAChannelCountGet                
00005f77  USBDMAChannelCountSet                
00005ea9  USBDMAChannelDisable                 
00005e89  USBDMAChannelEnable                  
00005e59  USBDMAChannelIntDisable              
00005e39  USBDMAChannelIntEnable               
00005e79  USBDMAChannelIntStatus               
00005ef9  USBDMAChannelStatus                  
00005f19  USBDMAChannelStatusClear             
00005fab  USBDMANumChannels                    
00012a21  USBDescGet                           
00012b45  USBDescGetInterface                  
00012b73  USBDescGetInterfaceEndpoint          
000129c5  USBDescGetNum                        
00012a8b  USBDescGetNumAlternateInterfaces     
00005265  USBDevAddrGet                        
00005251  USBDevAddrSet                        
00005225  USBDevConnect                        
0000523b  USBDevDisconnect                     
0000559b  USBDevEndpointConfigGet              
000054a9  USBDevEndpointConfigSet              
00005925  USBDevEndpointDataAck                
0000514f  USBDevEndpointStall                  
000051b1  USBDevEndpointStallClear             
00004fc9  USBDevEndpointStatusClear            
00006117  USBDevLPMConfig                      
00006145  USBDevLPMDisable                     
0000612d  USBDevLPMEnable                      
000060ff  USBDevLPMRemoteWake                  
00005d5f  USBDevMode                           
00004d8f  USBDevSpeedGet                       
00011883  USBDeviceConfig                      
00011a79  USBDeviceConfigAlternate             
000067ad  USBDeviceEnumHandler                 
000068fd  USBDeviceEnumResetHandler            
00007349  USBDeviceIntHandlerInternal          
000066b1  USBDeviceResumeTickHandler           
0000fed5  USBDualModeInit                      
0000ff45  USBDualModeTerm                      
00005d11  USBEndpointDMAChannel                
00005757  USBEndpointDMAConfigSet              
00005829  USBEndpointDMADisable                
000057ef  USBEndpointDMAEnable                 
00005863  USBEndpointDataAvail                 
0000589b  USBEndpointDataGet                   
00005995  USBEndpointDataPut                   
000059f9  USBEndpointDataSend                  
000050e9  USBEndpointDataToggleClear           
00005dc3  USBEndpointPacketCountSet            
00004f55  USBEndpointStatus                    
00005ce7  USBFIFOAddrGet                       
000056f1  USBFIFOConfigGet                     
0000568b  USBFIFOConfigSet                     
00005a51  USBFIFOFlush                         
00005cab  USBFrameNumberGet                    
00002915  USBHCDControlTransfer                
00002d65  USBHCDDevAddress                     
00002d99  USBHCDDevClass                       
00002d3d  USBHCDDevHubPort                     
00002e2d  USBHCDDevProtocol                    
00002de5  USBHCDDevSubClass                    
0000041b  USBHCDEventDisable                   
000003eb  USBHCDEventEnable                    
00002e8d  USBHCDFeatureSet                     
00002a71  USBHCDHubDeviceConnected             
00002b09  USBHCDHubDeviceDisconnected          
00001495  USBHCDInit                           
00002fd7  USBHCDLPMResume                      
00002f6f  USBHCDLPMSleep                       
00002f45  USBHCDLPMStatus                      
0000250d  USBHCDMain                           
00000873  USBHCDPipeAlloc                      
000005f1  USBHCDPipeAllocSize                  
000008c1  USBHCDPipeConfig                     
00000dcb  USBHCDPipeDataAck                    
00001011  USBHCDPipeFree                       
00000dfd  USBHCDPipeRead                       
00000d81  USBHCDPipeReadNonBlocking            
00000c55  USBHCDPipeSchedule                   
00000a3b  USBHCDPipeStatus                     
000005cb  USBHCDPipeTransferSizeGet            
00000a71  USBHCDPipeWrite                      
0000143f  USBHCDPowerAutomatic                 
000013ab  USBHCDPowerConfigGet                 
00001399  USBHCDPowerConfigInit                
000013cd  USBHCDPowerConfigSet                 
000015b1  USBHCDRegisterDrivers                
000016b5  USBHCDReset                          
00001711  USBHCDResume                         
000018f1  USBHCDSetAddress                     
00001a37  USBHCDSetConfig                      
00001a7f  USBHCDSetInterface                   
00001891  USBHCDStringDescriptorGet            
000016ff  USBHCDSuspend                        
000015e5  USBHCDTerm                           
0000e1bd  USBHHubClose                         
0000e161  USBHHubEnumerationComplete           
0000e183  USBHHubEnumerationError              
0000e1d1  USBHHubInit                          
0000e1ff  USBHHubLPMSleep                      
0000e20d  USBHHubLPMStatus                     
0000df35  USBHHubMain                          
0000e1a5  USBHHubOpen                          
00004cfd  USBHighSpeed                         
00005b61  USBHostAddrGet                       
00005b29  USBHostAddrSet                       
00001acb  USBHostCheckPipes                    
00005279  USBHostEndpointConfig                
00005963  USBHostEndpointDataAck               
0000504d  USBHostEndpointDataToggle            
00005123  USBHostEndpointPing                  
00005413  USBHostEndpointSpeed                 
00004f81  USBHostEndpointStatusClear           
00005bf3  USBHostHubAddrGet                    
00005b8f  USBHostHubAddrSet                    
00001b91  USBHostIntHandlerInternal            
000060c3  USBHostLPMConfig                     
000060e7  USBHostLPMResume                     
0000607b  USBHostLPMSend                       
00005d4d  USBHostMode                          
00005c21  USBHostPwrConfig                     
00005c93  USBHostPwrDisable                    
00005c7b  USBHostPwrEnable                     
00005c63  USBHostPwrFaultDisable               
00005c4b  USBHostPwrFaultEnable                
00005ac1  USBHostRequestIN                     
00005ae9  USBHostRequestINClear                
00005b17  USBHostRequestStatus                 
00004ccf  USBHostReset                         
00004d2b  USBHostResume                        
00004d59  USBHostSpeedGet                      
00004cb9  USBHostSuspend                       
00004da7  USBIntDisableControl                 
00004e6b  USBIntDisableEndpoint                
00004de5  USBIntEnableControl                  
00004e99  USBIntEnableEndpoint                 
00004f1d  USBIntRegister                       
00004e1f  USBIntStatusControl                  
00004ec7  USBIntStatusEndpoint                 
00004f3b  USBIntUnregister                     
00006171  USBLPMEndpointGet                    
000061d1  USBLPMIntDisable                     
000061b7  USBLPMIntEnable                      
000061a7  USBLPMIntStatus                      
0000615d  USBLPMLinkStateGet                   
0000618d  USBLPMRemoteWakeEnabled              
000091d5  USBLibDMAAddrGet                     
00009205  USBLibDMAInit                        
000091ed  USBLibDMASizeGet                     
00005d83  USBModeConfig                        
00005cfd  USBModeGet                           
00005de3  USBNumEndpointsGet                   
0001026b  USBOTGFeatureSet                     
000101d5  USBOTGMain                           
00005d71  USBOTGMode                           
0000ffb3  USBOTGModeInit                       
0000ff79  USBOTGModeTerm                       
000100a3  USBOTGPollRate                       
00005cb9  USBOTGSessionRequest                 
00005d97  USBPHYPowerOff                       
00005dad  USBPHYPowerOn                        
000120a3  USBRingBufAdvanceRead                
000120d1  USBRingBufAdvanceWrite               
00011ffd  USBRingBufContigFree                 
00011fcf  USBRingBufContigUsed                 
00011f3d  USBRingBufEmpty                      
00011f67  USBRingBufFlush                      
00011fb9  USBRingBufFree                       
00011f03  USBRingBufFull                       
00012189  USBRingBufInit                       
0001206d  USBRingBufRead                       
00012047  USBRingBufReadOne                    
00012039  USBRingBufSize                       
00011f87  USBRingBufUsed                       
00012153  USBRingBufWrite                      
0001212d  USBRingBufWriteOne                   
00011c7f  USBRxHandler                         
00011d6d  USBSerialGetChar                     
00011cdd  USBSerialInit                        
00011d81  USBSerialPutChar                     
00011dc9  USBSerialRead                        
00011e19  USBSerialWrite                       
0000fe4d  USBStackModeSet                      
00011c13  USBTxHandler                         
00005fbd  USBULPIConfig                        
00005feb  USBULPIDisable                       
00005fd3  USBULPIEnable                        
00006003  USBULPIRegRead                       
0000603b  USBULPIRegWrite                      
20006770  __STACK_END                          
00000200  __STACK_SIZE                         
20006770  __STACK_TOP                          
00015550  __TI_CINIT_Base                      
00015568  __TI_CINIT_Limit                     
00015530  __TI_Handler_Table_Base              
0001553c  __TI_Handler_Table_Limit             
000143d5  __TI_auto_init_nobinit_nopinit       
00014129  __TI_decompress_lzss                 
000146a3  __TI_decompress_none                 
ffffffff  __TI_pprof_out_hndl                  
0000c551  __TI_printfi                         
ffffffff  __TI_prof_data_size                  
ffffffff  __TI_prof_data_start                 
00000000  __TI_static_base__                   
000146b1  __TI_zero_init                       
00013e63  __aeabi_cdcmpeq                      
00013e63  __aeabi_cdcmple                      
00013ee9  __aeabi_cdrcmple                     
0001438d  __aeabi_d2iz                         
00012d73  __aeabi_dadd                         
00013199  __aeabi_ddiv                         
00013755  __aeabi_dmul                         
00012d69  __aeabi_dsub                         
000146d5  __aeabi_errno_addr                   
000142f1  __aeabi_f2ulz                        
00014549  __aeabi_i2d                          
000061eb  __aeabi_idiv0                        
000061eb  __aeabi_ldiv0                        
00013f6f  __aeabi_memclr                       
00013f6f  __aeabi_memclr4                      
00013f6f  __aeabi_memclr8                      
00013d31  __aeabi_memcpy                       
00013d31  __aeabi_memcpy4                      
00013d31  __aeabi_memcpy8                      
00013f71  __aeabi_memset                       
00013f71  __aeabi_memset4                      
00013f71  __aeabi_memset8                      
00014419  __aeabi_uidiv                        
00014419  __aeabi_uidivmod                     
00013dcd  __aeabi_uldivmod                     
ffffffff  __binit__                            
ffffffff  __c_args__                           
UNDEFED   __mpu_init                           
20006570  __stack                              
00014515  _c_int00_noargs                      
00014bcc  _ctypes_                             
UNDEFED   _system_post_cinit                   
000146e3  _system_pre_init                     
000146e7  abort                                
00014341  atoi                                 
ffffffff  binit                                
000116cd  check_and_extract_command_param      
200062a8  cola_freertos                        
200062ac  cola_hora                            
200062b0  cola_temperatura                     
00014609  copysign                             
00014609  copysignl                            
00014059  create_checksum                      
0001163b  create_frame                         
000116bf  decode_command_type                  
000115e7  destuff_and_check_checksum           
000033a9  eTaskGetState                        
2000656c  errno                                
00014191  frexp                                
00014191  frexpl                               
20006514  g_bUSBTimerInitialized               
200062d4  g_eOTGModeState                      
20006540  g_iUSBMode                           
000153dc  g_pCDCCompSerConfigDescriptors       
000153e0  g_pCDCCompSerConfigDescriptorsHS     
20000000  g_pfnRAMVectors                      
20006178  g_pfnTickHandlers                    
00000000  g_pfnVectors                         
000153e4  g_ppCDCSerConfigDescriptors          
000153e8  g_ppCDCSerConfigDescriptorsHS        
200062b4  g_ppsDevInfo                         
000152a4  g_ppui8StringDescriptors             
200064b4  g_psCDCCompSerSections               
200064c4  g_psCDCCompSerSectionsHS             
200064e4  g_psCDCSerSections                   
200064f0  g_psCDCSerSectionsHS                 
200062d8  g_psCmdTable                         
20006024  g_psDCDInst                          
0001523c  g_pui8CDCSerCommInterface            
000152bc  g_pui8CDCSerDataInterface            
000152d3  g_pui8CDCSerDataInterfaceHS          
20006529  g_pui8CDCSerDescriptor               
200064a0  g_pui8CDCSerDeviceDescriptor         
00015120  g_pui8ConfigString                   
000151ec  g_pui8ControlInterfaceString         
20006549  g_pui8IADSerDescriptor               
000153d8  g_pui8LangDescriptor                 
00015218  g_pui8ManufacturerString             
0001525f  g_pui8ProductString                  
0001533c  g_pui8SerialNumberString             
20005d88  g_pui8USBRxBuffer                    
20005e88  g_pui8USBTxBuffer                    
20006190  g_pvTickInstance                     
00015390  g_sCDCCompSerConfigHeader            
00015398  g_sCDCCompSerConfigHeaderHS          
20006338  g_sCDCDevice                         
0001518c  g_sCDCHandlers                       
000153a0  g_sCDCSerCommInterfaceSection        
000153a8  g_sCDCSerConfigHeader                
000153b0  g_sCDCSerConfigHeaderHS              
000153b8  g_sCDCSerConfigSection               
000153c0  g_sCDCSerDataInterfaceSection        
000153c8  g_sCDCSerDataInterfaceSectionHS      
000153d0  g_sIADSerConfigSection               
200063d4  g_sRxBuffer                          
2000640c  g_sTxBuffer                          
200062b8  g_ui32CPUUsage                       
20006518  g_ui32CurrentUSBTick                 
200062bc  g_ui32PollRate                       
200062c0  g_ui32SystemClock                    
2000651c  g_ui32USBSOFCount                    
20006544  g_ui32WaitTicks                      
20006538  g_ulUARTRxCount                      
20006534  g_ulUARTTxCount                      
000116f9  get_command_param_pointer            
20006524  higherPriorityTaskWoken              
000104b5  initCommandLine                      
00013645  ldexp                                
00013645  ldexpl                               
0001424b  ltoa                                 
0000d531  main                                 
000145ed  memccpy                              
00013d31  memcpy                               
00013f77  memset                               
20006520  miSemaforo                           
200062c4  mutexUSB                             
0000ade7  pcQueueGetName                       
000039a9  pcTaskGetName                        
0000ec11  pcTimerGetName                       
0001248d  pvPortMalloc                         
00004735  pvTaskIncrementMutexHeldCount        
0000f07b  pvTimerGetTimerID                    
20006398  pxCurrentTCB                         
0001305d  pxPortInitialiseStack                
00011727  receive_frame                        
00013645  scalbn                               
00013645  scalbnl                              
200062c8  semaforoTraza                        
0001178d  send_frame                           
00014459  sprintf                              
00014653  strchr                               
0001463b  strcmp                               
00014669  strcpy                               
0001467d  strlen                               
00014577  strncmp                              
0000ab37  ucQueueGetQueueType                  
200062cc  ui32Period                           
000153ec  ulMaxSyscallInterruptPriority        
00013a3d  ulPortGetIPSR                        
0000474d  ulTaskNotifyTake                     
000133b1  uxListRemove                         
0000ab17  uxQueueGetQueueNumber                
0000aab5  uxQueueMessagesWaiting               
0000aaeb  uxQueueMessagesWaitingFromISR        
0000aacb  uxQueueSpacesAvailable               
0000399d  uxTaskGetNumberOfTasks               
000041a5  uxTaskGetStackHighWaterMark          
000039c9  uxTaskGetSystemState                 
00003f0f  uxTaskGetTaskNumber                  
00003459  uxTaskPriorityGet                    
00003485  uxTaskPriorityGetFromISR             
00004713  uxTaskResetEventItemValue            
0000f11b  uxTimerGetTimerNumber                
0000cfcb  vApplicationIdleHook                 
0000cfd3  vApplicationMallocFailedHook         
0000cfa1  vApplicationStackOverflowHook        
0000cfab  vApplicationTickHook                 
000140c1  vConfigureTimerForRunTimeStats       
000132cf  vListInitialise                      
000132ff  vListInitialiseItem                  
0001334b  vListInsert                          
0001330f  vListInsertEnd                       
00013af9  vPortEnableVFP                       
000130fd  vPortEndScheduler                    
000130ff  vPortEnterCritical                   
0001311f  vPortExitCritical                    
00012597  vPortFree                            
000125f5  vPortInitialiseBlocks                
00013ab5  vPortSVCHandler                      
0001315b  vPortSetupTimerInterrupt             
00013ad5  vPortStartFirstTask                  
0000ada5  vQueueAddToRegistry                  
0000ab01  vQueueDelete                         
0000ab25  vQueueSetQueueNumber                 
0000ae27  vQueueUnregisterQueue                
0000ae6b  vQueueWaitForMessageRestricted       
00003369  vTaskDelay                           
000032d9  vTaskDelayUntil                      
0000322b  vTaskDelete                          
00003861  vTaskEndScheduler                    
00004011  vTaskGetInfo                         
0000463b  vTaskGetRunTimeStats                 
00003e5f  vTaskInternalSetTimeOutState         
00004529  vTaskList                            
00003f07  vTaskMissedYield                     
00004a8d  vTaskNotifyGiveFromISR               
00003cd5  vTaskPlaceOnEventList                
00003d29  vTaskPlaceOnEventListRestricted      
00003cf9  vTaskPlaceOnUnorderedEventList       
00004405  vTaskPriorityDisinheritAfterTimeout  
000034cd  vTaskPrioritySet                     
00003dd5  vTaskRemoveFromUnorderedEventList    
000036f9  vTaskResume                          
00003f35  vTaskSetTaskNumber                   
00003e41  vTaskSetTimeOutState                 
00003801  vTaskStartScheduler                  
000035e5  vTaskSuspend                         
0000387d  vTaskSuspendAll                      
00003bf5  vTaskSwitchContext                   
0000cfd5  vTimerCallback                       
0000ebc5  vTimerSetReloadMode                  
0000f095  vTimerSetTimerID                     
0000f129  vTimerSetTimerNumber                 
00014691  wcslen                               
000125e9  xPortGetFreeHeapSize                 
000125ef  xPortGetMinimumEverFreeHeapSize      
00013a55  xPortPendSVHandler                   
000130c7  xPortStartScheduler                  
00013135  xPortSysTickHandler                  
0000a3a3  xQueueCreateMutex                    
0000a2e5  xQueueGenericCreate                  
0000a245  xQueueGenericReset                   
0000a3cf  xQueueGenericSend                    
0000a4fd  xQueueGenericSendFromISR             
0000a599  xQueueGiveFromISR                    
0000ad39  xQueueIsQueueEmptyFromISR            
0000ad7f  xQueueIsQueueFullFromISR             
0000a8a3  xQueuePeek                           
0000aa63  xQueuePeekFromISR                    
0000a62d  xQueueReceive                        
0000a9c9  xQueueReceiveFromISR                 
20006074  xQueueRegistry                       
0000a747  xQueueSemaphoreTake                  
00003e89  xTaskCheckForTimeOut                 
0000301d  xTaskCreate                          
0000487d  xTaskGenericNotify                   
00004985  xTaskGenericNotifyFromISR            
00004221  xTaskGetCurrentTaskHandle            
0000424d  xTaskGetSchedulerState               
00003979  xTaskGetTickCount                    
00003989  xTaskGetTickCountFromISR             
00003abd  xTaskIncrementTick                   
00004b39  xTaskNotifyStateClear                
000047c9  xTaskNotifyWait                      
00004361  xTaskPriorityDisinherit              
0000427d  xTaskPriorityInherit                 
00003d5d  xTaskRemoveFromEventList             
00003891  xTaskResumeAll                       
00003773  xTaskResumeFromISR                   
200062d0  xTimer                               
0000eab9  xTimerCreate                         
0000ea8d  xTimerCreateTimerTask                
0000eb41  xTimerGenericCommand                 
0000ebfb  xTimerGetExpiryTime                  
0000ebb3  xTimerGetPeriod                      
0000ebad  xTimerGetTimerDaemonTaskHandle       
0000f053  xTimerIsTimerActive                  
0000f0e5  xTimerPendFunctionCall               
0000f0af  xTimerPendFunctionCallFromISR        


GLOBAL SYMBOLS: SORTED BY Symbol Address 

address   name                                 
-------   ----                                 
00000000  __TI_static_base__                   
00000000  g_pfnVectors                         
00000200  __STACK_SIZE                         
0000026d  ConfigDescAlloc                      
00000303  ConfigDescFree                       
000003eb  USBHCDEventEnable                    
0000041b  USBHCDEventDisable                   
000005cb  USBHCDPipeTransferSizeGet            
000005f1  USBHCDPipeAllocSize                  
00000873  USBHCDPipeAlloc                      
000008c1  USBHCDPipeConfig                     
00000a3b  USBHCDPipeStatus                     
00000a71  USBHCDPipeWrite                      
00000c55  USBHCDPipeSchedule                   
00000d81  USBHCDPipeReadNonBlocking            
00000dcb  USBHCDPipeDataAck                    
00000dfd  USBHCDPipeRead                       
00001011  USBHCDPipeFree                       
00001399  USBHCDPowerConfigInit                
000013ab  USBHCDPowerConfigGet                 
000013cd  USBHCDPowerConfigSet                 
0000143f  USBHCDPowerAutomatic                 
00001495  USBHCDInit                           
000015b1  USBHCDRegisterDrivers                
000015e5  USBHCDTerm                           
000016b5  USBHCDReset                          
000016ff  USBHCDSuspend                        
00001711  USBHCDResume                         
00001891  USBHCDStringDescriptorGet            
000018f1  USBHCDSetAddress                     
00001a37  USBHCDSetConfig                      
00001a7f  USBHCDSetInterface                   
00001acb  USBHostCheckPipes                    
00001b91  USBHostIntHandlerInternal            
000022e5  USB0HostIntHandler                   
000023dd  InternalUSBHCDSendEvent              
0000250d  USBHCDMain                           
00002915  USBHCDControlTransfer                
00002a71  USBHCDHubDeviceConnected             
00002b09  USBHCDHubDeviceDisconnected          
00002d3d  USBHCDDevHubPort                     
00002d65  USBHCDDevAddress                     
00002d99  USBHCDDevClass                       
00002de5  USBHCDDevSubClass                    
00002e2d  USBHCDDevProtocol                    
00002e8d  USBHCDFeatureSet                     
00002f45  USBHCDLPMStatus                      
00002f6f  USBHCDLPMSleep                       
00002fd7  USBHCDLPMResume                      
0000301d  xTaskCreate                          
0000322b  vTaskDelete                          
000032d9  vTaskDelayUntil                      
00003369  vTaskDelay                           
000033a9  eTaskGetState                        
00003459  uxTaskPriorityGet                    
00003485  uxTaskPriorityGetFromISR             
000034cd  vTaskPrioritySet                     
000035e5  vTaskSuspend                         
000036f9  vTaskResume                          
00003773  xTaskResumeFromISR                   
00003801  vTaskStartScheduler                  
00003861  vTaskEndScheduler                    
0000387d  vTaskSuspendAll                      
00003891  xTaskResumeAll                       
00003979  xTaskGetTickCount                    
00003989  xTaskGetTickCountFromISR             
0000399d  uxTaskGetNumberOfTasks               
000039a9  pcTaskGetName                        
000039c9  uxTaskGetSystemState                 
00003abd  xTaskIncrementTick                   
00003bf5  vTaskSwitchContext                   
00003cd5  vTaskPlaceOnEventList                
00003cf9  vTaskPlaceOnUnorderedEventList       
00003d29  vTaskPlaceOnEventListRestricted      
00003d5d  xTaskRemoveFromEventList             
00003dd5  vTaskRemoveFromUnorderedEventList    
00003e41  vTaskSetTimeOutState                 
00003e5f  vTaskInternalSetTimeOutState         
00003e89  xTaskCheckForTimeOut                 
00003f07  vTaskMissedYield                     
00003f0f  uxTaskGetTaskNumber                  
00003f35  vTaskSetTaskNumber                   
00004011  vTaskGetInfo                         
000041a5  uxTaskGetStackHighWaterMark          
00004221  xTaskGetCurrentTaskHandle            
0000424d  xTaskGetSchedulerState               
0000427d  xTaskPriorityInherit                 
00004361  xTaskPriorityDisinherit              
00004405  vTaskPriorityDisinheritAfterTimeout  
00004529  vTaskList                            
0000463b  vTaskGetRunTimeStats                 
00004713  uxTaskResetEventItemValue            
00004735  pvTaskIncrementMutexHeldCount        
0000474d  ulTaskNotifyTake                     
000047c9  xTaskNotifyWait                      
0000487d  xTaskGenericNotify                   
00004985  xTaskGenericNotifyFromISR            
00004a8d  vTaskNotifyGiveFromISR               
00004b39  xTaskNotifyStateClear                
00004cb9  USBHostSuspend                       
00004ccf  USBHostReset                         
00004cfd  USBHighSpeed                         
00004d2b  USBHostResume                        
00004d59  USBHostSpeedGet                      
00004d8f  USBDevSpeedGet                       
00004da7  USBIntDisableControl                 
00004de5  USBIntEnableControl                  
00004e1f  USBIntStatusControl                  
00004e6b  USBIntDisableEndpoint                
00004e99  USBIntEnableEndpoint                 
00004ec7  USBIntStatusEndpoint                 
00004f1d  USBIntRegister                       
00004f3b  USBIntUnregister                     
00004f55  USBEndpointStatus                    
00004f81  USBHostEndpointStatusClear           
00004fc9  USBDevEndpointStatusClear            
0000504d  USBHostEndpointDataToggle            
000050e9  USBEndpointDataToggleClear           
00005123  USBHostEndpointPing                  
0000514f  USBDevEndpointStall                  
000051b1  USBDevEndpointStallClear             
00005225  USBDevConnect                        
0000523b  USBDevDisconnect                     
00005251  USBDevAddrSet                        
00005265  USBDevAddrGet                        
00005279  USBHostEndpointConfig                
00005413  USBHostEndpointSpeed                 
000054a9  USBDevEndpointConfigSet              
0000559b  USBDevEndpointConfigGet              
0000568b  USBFIFOConfigSet                     
000056f1  USBFIFOConfigGet                     
00005757  USBEndpointDMAConfigSet              
000057ef  USBEndpointDMAEnable                 
00005829  USBEndpointDMADisable                
00005863  USBEndpointDataAvail                 
0000589b  USBEndpointDataGet                   
00005925  USBDevEndpointDataAck                
00005963  USBHostEndpointDataAck               
00005995  USBEndpointDataPut                   
000059f9  USBEndpointDataSend                  
00005a51  USBFIFOFlush                         
00005ac1  USBHostRequestIN                     
00005ae9  USBHostRequestINClear                
00005b17  USBHostRequestStatus                 
00005b29  USBHostAddrSet                       
00005b61  USBHostAddrGet                       
00005b8f  USBHostHubAddrSet                    
00005bf3  USBHostHubAddrGet                    
00005c21  USBHostPwrConfig                     
00005c4b  USBHostPwrFaultEnable                
00005c63  USBHostPwrFaultDisable               
00005c7b  USBHostPwrEnable                     
00005c93  USBHostPwrDisable                    
00005cab  USBFrameNumberGet                    
00005cb9  USBOTGSessionRequest                 
00005ce7  USBFIFOAddrGet                       
00005cfd  USBModeGet                           
00005d11  USBEndpointDMAChannel                
00005d4d  USBHostMode                          
00005d5f  USBDevMode                           
00005d71  USBOTGMode                           
00005d83  USBModeConfig                        
00005d97  USBPHYPowerOff                       
00005dad  USBPHYPowerOn                        
00005dc3  USBEndpointPacketCountSet            
00005de3  USBNumEndpointsGet                   
00005df7  USBControllerVersion                 
00005e0b  USBClockEnable                       
00005e27  USBClockDisable                      
00005e39  USBDMAChannelIntEnable               
00005e59  USBDMAChannelIntDisable              
00005e79  USBDMAChannelIntStatus               
00005e89  USBDMAChannelEnable                  
00005ea9  USBDMAChannelDisable                 
00005ec9  USBDMAChannelConfigSet               
00005ef9  USBDMAChannelStatus                  
00005f19  USBDMAChannelStatusClear             
00005f43  USBDMAChannelAddressSet              
00005f5f  USBDMAChannelAddressGet              
00005f77  USBDMAChannelCountSet                
00005f93  USBDMAChannelCountGet                
00005fab  USBDMANumChannels                    
00005fbd  USBULPIConfig                        
00005fd3  USBULPIEnable                        
00005feb  USBULPIDisable                       
00006003  USBULPIRegRead                       
0000603b  USBULPIRegWrite                      
0000607b  USBHostLPMSend                       
000060c3  USBHostLPMConfig                     
000060e7  USBHostLPMResume                     
000060ff  USBDevLPMRemoteWake                  
00006117  USBDevLPMConfig                      
0000612d  USBDevLPMEnable                      
00006145  USBDevLPMDisable                     
0000615d  USBLPMLinkStateGet                   
00006171  USBLPMEndpointGet                    
0000618d  USBLPMRemoteWakeEnabled              
000061a7  USBLPMIntStatus                      
000061b7  USBLPMIntEnable                      
000061d1  USBLPMIntDisable                     
000061eb  __aeabi_idiv0                        
000061eb  __aeabi_ldiv0                        
000061ed  USBDCDDeviceInfoInit                 
0000623d  USBDCDInit                           
000063fb  USBDCDTerm                           
00006473  USBDCDRequestDataEP0                 
00006499  USBDCDSendDataEP0                    
000064bb  USBDCDSetDefaultConfiguration        
000064cd  USBDCDStallEP0                       
000064f9  USBDCDPowerStatusSet                 
00006569  USBDCDFeatureSet                     
00006625  USBDCDFeatureGet                     
0000665d  USBDCDRemoteWakeLPM                  
00006677  USBDCDRemoteWakeupRequest            
000066b1  USBDeviceResumeTickHandler           
000067ad  USBDeviceEnumHandler                 
000068fd  USBDeviceEnumResetHandler            
[...]
0000e183  USBHHubEnumerationError              
0000e1a5  USBHHubOpen                          
0000e1bd  USBHHubClose                         
0000e1d1  USBHHubInit                          
0000e1ff  USBHHubLPMSleep                      
0000e20d  USBHHubLPMStatus                     
0000e2ab  ADCIntRegister                       
0000e2d3  ADCIntUnregister                     
0000e2f1  ADCIntDisable                        
0000e30d  ADCIntEnable                         
0000e333  ADCIntStatus                         
0000e38b  ADCIntClear                          
0000e3a1  ADCSequenceEnable                    
0000e3bb  ADCSequenceDisable                   
0000e3d5  ADCSequenceConfigure                 
0000e471  ADCSequenceStepConfigure             
0000e55f  ADCSequenceOverflow                  
0000e577  ADCSequenceOverflowClear             
0000e58d  ADCSequenceUnderflow                 
0000e5a5  ADCSequenceUnderflowClear            
0000e5bb  ADCSequenceDataGet                   
0000e5fd  ADCProcessorTrigger                  
0000e621  ADCSoftwareOversampleConfigure       
0000e673  ADCSoftwareOversampleStepConfigure   
0000e755  ADCSoftwareOversampleDataGet         
0000e7e9  ADCHardwareOversampleConfigure       
0000e81b  ADCComparatorConfigure               
0000e837  ADCComparatorRegionSet               
0000e85b  ADCComparatorReset                   
0000e8a1  ADCComparatorIntDisable              
0000e8bf  ADCComparatorIntEnable               
0000e8e1  ADCComparatorIntStatus               
0000e8f5  ADCComparatorIntClear                
0000e907  ADCIntDisableEx                      
0000e91f  ADCIntEnableEx                       
0000e937  ADCIntStatusEx                       
0000e969  ADCIntClearEx                        
0000e97b  ADCReferenceSet                      
0000e997  ADCReferenceGet                      
0000e9a9  ADCPhaseDelaySet                     
0000e9bb  ADCPhaseDelayGet                     
0000e9c9  ADCSequenceDMAEnable                 
0000e9e5  ADCSequenceDMADisable                
0000ea01  ADCBusy                              
0000ea1f  ADCClockConfigSet                    
0000ea49  ADCClockConfigGet                    
0000ea8d  xTimerCreateTimerTask                
0000eab9  xTimerCreate                         
0000eb41  xTimerGenericCommand                 
0000ebad  xTimerGetTimerDaemonTaskHandle       
0000ebb3  xTimerGetPeriod                      
0000ebc5  vTimerSetReloadMode                  
0000ebfb  xTimerGetExpiryTime                  
0000ec11  pcTimerGetName                       
0000f053  xTimerIsTimerActive                  
0000f07b  pvTimerGetTimerID                    
0000f095  vTimerSetTimerID                     
0000f0af  xTimerPendFunctionCallFromISR        
0000f0e5  xTimerPendFunctionCall               
0000f11b  uxTimerGetTimerNumber                
0000f129  vTimerSetTimerNumber                 
0000f1cb  TimerEnable                          
0000f1e9  TimerDisable                         
0000f207  TimerConfigure                       
0000f283  TimerControlLevel                    
0000f2b9  TimerControlTrigger                  
0000f327  TimerControlEvent                    
0000f351  TimerControlStall                    
0000f387  TimerControlWaitOnTrigger            
0000f3e7  TimerRTCEnable                       
0000f3fd  TimerRTCDisable                      
0000f413  TimerClockSourceSet                  
0000f43d  TimerClockSourceGet                  
0000f44d  TimerPrescaleSet                     
0000f477  TimerPrescaleGet                     
0000f493  TimerPrescaleMatchSet                
0000f4c1  TimerPrescaleMatchGet                
0000f4dd  TimerLoadSet                         
0000f507  TimerLoadGet                         
0000f523  TimerLoadSet64                       
0000f53d  TimerLoadGet64                       
0000f56f  TimerValueGet                        
0000f58b  TimerValueGet64                      
0000f5bd  TimerMatchSet                        
0000f5e7  TimerMatchGet                        
0000f603  TimerMatchSet64                      
0000f61d  TimerMatchGet64                      
0000f64f  TimerIntRegister                     
0000f677  TimerIntUnregister                   
0000f695  TimerIntEnable                       
0000f6ad  TimerIntDisable                      
0000f6c5  TimerIntStatus                       
0000f6e3  TimerIntClear                        
0000f6f5  TimerSynchronize                     
0000f707  TimerADCEventSet                     
0000f719  TimerADCEventGet                     
0000f727  TimerDMAEventSet                     
0000f739  TimerDMAEventGet                     
0000f747  TimerUpdateMode                      
0000f7fb  UARTParityModeSet                    
0000f817  UARTParityModeGet                    
0000f829  UARTFIFOLevelSet                     
0000f841  UARTFIFOLevelGet                     
0000f869  UARTConfigSetExpClk                  
0000f8df  UARTConfigGetExpClk                  
0000f92b  UARTEnable                           
0000f94f  UARTDisable                          
0000f979  UARTFIFOEnable                       
0000f98f  UARTFIFODisable                      
0000f9a5  UARTEnableSIR                        
0000f9d3  UARTDisableSIR                       
0000f9e9  UARTSmartCardEnable                  
0000fa1b  UARTSmartCardDisable                 
0000fa31  UARTModemControlSet                  
0000fa69  UARTModemControlClear                
0000fa8d  UARTModemControlGet                  
0000fa9f  UARTModemStatusGet                   
0000fab3  UARTFlowControlSet                   
0000facf  UARTFlowControlGet                   
0000fae1  UARTTxIntModeSet                     
0000fafd  UARTTxIntModeGet                     
0000fb0f  UARTCharsAvail                       
0000fb2d  UARTSpaceAvail                       
0000fb4b  UARTCharGetNonBlocking               
0000fb67  UARTCharGet                          
0000fb7d  UARTCharPutNonBlocking               
0000fba1  UARTCharPut                          
0000fbbf  UARTBreakCtl                         
0000fbe9  UARTBusy                             
0000fc07  UARTIntRegister                      
0000fc25  UARTIntUnregister                    
0000fc45  UARTIntEnable                        
0000fc5d  UARTIntDisable                       
0000fc75  UARTIntStatus                        
0000fc93  UARTIntClear                         
0000fca5  UARTDMAEnable                        
0000fcbd  UARTDMADisable                       
0000fcd5  UARTRxErrorGet                       
0000fce7  UARTRxErrorClear                     
0000fcf7  UARTClockSourceSet                   
0000fd0b  UARTClockSourceGet                   
0000fd1b  UART9BitEnable                       
0000fd31  UART9BitDisable                      
0000fd47  UART9BitAddrSet                      
0000fd6d  UART9BitAddrSend                     
0000fdb5  UARTLoopbackEnable                   
0000fe4d  USBStackModeSet                      
0000fe89  USB0DualModeIntHandler               
0000fed5  USBDualModeInit                      
0000ff45  USBDualModeTerm                      
0000ff79  USBOTGModeTerm                       
0000ffb3  USBOTGModeInit                       
000100a3  USBOTGPollRate                       
000100c9  USB0OTGModeIntHandler                
000101af  OTGDeviceDisconnect                  
000101d5  USBOTGMain                           
0001026b  USBOTGFeatureSet                     
000104b5  initCommandLine                      
00010a47  USBBufferInit                        
00010a65  USBBufferZeroLengthPacketInsert      
00010a95  USBBufferInfoGet                     
00010ac1  USBBufferDataWritten                 
00010ae1  USBBufferDataRemoved                 
00010afb  USBBufferCallbackDataSet             
00010b15  USBBufferWrite                       
00010b59  USBBufferFlush                       
00010b6b  USBBufferRead                        
00010ba9  USBBufferDataAvailable               
00010bbb  USBBufferSpaceAvailable              
00010bcd  USBBufferEventCallback               
00010c49  RGBBlinkIntHandler                   
00010c77  RGBInit                              
00010d71  RGBEnable                            
00010e29  RGBDisable                           
00010e87  RGBSet                               
00010e9f  RGBColorSet                          
00010f49  RGBIntensitySet                      
00010f5d  RGBBlinkRateSet                      
00010fe9  RGBColorGet                          
00011077  IntMasterEnable                      
00011087  IntMasterDisable                     
00011097  IntRegister                          
000110e9  IntUnregister                        
000110fd  IntPriorityGroupingSet               
00011117  IntPriorityGroupingGet               
0001114f  IntPrioritySet                       
0001119f  IntPriorityGet                       
000111c3  IntEnable                            
00011235  IntDisable                           
000112a7  IntIsEnabled                         
0001132d  IntPendSet                           
0001139d  IntPendClear                         
000113eb  IntPriorityMaskSet                   
000113f7  IntPriorityMaskGet                   
000113ff  IntTrigger                           
000115e7  destuff_and_check_checksum           
0001163b  create_frame                         
000116bf  decode_command_type                  
000116cd  check_and_extract_command_param      
000116f9  get_command_param_pointer            
00011727  receive_frame                        
0001178d  send_frame                           
00011883  USBDeviceConfig                      
00011a79  USBDeviceConfigAlternate             
00011b89  USBControlHandler                    
00011c13  USBTxHandler                         
00011c7f  USBRxHandler                         
00011cdd  USBSerialInit                        
00011d6d  USBSerialGetChar                     
00011d81  USBSerialPutChar                     
00011dc9  USBSerialRead                        
00011e19  USBSerialWrite                       
00011f03  USBRingBufFull                       
00011f3d  USBRingBufEmpty                      
00011f67  USBRingBufFlush                      
00011f87  USBRingBufUsed                       
00011fb9  USBRingBufFree                       
00011fcf  USBRingBufContigUsed                 
00011ffd  USBRingBufContigFree                 
00012039  USBRingBufSize                       
00012047  USBRingBufReadOne                    
0001206d  USBRingBufRead                       
000120a3  USBRingBufAdvanceRead                
000120d1  USBRingBufAdvanceWrite               
0001212d  USBRingBufWriteOne                   
00012153  USBRingBufWrite                      
00012189  USBRingBufInit                       
0001227f  USBDCDConfigDescGetSize              
000122b7  USBDCDConfigDescGetNum               
00012305  USBDCDConfigDescGet                  
00012393  USBDCDConfigGetNumAlternateInterfaces
000123e7  USBDCDConfigGetInterface             
0001241d  USBDCDConfigGetInterfaceEndpoint     
0001248d  pvPortMalloc                         
00012597  vPortFree                            
000125e9  xPortGetFreeHeapSize                 
000125ef  xPortGetMinimumEverFreeHeapSize      
000125f5  vPortInitialiseBlocks                
000129c5  USBDescGetNum                        
00012a21  USBDescGet                           
00012a8b  USBDescGetNumAlternateInterfaces     
00012b45  USBDescGetInterface                  
00012b73  USBDescGetInterfaceEndpoint          
00012d69  __aeabi_dsub                         
00012d73  __aeabi_dadd                         
0001305d  pxPortInitialiseStack                
000130c7  xPortStartScheduler                  
000130fd  vPortEndScheduler                    
000130ff  vPortEnterCritical                   
0001311f  vPortExitCritical                    
00013135  xPortSysTickHandler                  
0001315b  vPortSetupTimerInterrupt             
00013199  __aeabi_ddiv                         
000132cf  vListInitialise                      
000132ff  vListInitialiseItem                  
0001330f  vListInsertEnd                       
0001334b  vListInsert                          
000133b1  uxListRemove                         
000133f9  ButtonsPoll                          
0001349f  ButtonsInit                          
00013645  ldexp                                
00013645  ldexpl                               
00013645  scalbn                               
00013645  scalbnl                              
00013755  __aeabi_dmul                         
00013851  CPUUsageTick                         
0001388f  CPUUsageInit                         
00013941  InternalUSBTickInit                  
0001397f  InternalUSBTickReset                 
00013987  InternalUSBRegisterTickHandler       
000139d7  InternalUSBStartOfFrameTick          
00013a3d  ulPortGetIPSR                        
00013a55  xPortPendSVHandler                   
00013ab5  vPortSVCHandler                      
00013ad5  vPortStartFirstTask                  
00013af9  vPortEnableVFP                       
00013b07  ULPIConfigSet                        
00013ba9  ULPIPowerTransceiver                 
00013c85  CmdLineProcess                       
00013d31  __aeabi_memcpy                       
00013d31  __aeabi_memcpy4                      
00013d31  __aeabi_memcpy8                      
00013d31  memcpy                               
00013dcd  __aeabi_uldivmod                     
00013e63  __aeabi_cdcmpeq                      
00013e63  __aeabi_cdcmple                      
00013ee9  __aeabi_cdrcmple                     
00013f6f  __aeabi_memclr                       
00013f6f  __aeabi_memclr4                      
00013f6f  __aeabi_memclr8                      
00013f71  __aeabi_memset                       
00013f71  __aeabi_memset4                      
00013f71  __aeabi_memset8                      
00013f77  memset                               
00014059  create_checksum                      
000140c1  vConfigureTimerForRunTimeStats       
00014129  __TI_decompress_lzss                 
00014191  frexp                                
00014191  frexpl                               
0001424b  ltoa                                 
000142f1  __aeabi_f2ulz                        
00014341  atoi                                 
0001438d  __aeabi_d2iz                         
000143d5  __TI_auto_init_nobinit_nopinit       
00014419  __aeabi_uidiv                        
00014419  __aeabi_uidivmod                     
00014459  sprintf                              
000144d7  CPUcpsid                             
000144e3  CPUprimask                           
000144ed  CPUcpsie                             
000144f9  CPUwfi                               
000144fd  CPUbasepriSet                        
0001450b  CPUbasepriGet                        
00014515  _c_int00_noargs                      
00014549  __aeabi_i2d                          
00014577  strncmp                              
000145a5  GetOverflowCounts                    
000145c9  USB0DeviceIntHandler                 
000145ed  memccpy                              
00014609  copysign                             
00014609  copysignl                            
0001463b  strcmp                               
00014653  strchr                               
00014669  strcpy                               
0001467d  strlen                               
00014691  wcslen                               
000146a3  __TI_decompress_none                 
000146b1  __TI_zero_init                       
000146bd  ResetISR                             
000146d5  __aeabi_errno_addr                   
000146dd  SysCtlDelay                          
000146e3  _system_pre_init                     
000146e7  C$$EXIT                              
000146e7  abort                                
00014bcc  _ctypes_                             
00015120  g_pui8ConfigString                   
0001518c  g_sCDCHandlers                       
000151ec  g_pui8ControlInterfaceString         
00015218  g_pui8ManufacturerString             
0001523c  g_pui8CDCSerCommInterface            
0001525f  g_pui8ProductString                  
000152a4  g_ppui8StringDescriptors             
000152bc  g_pui8CDCSerDataInterface            
000152d3  g_pui8CDCSerDataInterfaceHS          
0001533c  g_pui8SerialNumberString             
00015390  g_sCDCCompSerConfigHeader            
00015398  g_sCDCCompSerConfigHeaderHS          
000153a0  g_sCDCSerCommInterfaceSection        
000153a8  g_sCDCSerConfigHeader                
000153b0  g_sCDCSerConfigHeaderHS              
000153b8  g_sCDCSerConfigSection               
000153c0  g_sCDCSerDataInterfaceSection        
000153c8  g_sCDCSerDataInterfaceSectionHS      
000153d0  g_sIADSerConfigSection               
000153d8  g_pui8LangDescriptor                 
000153dc  g_pCDCCompSerConfigDescriptors       
000153e0  g_pCDCCompSerConfigDescriptorsHS     
000153e4  g_ppCDCSerConfigDescriptors          
000153e8  g_ppCDCSerConfigDescriptorsHS        
000153ec  ulMaxSyscallInterruptPriority        
00015530  __TI_Handler_Table_Base              
0001553c  __TI_Handler_Table_Limit             
00015550  __TI_CINIT_Base                      
00015568  __TI_CINIT_Limit                     
20000000  g_pfnRAMVectors                      
20005d88  g_pui8USBRxBuffer                    
20005e88  g_pui8USBTxBuffer                    
20006024  g_psDCDInst                          
20006074  xQueueRegistry                       
20006178  g_pfnTickHandlers                    
20006190  g_pvTickInstance                     
200062a8  cola_freertos                        
200062ac  cola_hora                            
200062b0  cola_temperatura                     
200062b4  g_ppsDevInfo                         
200062b8  g_ui32CPUUsage                       
200062bc  g_ui32PollRate                       
200062c0  g_ui32SystemClock                    
200062c4  mutexUSB                             
200062c8  semaforoTraza                        
200062cc  ui32Period                           
200062d0  xTimer                               
200062d4  g_eOTGModeState                      
200062d8  g_psCmdTable                         
20006338  g_sCDCDevice                         
20006398  pxCurrentTCB                         
200063d4  g_sRxBuffer                          
2000640c  g_sTxBuffer                          
200064a0  g_pui8CDCSerDeviceDescriptor         
200064b4  g_psCDCCompSerSections               
200064c4  g_psCDCCompSerSectionsHS             
200064e4  g_psCDCSerSections                   
200064f0  g_psCDCSerSectionsHS                 
20006514  g_bUSBTimerInitialized               
20006518  g_ui32CurrentUSBTick                 
2000651c  g_ui32USBSOFCount                    
20006520  miSemaforo                           
20006524  higherPriorityTaskWoken              
20006529  g_pui8CDCSerDescriptor               
20006534  g_ulUARTTxCount                      
20006538  g_ulUARTRxCount                      
20006540  g_iUSBMode                           
20006544  g_ui32WaitTicks                      
20006549  g_pui8IADSerDescriptor               
2000656c  errno                                
20006570  __stack                              
20006770  __STACK_END                          
20006770  __STACK_TOP                          
ffffffff  __TI_pprof_out_hndl                  
ffffffff  __TI_prof_data_size                  
ffffffff  __TI_prof_data_start                 
ffffffff  __binit__                            
ffffffff  __c_args__                           
ffffffff  binit                                
UNDEFED   __mpu_init                           
UNDEFED   _system_post_cinit                   

[804 symbols]
