<?xml version="1.0" encoding="ISO-8859-1" ?>
<link_info>
   <banner>TI ARM Linker PC v18.12.4.LTS</banner>
   <copyright>Copyright (c) 1996-2018 Texas Instruments Incorporated</copyright>
   <link_time>0x5ebd376a</link_time>
   <link_errors>0x0</link_errors>
   <output_file>3.Buttons-QT_TIVA.out</output_file>
   <entry_point>
      <name>_c_int00_noargs</name>
      <address>0x14515</address>
   </entry_point>
   <input_file_list>
      <input_file id="fl-2">
         <path>.\</path>
         <kind>object</kind>
         <file>Botones.obj</file>
         <name>Botones.obj</name>
      </input_file>
      <input_file id="fl-3">
         <path>.\</path>
         <kind>object</kind>
         <file>commands.obj</file>
         <name>commands.obj</name>
      </input_file>
      <input_file id="fl-4">
         <path>.\</path>
         <kind>object</kind>
         <file>crc.obj</file>
         <name>crc.obj</name>
      </input_file>
      <input_file id="fl-5">
         <path>.\</path>
         <kind>object</kind>
         <file>serial2USBprotocol.obj</file>
         <name>serial2USBprotocol.obj</name>
      </input_file>
      <input_file id="fl-6">
         <path>.\</path>
         <kind>object</kind>
         <file>startup_ccs.obj</file>
         <name>startup_ccs.obj</name>
      </input_file>
      <input_file id="fl-7">
         <path>.\</path>
         <kind>object</kind>
         <file>usb_dev_serial.obj</file>
         <name>usb_dev_serial.obj</name>
      </input_file>
      <input_file id="fl-8">
         <path>.\</path>
         <kind>object</kind>
         <file>usb_serial_structs.obj</file>
         <name>usb_serial_structs.obj</name>
      </input_file>
      <input_file id="fl-9">
         <path>.\FreeRTOS\Source\</path>
         <kind>object</kind>
         <file>croutine.obj</file>
         <name>croutine.obj</name>
      </input_file>
      <input_file id="fl-a">
         <path>.\FreeRTOS\Source\</path>
         <kind>object</kind>
         <file>event_groups.obj</file>
         <name>event_groups.obj</name>
      </input_file>
      <input_file id="fl-b">
         <path>.\FreeRTOS\Source\</path>
         <kind>object</kind>
         <file>list.obj</file>
         <name>list.obj</name>
      </input_file>
      <input_file id="fl-c">
         <path>.\FreeRTOS\Source\</path>
         <kind>object</kind>
         <file>queue.obj</file>
         <name>queue.obj</name>
      </input_file>
      <input_file id="fl-d">
         <path>.\FreeRTOS\Source\</path>
         <kind>object</kind>
         <file>stream_buffer.obj</file>
         <name>stream_buffer.obj</name>
      </input_file>
      <input_file id="fl-e">
         <path>.\FreeRTOS\Source\</path>
         <kind>object</kind>
         <file>tasks.obj</file>
         <name>tasks.obj</name>
      </input_file>
      <input_file id="fl-f">
         <path>.\FreeRTOS\Source\</path>
         <kind>object</kind>
         <file>timers.obj</file>
         <name>timers.obj</name>
      </input_file>
      <input_file id="fl-10">
         <path>.\FreeRTOS\Source\portable\CCS\ARM_CM4F\</path>
         <kind>object</kind>
         <file>port.obj</file>
         <name>port.obj</name>
      </input_file>
      <input_file id="fl-11">
         <path>.\FreeRTOS\Source\portable\CCS\ARM_CM4F\</path>
         <kind>object</kind>
         <file>portasm.obj</file>
         <name>portasm.obj</name>
      </input_file>
      <input_file id="fl-12">
         <path>.\FreeRTOS\Source\portable\MemMang\</path>
         <kind>object</kind>
         <file>heap_4.obj</file>
         <name>heap_4.obj</name>
      </input_file>
      <input_file id="fl-13">
         <path>.\driverlib\</path>
         <kind>object</kind>
         <file>adc.obj</file>
         <name>adc.obj</name>
      </input_file>
      <input_file id="fl-14">
         <path>.\driverlib\</path>
         <kind>object</kind>
         <file>aes.obj</file>
         <name>aes.obj</name>
      </input_file>
      <input_file id="fl-15">
         <path>.\driverlib\</path>
         <kind>object</kind>
         <file>can.obj</file>
         <name>can.obj</name>
      </input_file>
      <input_file id="fl-16">
         <path>.\driverlib\</path>
         <kind>object</kind>
         <file>comp.obj</file>
         <name>comp.obj</name>
      </input_file>
      <input_file id="fl-17">
         <path>.\driverlib\</path>
         <kind>object</kind>
         <file>cpu.obj</file>
         <name>cpu.obj</name>
      </input_file>
      <input_file id="fl-18">
         <path>.\driverlib\</path>
         <kind>object</kind>
         <file>crc.obj</file>
         <name>crc.obj</name>
      </input_file>
      <input_file id="fl-19">
         <path>.\driverlib\</path>
         <kind>object</kind>
         <file>des.obj</file>
         <name>des.obj</name>
      </input_file>
      <input_file id="fl-1a">
         <path>.\driverlib\</path>
         <kind>object</kind>
         <file>eeprom.obj</file>
         <name>eeprom.obj</name>
      </input_file>
      <input_file id="fl-1b">
         <path>.\driverlib\</path>
         <kind>object</kind>
         <file>emac.obj</file>
         <name>emac.obj</name>
      </input_file>
      <input_file id="fl-1c">
         <path>.\driverlib\</path>
         <kind>object</kind>
         <file>epi.obj</file>
         <name>epi.obj</name>
      </input_file>
      <input_file id="fl-1d">
         <path>.\driverlib\</path>
         <kind>object</kind>
         <file>epi_workaround_ccs.obj</file>
         <name>epi_workaround_ccs.obj</name>
      </input_file>
      <input_file id="fl-1e">
         <path>.\driverlib\</path>
         <kind>object</kind>
         <file>flash.obj</file>
         <name>flash.obj</name>
      </input_file>
      <input_file id="fl-1f">
         <path>.\driverlib\</path>
         <kind>object</kind>
         <file>fpu.obj</file>
         <name>fpu.obj</name>
      </input_file>
      <input_file id="fl-20">
         <path>.\driverlib\</path>
         <kind>object</kind>
         <file>gpio.obj</file>
         <name>gpio.obj</name>
      </input_file>
      <input_file id="fl-21">
         <path>.\driverlib\</path>
         <kind>object</kind>
         <file>hibernate.obj</file>
         <name>hibernate.obj</name>
      </input_file>
      <input_file id="fl-22">
         <path>.\driverlib\</path>
         <kind>object</kind>
         <file>i2c.obj</file>
         <name>i2c.obj</name>
      </input_file>
      <input_file id="fl-23">
         <path>.\driverlib\</path>
         <kind>object</kind>
         <file>interrupt.obj</file>
         <name>interrupt.obj</name>
      </input_file>
      <input_file id="fl-24">
         <path>.\driverlib\</path>
         <kind>object</kind>
         <file>lcd.obj</file>
         <name>lcd.obj</name>
      </input_file>
      <input_file id="fl-25">
         <path>.\driverlib\</path>
         <kind>object</kind>
         <file>mpu.obj</file>
         <name>mpu.obj</name>
      </input_file>
      <input_file id="fl-26">
         <path>.\driverlib\</path>
         <kind>object</kind>
         <file>onewire.obj</file>
         <name>onewire.obj</name>
      </input_file>
      <input_file id="fl-27">
         <path>.\driverlib\</path>
         <kind>object</kind>
         <file>pwm.obj</file>
         <name>pwm.obj</name>
      </input_file>
      <input_file id="fl-28">
         <path>.\driverlib\</path>
         <kind>object</kind>
         <file>qei.obj</file>
         <name>qei.obj</name>
      </input_file>
      <input_file id="fl-29">
         <path>.\driverlib\</path>
         <kind>object</kind>
         <file>shamd5.obj</file>
         <name>shamd5.obj</name>
      </input_file>
      <input_file id="fl-2a">
         <path>.\driverlib\</path>
         <kind>object</kind>
         <file>ssi.obj</file>
         <name>ssi.obj</name>
      </input_file>
      <input_file id="fl-2b">
         <path>.\driverlib\</path>
         <kind>object</kind>
         <file>sw_crc.obj</file>
         <name>sw_crc.obj</name>
      </input_file>
      <input_file id="fl-2c">
         <path>.\driverlib\</path>
         <kind>object</kind>
         <file>sysctl.obj</file>
         <name>sysctl.obj</name>
      </input_file>
      <input_file id="fl-2d">
         <path>.\driverlib\</path>
         <kind>object</kind>
         <file>sysexc.obj</file>
         <name>sysexc.obj</name>
      </input_file>
      <input_file id="fl-2e">
         <path>.\driverlib\</path>
         <kind>object</kind>
         <file>systick.obj</file>
         <name>systick.obj</name>
      </input_file>
      <input_file id="fl-2f">
         <path>.\driverlib\</path>
         <kind>object</kind>
         <file>timer.obj</file>
         <name>timer.obj</name>
      </input_file>
      <input_file id="fl-30">
         <path>.\driverlib\</path>
         <kind>object</kind>
         <file>uart.obj</file>
         <name>uart.obj</name>
      </input_file>
      <input_file id="fl-31">
         <path>.\driverlib\</path>
         <kind>object</kind>
         <file>udma.obj</file>
         <name>udma.obj</name>
      </input_file>
      <input_file id="fl-32">
         <path>.\driverlib\</path>
         <kind>object</kind>
         <file>usb.obj</file>
         <name>usb.obj</name>
      </input_file>
      <input_file id="fl-33">
         <path>.\driverlib\</path>
         <kind>object</kind>
         <file>watchdog.obj</file>
         <name>watchdog.obj</name>
      </input_file>
      <input_file id="fl-34">
         <path>.\drivers\</path>
         <kind>object</kind>
         <file>buttons.obj</file>
         <name>buttons.obj</name>
      </input_file>
      <input_file id="fl-35">
         <path>.\drivers\</path>
         <kind>object</kind>
         <file>rgb.obj</file>
         <name>rgb.obj</name>
      </input_file>
      <input_file id="fl-36">
         <path>.\usblib\device\</path>
         <kind>object</kind>
         <file>usbdaudio.obj</file>
         <name>usbdaudio.obj</name>
      </input_file>
      <input_file id="fl-37">
         <path>.\usblib\device\</path>
         <kind>object</kind>
         <file>usbdbulk.obj</file>
         <name>usbdbulk.obj</name>
      </input_file>
      <input_file id="fl-38">
         <path>.\usblib\device\</path>
         <kind>object</kind>
         <file>usbdcdc.obj</file>
         <name>usbdcdc.obj</name>
      </input_file>
      <input_file id="fl-39">
         <path>.\usblib\device\</path>
         <kind>object</kind>
         <file>usbdcdesc.obj</file>
         <name>usbdcdesc.obj</name>
      </input_file>
      <input_file id="fl-3a">
         <path>.\usblib\device\</path>
         <kind>object</kind>
         <file>usbdcomp.obj</file>
         <name>usbdcomp.obj</name>
      </input_file>
      <input_file id="fl-3b">
         <path>.\usblib\device\</path>
         <kind>object</kind>
         <file>usbdconfig.obj</file>
         <name>usbdconfig.obj</name>
      </input_file>
      <input_file id="fl-3c">
         <path>.\usblib\device\</path>
         <kind>object</kind>
         <file>usbddfu-rt.obj</file>
         <name>usbddfu-rt.obj</name>
      </input_file>
      <input_file id="fl-3d">
         <path>.\usblib\device\</path>
         <kind>object</kind>
         <file>usbdenum.obj</file>
         <name>usbdenum.obj</name>
      </input_file>
      <input_file id="fl-3e">
         <path>.\usblib\device\</path>
         <kind>object</kind>
         <file>usbdhandler.obj</file>
         <name>usbdhandler.obj</name>
      </input_file>
      <input_file id="fl-3f">
         <path>.\usblib\device\</path>
         <kind>object</kind>
         <file>usbdhid.obj</file>
         <name>usbdhid.obj</name>
      </input_file>
      <input_file id="fl-40">
         <path>.\usblib\device\</path>
         <kind>object</kind>
         <file>usbdhidgamepad.obj</file>
         <name>usbdhidgamepad.obj</name>
      </input_file>
      <input_file id="fl-41">
         <path>.\usblib\device\</path>
         <kind>object</kind>
         <file>usbdhidkeyb.obj</file>
         <name>usbdhidkeyb.obj</name>
      </input_file>
      <input_file id="fl-42">
         <path>.\usblib\device\</path>
         <kind>object</kind>
         <file>usbdhidmouse.obj</file>
         <name>usbdhidmouse.obj</name>
      </input_file>
      <input_file id="fl-43">
         <path>.\usblib\device\</path>
         <kind>object</kind>
         <file>usbdmsc.obj</file>
         <name>usbdmsc.obj</name>
      </input_file>
      <input_file id="fl-44">
         <path>.\usblib\host\</path>
         <kind>object</kind>
         <file>usbhaudio.obj</file>
         <name>usbhaudio.obj</name>
      </input_file>
      <input_file id="fl-45">
         <path>.\usblib\host\</path>
         <kind>object</kind>
         <file>usbhhid.obj</file>
         <name>usbhhid.obj</name>
      </input_file>
      <input_file id="fl-46">
         <path>.\usblib\host\</path>
         <kind>object</kind>
         <file>usbhhidkeyboard.obj</file>
         <name>usbhhidkeyboard.obj</name>
      </input_file>
      <input_file id="fl-47">
         <path>.\usblib\host\</path>
         <kind>object</kind>
         <file>usbhhidmouse.obj</file>
         <name>usbhhidmouse.obj</name>
      </input_file>
      <input_file id="fl-48">
         <path>.\usblib\host\</path>
         <kind>object</kind>
         <file>usbhhub.obj</file>
         <name>usbhhub.obj</name>
      </input_file>
      <input_file id="fl-49">
         <path>.\usblib\host\</path>
         <kind>object</kind>
         <file>usbhmsc.obj</file>
         <name>usbhmsc.obj</name>
      </input_file>
      <input_file id="fl-4a">
         <path>.\usblib\host\</path>
         <kind>object</kind>
         <file>usbhostenum.obj</file>
         <name>usbhostenum.obj</name>
      </input_file>
      <input_file id="fl-4b">
         <path>.\usblib\host\</path>
         <kind>object</kind>
         <file>usbhscsi.obj</file>
         <name>usbhscsi.obj</name>
      </input_file>
      <input_file id="fl-4c">
         <path>.\usblib\</path>
         <kind>object</kind>
         <file>usbbuffer.obj</file>
         <name>usbbuffer.obj</name>
      </input_file>
      <input_file id="fl-4d">
         <path>.\usblib\</path>
         <kind>object</kind>
         <file>usbdesc.obj</file>
         <name>usbdesc.obj</name>
      </input_file>
      <input_file id="fl-4e">
         <path>.\usblib\</path>
         <kind>object</kind>
         <file>usbdma.obj</file>
         <name>usbdma.obj</name>
      </input_file>
      <input_file id="fl-4f">
         <path>.\usblib\</path>
         <kind>object</kind>
         <file>usbkeyboardmap.obj</file>
         <name>usbkeyboardmap.obj</name>
      </input_file>
      <input_file id="fl-50">
         <path>.\usblib\</path>
         <kind>object</kind>
         <file>usbmode.obj</file>
         <name>usbmode.obj</name>
      </input_file>
      <input_file id="fl-51">
         <path>.\usblib\</path>
         <kind>object</kind>
         <file>usbringbuf.obj</file>
         <name>usbringbuf.obj</name>
      </input_file>
      <input_file id="fl-52">
         <path>.\usblib\</path>
         <kind>object</kind>
         <file>usbtick.obj</file>
         <name>usbtick.obj</name>
      </input_file>
      <input_file id="fl-53">
         <path>.\usblib\</path>
         <kind>object</kind>
         <file>usbulpi.obj</file>
         <name>usbulpi.obj</name>
      </input_file>
      <input_file id="fl-54">
         <path>.\utils\</path>
         <kind>object</kind>
         <file>RunTimeStatsConfig.obj</file>
         <name>RunTimeStatsConfig.obj</name>
      </input_file>
      <input_file id="fl-55">
         <path>.\utils\</path>
         <kind>object</kind>
         <file>cmdline.obj</file>
         <name>cmdline.obj</name>
      </input_file>
      <input_file id="fl-56">
         <path>.\utils\</path>
         <kind>object</kind>
         <file>cpu_usage.obj</file>
         <name>cpu_usage.obj</name>
      </input_file>
      <input_file id="fl-57">
         <path>.\utils\</path>
         <kind>object</kind>
         <file>uartstdioMod.obj</file>
         <name>uartstdioMod.obj</name>
      </input_file>
      <input_file id="fl-5b">
         <kind>object</kind>
         <file>&lt;internal&gt;</file>
         <name>&lt;internal&gt;</name>
      </input_file>
      <input_file id="fl-111">
         <path>C:\ti\ccs930\ccs\tools\compiler\ti-cgt-arm_18.12.4.LTS\lib\</path>
         <kind>archive</kind>
         <file>rtsv7M4_T_le_v4SPD16_eabi.lib</file>
         <name>sprintf.c.obj</name>
      </input_file>
      <input_file id="fl-112">
         <path>C:\ti\ccs930\ccs\tools\compiler\ti-cgt-arm_18.12.4.LTS\lib\</path>
         <kind>archive</kind>
         <file>rtsv7M4_T_le_v4SPD16_eabi.lib</file>
         <name>fs_toull_t2.asm.obj</name>
      </input_file>
      <input_file id="fl-113">
         <path>C:\ti\ccs930\ccs\tools\compiler\ti-cgt-arm_18.12.4.LTS\lib\</path>
         <kind>archive</kind>
         <file>rtsv7M4_T_le_v4SPD16_eabi.lib</file>
         <name>memcpy_t2.asm.obj</name>
      </input_file>
      <input_file id="fl-114">
         <path>C:\ti\ccs930\ccs\tools\compiler\ti-cgt-arm_18.12.4.LTS\lib\</path>
         <kind>archive</kind>
         <file>rtsv7M4_T_le_v4SPD16_eabi.lib</file>
         <name>u_divt2.asm.obj</name>
      </input_file>
      <input_file id="fl-115">
         <path>C:\ti\ccs930\ccs\tools\compiler\ti-cgt-arm_18.12.4.LTS\lib\</path>
         <kind>archive</kind>
         <file>rtsv7M4_T_le_v4SPD16_eabi.lib</file>
         <name>memset_t2.asm.obj</name>
      </input_file>
      <input_file id="fl-116">
         <path>C:\ti\ccs930\ccs\tools\compiler\ti-cgt-arm_18.12.4.LTS\lib\</path>
         <kind>archive</kind>
         <file>rtsv7M4_T_le_v4SPD16_eabi.lib</file>
         <name>copy_zero_init.c.obj</name>
      </input_file>
      <input_file id="fl-117">
         <path>C:\ti\ccs930\ccs\tools\compiler\ti-cgt-arm_18.12.4.LTS\lib\</path>
         <kind>archive</kind>
         <file>rtsv7M4_T_le_v4SPD16_eabi.lib</file>
         <name>copy_decompress_none.c.obj</name>
      </input_file>
      <input_file id="fl-118">
         <path>C:\ti\ccs930\ccs\tools\compiler\ti-cgt-arm_18.12.4.LTS\lib\</path>
         <kind>archive</kind>
         <file>rtsv7M4_T_le_v4SPD16_eabi.lib</file>
         <name>copy_decompress_lzss.c.obj</name>
      </input_file>
      <input_file id="fl-119">
         <path>C:\ti\ccs930\ccs\tools\compiler\ti-cgt-arm_18.12.4.LTS\lib\</path>
         <kind>archive</kind>
         <file>rtsv7M4_T_le_v4SPD16_eabi.lib</file>
         <name>strcmp.c.obj</name>
      </input_file>
      <input_file id="fl-11a">
         <path>C:\ti\ccs930\ccs\tools\compiler\ti-cgt-arm_18.12.4.LTS\lib\</path>
         <kind>archive</kind>
         <file>rtsv7M4_T_le_v4SPD16_eabi.lib</file>
         <name>strcpy.c.obj</name>
      </input_file>
      <input_file id="fl-11b">
         <path>C:\ti\ccs930\ccs\tools\compiler\ti-cgt-arm_18.12.4.LTS\lib\</path>
         <kind>archive</kind>
         <file>rtsv7M4_T_le_v4SPD16_eabi.lib</file>
         <name>strlen.c.obj</name>
      </input_file>
      <input_file id="fl-11c">
         <path>C:\ti\ccs930\ccs\tools\compiler\ti-cgt-arm_18.12.4.LTS\lib\</path>
         <kind>archive</kind>
         <file>rtsv7M4_T_le_v4SPD16_eabi.lib</file>
         <name>strncmp.c.obj</name>
      </input_file>
      <input_file id="fl-11d">
         <path>C:\ti\ccs930\ccs\tools\compiler\ti-cgt-arm_18.12.4.LTS\lib\</path>
         <kind>archive</kind>
         <file>rtsv7M4_T_le_v4SPD16_eabi.lib</file>
         <name>boot_cortex_m.c.obj</name>
      </input_file>
      <input_file id="fl-11e">
         <path>C:\ti\ccs930\ccs\tools\compiler\ti-cgt-arm_18.12.4.LTS\lib\</path>
         <kind>archive</kind>
         <file>rtsv7M4_T_le_v4SPD16_eabi.lib</file>
         <name>_printfi.c.obj</name>
      </input_file>
      <input_file id="fl-11f">
         <path>C:\ti\ccs930\ccs\tools\compiler\ti-cgt-arm_18.12.4.LTS\lib\</path>
         <kind>archive</kind>
         <file>rtsv7M4_T_le_v4SPD16_eabi.lib</file>
         <name>div0.asm.obj</name>
      </input_file>
      <input_file id="fl-120">
         <path>C:\ti\ccs930\ccs\tools\compiler\ti-cgt-arm_18.12.4.LTS\lib\</path>
         <kind>archive</kind>
         <file>rtsv7M4_T_le_v4SPD16_eabi.lib</file>
         <name>fd_add_t2.asm.obj</name>
      </input_file>
      <input_file id="fl-121">
         <path>C:\ti\ccs930\ccs\tools\compiler\ti-cgt-arm_18.12.4.LTS\lib\</path>
         <kind>archive</kind>
         <file>rtsv7M4_T_le_v4SPD16_eabi.lib</file>
         <name>fd_cmp_t2.asm.obj</name>
      </input_file>
      <input_file id="fl-122">
         <path>C:\ti\ccs930\ccs\tools\compiler\ti-cgt-arm_18.12.4.LTS\lib\</path>
         <kind>archive</kind>
         <file>rtsv7M4_T_le_v4SPD16_eabi.lib</file>
         <name>fd_div_t2.asm.obj</name>
      </input_file>
      <input_file id="fl-123">
         <path>C:\ti\ccs930\ccs\tools\compiler\ti-cgt-arm_18.12.4.LTS\lib\</path>
         <kind>archive</kind>
         <file>rtsv7M4_T_le_v4SPD16_eabi.lib</file>
         <name>fd_mul_t2.asm.obj</name>
      </input_file>
      <input_file id="fl-124">
         <path>C:\ti\ccs930\ccs\tools\compiler\ti-cgt-arm_18.12.4.LTS\lib\</path>
         <kind>archive</kind>
         <file>rtsv7M4_T_le_v4SPD16_eabi.lib</file>
         <name>fd_toi_t2.asm.obj</name>
      </input_file>
      <input_file id="fl-125">
         <path>C:\ti\ccs930\ccs\tools\compiler\ti-cgt-arm_18.12.4.LTS\lib\</path>
         <kind>archive</kind>
         <file>rtsv7M4_T_le_v4SPD16_eabi.lib</file>
         <name>i_tofd_t2.asm.obj</name>
      </input_file>
      <input_file id="fl-126">
         <path>C:\ti\ccs930\ccs\tools\compiler\ti-cgt-arm_18.12.4.LTS\lib\</path>
         <kind>archive</kind>
         <file>rtsv7M4_T_le_v4SPD16_eabi.lib</file>
         <name>ull_div_t2.asm.obj</name>
      </input_file>
      <input_file id="fl-127">
         <path>C:\ti\ccs930\ccs\tools\compiler\ti-cgt-arm_18.12.4.LTS\lib\</path>
         <kind>archive</kind>
         <file>rtsv7M4_T_le_v4SPD16_eabi.lib</file>
         <name>autoinit.c.obj</name>
      </input_file>
      <input_file id="fl-128">
         <path>C:\ti\ccs930\ccs\tools\compiler\ti-cgt-arm_18.12.4.LTS\lib\</path>
         <kind>archive</kind>
         <file>rtsv7M4_T_le_v4SPD16_eabi.lib</file>
         <name>pre_init.c.obj</name>
      </input_file>
      <input_file id="fl-129">
         <path>C:\ti\ccs930\ccs\tools\compiler\ti-cgt-arm_18.12.4.LTS\lib\</path>
         <kind>archive</kind>
         <file>rtsv7M4_T_le_v4SPD16_eabi.lib</file>
         <name>cpy_tbl.c.obj</name>
      </input_file>
      <input_file id="fl-12a">
         <path>C:\ti\ccs930\ccs\tools\compiler\ti-cgt-arm_18.12.4.LTS\lib\</path>
         <kind>archive</kind>
         <file>rtsv7M4_T_le_v4SPD16_eabi.lib</file>
         <name>exit.c.obj</name>
      </input_file>
      <input_file id="fl-12b">
         <path>C:\ti\ccs930\ccs\tools\compiler\ti-cgt-arm_18.12.4.LTS\lib\</path>
         <kind>archive</kind>
         <file>rtsv7M4_T_le_v4SPD16_eabi.lib</file>
         <name>_lock.c.obj</name>
      </input_file>
      <input_file id="fl-12c">
         <path>C:\ti\ccs930\ccs\tools\compiler\ti-cgt-arm_18.12.4.LTS\lib\</path>
         <kind>archive</kind>
         <file>rtsv7M4_T_le_v4SPD16_eabi.lib</file>
         <name>args_main.c.obj</name>
      </input_file>
      <input_file id="fl-12d">
         <path>C:\ti\ccs930\ccs\tools\compiler\ti-cgt-arm_18.12.4.LTS\lib\</path>
         <kind>archive</kind>
         <file>rtsv7M4_T_le_v4SPD16_eabi.lib</file>
         <name>atoi.c.obj</name>
      </input_file>
      <input_file id="fl-12e">
         <path>C:\ti\ccs930\ccs\tools\compiler\ti-cgt-arm_18.12.4.LTS\lib\</path>
         <kind>archive</kind>
         <file>rtsv7M4_T_le_v4SPD16_eabi.lib</file>
         <name>ctype.c.obj</name>
      </input_file>
      <input_file id="fl-12f">
         <path>C:\ti\ccs930\ccs\tools\compiler\ti-cgt-arm_18.12.4.LTS\lib\</path>
         <kind>archive</kind>
         <file>rtsv7M4_T_le_v4SPD16_eabi.lib</file>
         <name>ltoa.c.obj</name>
      </input_file>
      <input_file id="fl-130">
         <path>C:\ti\ccs930\ccs\tools\compiler\ti-cgt-arm_18.12.4.LTS\lib\</path>
         <kind>archive</kind>
         <file>rtsv7M4_T_le_v4SPD16_eabi.lib</file>
         <name>memccpy.c.obj</name>
      </input_file>
      <input_file id="fl-131">
         <path>C:\ti\ccs930\ccs\tools\compiler\ti-cgt-arm_18.12.4.LTS\lib\</path>
         <kind>archive</kind>
         <file>rtsv7M4_T_le_v4SPD16_eabi.lib</file>
         <name>strchr.c.obj</name>
      </input_file>
      <input_file id="fl-132">
         <path>C:\ti\ccs930\ccs\tools\compiler\ti-cgt-arm_18.12.4.LTS\lib\</path>
         <kind>archive</kind>
         <file>rtsv7M4_T_le_v4SPD16_eabi.lib</file>
         <name>errno.c.obj</name>
      </input_file>
      <input_file id="fl-133">
         <path>C:\ti\ccs930\ccs\tools\compiler\ti-cgt-arm_18.12.4.LTS\lib\</path>
         <kind>archive</kind>
         <file>rtsv7M4_T_le_v4SPD16_eabi.lib</file>
         <name>wcslen.c.obj</name>
      </input_file>
      <input_file id="fl-134">
         <path>C:\ti\ccs930\ccs\tools\compiler\ti-cgt-arm_18.12.4.LTS\lib\</path>
         <kind>archive</kind>
         <file>rtsv7M4_T_le_v4SPD16_eabi.lib</file>
         <name>s_frexp.c.obj</name>
      </input_file>
      <input_file id="fl-135">
         <path>C:\ti\ccs930\ccs\tools\compiler\ti-cgt-arm_18.12.4.LTS\lib\</path>
         <kind>archive</kind>
         <file>rtsv7M4_T_le_v4SPD16_eabi.lib</file>
         <name>s_scalbn.c.obj</name>
      </input_file>
      <input_file id="fl-136">
         <path>C:\ti\ccs930\ccs\tools\compiler\ti-cgt-arm_18.12.4.LTS\lib\</path>
         <kind>archive</kind>
         <file>rtsv7M4_T_le_v4SPD16_eabi.lib</file>
         <name>s_copysign.c.obj</name>
      </input_file>
   </input_file_list>
   <object_component_list>
      <object_component id="oc-f">
         <name>.intvecs</name>
         <load_address>0x0</load_address>
         <run_address>0x0</run_address>
         <size>0x26c</size>
         <input_file_ref idref="fl-6"/>
      </object_component>
      <object_component id="oc-436">
         <name>.text</name>
         <load_address>0x26c</load_address>
         <run_address>0x26c</run_address>
         <size>0x2db0</size>
         <input_file_ref idref="fl-4a"/>
      </object_component>
      <object_component id="oc-8e">
         <name>.text</name>
         <load_address>0x301c</load_address>
         <run_address>0x301c</run_address>
         <size>0x1c18</size>
         <input_file_ref idref="fl-e"/>
      </object_component>
      <object_component id="oc-2ef">
         <name>.text</name>
         <load_address>0x4c34</load_address>
         <run_address>0x4c34</run_address>
         <size>0x15b6</size>
         <input_file_ref idref="fl-32"/>
      </object_component>
      <object_component id="oc-212">
         <name>.text</name>
         <load_address>0x61ea</load_address>
         <run_address>0x61ea</run_address>
         <size>0x2</size>
         <input_file_ref idref="fl-11f"/>
      </object_component>
      <object_component id="oc-146">
         <name>.text</name>
         <load_address>0x61ec</load_address>
         <run_address>0x61ec</run_address>
         <size>0x134c</size>
         <input_file_ref idref="fl-3d"/>
      </object_component>
      <object_component id="oc-e4">
         <name>.text</name>
         <load_address>0x7538</load_address>
         <run_address>0x7538</run_address>
         <size>0xf80</size>
         <input_file_ref idref="fl-2c"/>
      </object_component>
      <object_component id="oc-2fb">
         <name>.text</name>
         <load_address>0x84b8</load_address>
         <run_address>0x84b8</run_address>
         <size>0xf20</size>
         <input_file_ref idref="fl-4e"/>
      </object_component>
      <object_component id="oc-2c4">
         <name>.text</name>
         <load_address>0x93d8</load_address>
         <run_address>0x93d8</run_address>
         <size>0xe6c</size>
         <input_file_ref idref="fl-38"/>
      </object_component>
      <object_component id="oc-a4">
         <name>.text</name>
         <load_address>0xa244</load_address>
         <run_address>0xa244</run_address>
         <size>0xc8c</size>
         <input_file_ref idref="fl-c"/>
      </object_component>
      <object_component id="oc-fb">
         <name>.text</name>
         <load_address>0xaed0</load_address>
         <run_address>0xaed0</run_address>
         <size>0xb94</size>
         <input_file_ref idref="fl-20"/>
      </object_component>
      <object_component id="oc-35">
         <name>.text</name>
         <load_address>0xba64</load_address>
         <run_address>0xba64</run_address>
         <size>0xaec</size>
         <input_file_ref idref="fl-57"/>
      </object_component>
      <object_component id="oc-3a8">
         <name>.text:__TI_printfi</name>
         <load_address>0xc550</load_address>
         <run_address>0xc550</run_address>
         <size>0xa4e</size>
         <input_file_ref idref="fl-11e"/>
      </object_component>
      <object_component id="oc-3b">
         <name>.text</name>
         <load_address>0xcfa0</load_address>
         <run_address>0xcfa0</run_address>
         <size>0x98c</size>
         <input_file_ref idref="fl-2"/>
      </object_component>
      <object_component id="oc-550">
         <name>.text</name>
         <load_address>0xd92c</load_address>
         <run_address>0xd92c</run_address>
         <size>0x924</size>
         <input_file_ref idref="fl-48"/>
      </object_component>
      <object_component id="oc-10d">
         <name>.text</name>
         <load_address>0xe250</load_address>
         <run_address>0xe250</run_address>
         <size>0x83a</size>
         <input_file_ref idref="fl-13"/>
      </object_component>
      <object_component id="oc-113">
         <name>.text</name>
         <load_address>0xea8c</load_address>
         <run_address>0xea8c</run_address>
         <size>0x6cc</size>
         <input_file_ref idref="fl-f"/>
      </object_component>
      <object_component id="oc-107">
         <name>.text</name>
         <load_address>0xf158</load_address>
         <run_address>0xf158</run_address>
         <size>0x642</size>
         <input_file_ref idref="fl-2f"/>
      </object_component>
      <object_component id="oc-aa">
         <name>.text</name>
         <load_address>0xf79c</load_address>
         <run_address>0xf79c</run_address>
         <size>0x62e</size>
         <input_file_ref idref="fl-30"/>
      </object_component>
      <object_component id="oc-2be">
         <name>.text</name>
         <load_address>0xfdcc</load_address>
         <run_address>0xfdcc</run_address>
         <size>0x500</size>
         <input_file_ref idref="fl-50"/>
      </object_component>
      <object_component id="oc-12a">
         <name>.text</name>
         <load_address>0x102cc</load_address>
         <run_address>0x102cc</run_address>
         <size>0x4cc</size>
         <input_file_ref idref="fl-3"/>
      </object_component>
      <object_component id="oc-2b8">
         <name>.text</name>
         <load_address>0x10798</load_address>
         <run_address>0x10798</run_address>
         <size>0x4ae</size>
         <input_file_ref idref="fl-4c"/>
      </object_component>
      <object_component id="oc-101">
         <name>.text</name>
         <load_address>0x10c48</load_address>
         <run_address>0x10c48</run_address>
         <size>0x42c</size>
         <input_file_ref idref="fl-35"/>
      </object_component>
      <object_component id="oc-123">
         <name>.text</name>
         <load_address>0x11074</load_address>
         <run_address>0x11074</run_address>
         <size>0x3c0</size>
         <input_file_ref idref="fl-23"/>
      </object_component>
      <object_component id="oc-f5">
         <name>.text</name>
         <load_address>0x11434</load_address>
         <run_address>0x11434</run_address>
         <size>0x388</size>
         <input_file_ref idref="fl-5"/>
      </object_component>
      <object_component id="oc-320">
         <name>.text</name>
         <load_address>0x117bc</load_address>
         <run_address>0x117bc</run_address>
         <size>0x388</size>
         <input_file_ref idref="fl-3b"/>
      </object_component>
      <object_component id="oc-130">
         <name>.text</name>
         <load_address>0x11b44</load_address>
         <run_address>0x11b44</run_address>
         <size>0x374</size>
         <input_file_ref idref="fl-7"/>
      </object_component>
      <object_component id="oc-42e">
         <name>.text</name>
         <load_address>0x11eb8</load_address>
         <run_address>0x11eb8</run_address>
         <size>0x2f4</size>
         <input_file_ref idref="fl-51"/>
      </object_component>
      <object_component id="oc-31a">
         <name>.text</name>
         <load_address>0x121ac</load_address>
         <run_address>0x121ac</run_address>
         <size>0x2de</size>
         <input_file_ref idref="fl-39"/>
      </object_component>
      <object_component id="oc-186">
         <name>.text</name>
         <load_address>0x1248c</load_address>
         <run_address>0x1248c</run_address>
         <size>0x2c8</size>
         <input_file_ref idref="fl-12"/>
      </object_component>
      <object_component id="oc-50d">
         <name>.text:_pconv_a</name>
         <load_address>0x12754</load_address>
         <run_address>0x12754</run_address>
         <size>0x270</size>
         <input_file_ref idref="fl-11e"/>
      </object_component>
      <object_component id="oc-4aa">
         <name>.text</name>
         <load_address>0x129c4</load_address>
         <run_address>0x129c4</run_address>
         <size>0x1d2</size>
         <input_file_ref idref="fl-4d"/>
      </object_component>
      <object_component id="oc-4fb">
         <name>.text:_pconv_g</name>
         <load_address>0x12b98</load_address>
         <run_address>0x12b98</run_address>
         <size>0x1d0</size>
         <input_file_ref idref="fl-11e"/>
      </object_component>
      <object_component id="oc-616">
         <name>.text</name>
         <load_address>0x12d68</load_address>
         <run_address>0x12d68</run_address>
         <size>0x1b6</size>
         <input_file_ref idref="fl-120"/>
      </object_component>
      <object_component id="oc-507">
         <name>.text:_pconv_e</name>
         <load_address>0x12f20</load_address>
         <run_address>0x12f20</run_address>
         <size>0x13c</size>
         <input_file_ref idref="fl-11e"/>
      </object_component>
      <object_component id="oc-2f">
         <name>.text</name>
         <load_address>0x1305c</load_address>
         <run_address>0x1305c</run_address>
         <size>0x13c</size>
         <input_file_ref idref="fl-10"/>
      </object_component>
      <object_component id="oc-5fc">
         <name>.text</name>
         <load_address>0x13198</load_address>
         <run_address>0x13198</run_address>
         <size>0x136</size>
         <input_file_ref idref="fl-122"/>
      </object_component>
      <object_component id="oc-18c">
         <name>.text</name>
         <load_address>0x132ce</load_address>
         <run_address>0x132ce</run_address>
         <size>0x12a</size>
         <input_file_ref idref="fl-b"/>
      </object_component>
      <object_component id="oc-11d">
         <name>.text</name>
         <load_address>0x133f8</load_address>
         <run_address>0x133f8</run_address>
         <size>0x128</size>
         <input_file_ref idref="fl-34"/>
      </object_component>
      <object_component id="oc-628">
         <name>.text:fcvt</name>
         <load_address>0x13520</load_address>
         <run_address>0x13520</run_address>
         <size>0x124</size>
         <input_file_ref idref="fl-11e"/>
      </object_component>
      <object_component id="oc-63c">
         <name>.text:scalbn</name>
         <load_address>0x13644</load_address>
         <run_address>0x13644</run_address>
         <size>0x110</size>
         <input_file_ref idref="fl-135"/>
      </object_component>
      <object_component id="oc-5f7">
         <name>.text</name>
         <load_address>0x13754</load_address>
         <run_address>0x13754</run_address>
         <size>0xfc</size>
         <input_file_ref idref="fl-123"/>
      </object_component>
      <object_component id="oc-de">
         <name>.text</name>
         <load_address>0x13850</load_address>
         <run_address>0x13850</run_address>
         <size>0xf0</size>
         <input_file_ref idref="fl-56"/>
      </object_component>
      <object_component id="oc-301">
         <name>.text</name>
         <load_address>0x13940</load_address>
         <run_address>0x13940</run_address>
         <size>0xec</size>
         <input_file_ref idref="fl-52"/>
      </object_component>
      <object_component id="oc-2a">
         <name>.text</name>
         <load_address>0x13a2c</load_address>
         <run_address>0x13a2c</run_address>
         <size>0xda</size>
         <input_file_ref idref="fl-11"/>
      </object_component>
      <object_component id="oc-2f5">
         <name>.text</name>
         <load_address>0x13b06</load_address>
         <run_address>0x13b06</run_address>
         <size>0xc8</size>
         <input_file_ref idref="fl-53"/>
      </object_component>
      <object_component id="oc-4f0">
         <name>.text:_ltostr</name>
         <load_address>0x13bd0</load_address>
         <run_address>0x13bd0</run_address>
         <size>0xb1</size>
         <input_file_ref idref="fl-11e"/>
      </object_component>
      <object_component id="oc-2ae">
         <name>.text</name>
         <load_address>0x13c84</load_address>
         <run_address>0x13c84</run_address>
         <size>0xac</size>
         <input_file_ref idref="fl-55"/>
      </object_component>
      <object_component id="oc-55">
         <name>.text</name>
         <load_address>0x13d30</load_address>
         <run_address>0x13d30</run_address>
         <size>0x9c</size>
         <input_file_ref idref="fl-113"/>
      </object_component>
      <object_component id="oc-5f0">
         <name>.text</name>
         <load_address>0x13dcc</load_address>
         <run_address>0x13dcc</run_address>
         <size>0x96</size>
         <input_file_ref idref="fl-126"/>
      </object_component>
      <object_component id="oc-4f6">
         <name>.text:__aeabi_cdcmple</name>
         <load_address>0x13e62</load_address>
         <run_address>0x13e62</run_address>
         <size>0x86</size>
         <input_file_ref idref="fl-121"/>
      </object_component>
      <object_component id="oc-601">
         <name>.text:__aeabi_cdrcmple</name>
         <load_address>0x13ee8</load_address>
         <run_address>0x13ee8</run_address>
         <size>0x86</size>
         <input_file_ref idref="fl-121"/>
      </object_component>
      <object_component id="oc-f0">
         <name>.text</name>
         <load_address>0x13f6e</load_address>
         <run_address>0x13f6e</run_address>
         <size>0x7a</size>
         <input_file_ref idref="fl-115"/>
      </object_component>
      <object_component id="oc-621">
         <name>.text:_mcpy</name>
         <load_address>0x13fe8</load_address>
         <run_address>0x13fe8</run_address>
         <size>0x6e</size>
         <input_file_ref idref="fl-11e"/>
      </object_component>
      <object_component id="oc-246">
         <name>.text</name>
         <load_address>0x14058</load_address>
         <run_address>0x14058</run_address>
         <size>0x68</size>
         <input_file_ref idref="fl-4"/>
      </object_component>
      <object_component id="oc-19e">
         <name>.text</name>
         <load_address>0x140c0</load_address>
         <run_address>0x140c0</run_address>
         <size>0x68</size>
         <input_file_ref idref="fl-54"/>
      </object_component>
      <object_component id="oc-12">
         <name>.text:decompress:lzss:__TI_decompress_lzss</name>
         <load_address>0x14128</load_address>
         <run_address>0x14128</run_address>
         <size>0x68</size>
         <input_file_ref idref="fl-118"/>
      </object_component>
      <object_component id="oc-636">
         <name>.text:frexp</name>
         <load_address>0x14190</load_address>
         <run_address>0x14190</run_address>
         <size>0x64</size>
         <input_file_ref idref="fl-134"/>
      </object_component>
      <object_component id="oc-501">
         <name>.text:_pconv_f</name>
         <load_address>0x141f4</load_address>
         <run_address>0x141f4</run_address>
         <size>0x56</size>
         <input_file_ref idref="fl-11e"/>
      </object_component>
      <object_component id="oc-60b">
         <name>.text:ltoa</name>
         <load_address>0x1424a</load_address>
         <run_address>0x1424a</run_address>
         <size>0x54</size>
         <input_file_ref idref="fl-12f"/>
      </object_component>
      <object_component id="oc-61b">
         <name>.text:_ecpy</name>
         <load_address>0x1429e</load_address>
         <run_address>0x1429e</run_address>
         <size>0x52</size>
         <input_file_ref idref="fl-11e"/>
      </object_component>
      <object_component id="oc-259">
         <name>.text</name>
         <load_address>0x142f0</load_address>
         <run_address>0x142f0</run_address>
         <size>0x50</size>
         <input_file_ref idref="fl-112"/>
      </object_component>
      <object_component id="oc-4ea">
         <name>.text:atoi</name>
         <load_address>0x14340</load_address>
         <run_address>0x14340</run_address>
         <size>0x4c</size>
         <input_file_ref idref="fl-12d"/>
      </object_component>
      <object_component id="oc-606">
         <name>.text</name>
         <load_address>0x1438c</load_address>
         <run_address>0x1438c</run_address>
         <size>0x48</size>
         <input_file_ref idref="fl-124"/>
      </object_component>
      <object_component id="oc-34a">
         <name>.text:__TI_auto_init_nobinit_nopinit:__TI_auto_init_nobinit_nopinit</name>
         <load_address>0x143d4</load_address>
         <run_address>0x143d4</run_address>
         <size>0x44</size>
         <input_file_ref idref="fl-127"/>
      </object_component>
      <object_component id="oc-c5">
         <name>.text</name>
         <load_address>0x14418</load_address>
         <run_address>0x14418</run_address>
         <size>0x40</size>
         <input_file_ref idref="fl-114"/>
      </object_component>
      <object_component id="oc-1c0">
         <name>.text:sprintf</name>
         <load_address>0x14458</load_address>
         <run_address>0x14458</run_address>
         <size>0x40</size>
         <input_file_ref idref="fl-111"/>
      </object_component>
      <object_component id="oc-62e">
         <name>.text:_fcpy</name>
         <load_address>0x14498</load_address>
         <run_address>0x14498</run_address>
         <size>0x3e</size>
         <input_file_ref idref="fl-11e"/>
      </object_component>
      <object_component id="oc-22f">
         <name>.text</name>
         <load_address>0x144d6</load_address>
         <run_address>0x144d6</run_address>
         <size>0x3e</size>
         <input_file_ref idref="fl-17"/>
      </object_component>
      <object_component id="oc-73">
         <name>.text:_c_int00_noargs:_c_int00_noargs</name>
         <load_address>0x14514</load_address>
         <run_address>0x14514</run_address>
         <size>0x34</size>
         <input_file_ref idref="fl-11d"/>
      </object_component>
      <object_component id="oc-611">
         <name>.text</name>
         <load_address>0x14548</load_address>
         <run_address>0x14548</run_address>
         <size>0x2e</size>
         <input_file_ref idref="fl-125"/>
      </object_component>
      <object_component id="oc-2a8">
         <name>.text:strncmp</name>
         <load_address>0x14576</load_address>
         <run_address>0x14576</run_address>
         <size>0x2c</size>
         <input_file_ref idref="fl-11c"/>
      </object_component>
      <object_component id="oc-1a7">
         <name>.text:GetOverflowCounts</name>
         <load_address>0x145a4</load_address>
         <run_address>0x145a4</run_address>
         <size>0x24</size>
         <input_file_ref idref="fl-54"/>
      </object_component>
      <object_component id="oc-41">
         <name>.text</name>
         <load_address>0x145c8</load_address>
         <run_address>0x145c8</run_address>
         <size>0x24</size>
         <input_file_ref idref="fl-3e"/>
      </object_component>
      <object_component id="oc-513">
         <name>.text:memccpy</name>
         <load_address>0x145ec</load_address>
         <run_address>0x145ec</run_address>
         <size>0x1c</size>
         <input_file_ref idref="fl-130"/>
      </object_component>
      <object_component id="oc-6e3">
         <name>.text:copysign</name>
         <load_address>0x14608</load_address>
         <run_address>0x14608</run_address>
         <size>0x1a</size>
         <input_file_ref idref="fl-136"/>
      </object_component>
      <object_component id="oc-3ae">
         <name>.text:_outs</name>
         <load_address>0x14622</load_address>
         <run_address>0x14622</run_address>
         <size>0x18</size>
         <input_file_ref idref="fl-111"/>
      </object_component>
      <object_component id="oc-420">
         <name>.text:strcmp</name>
         <load_address>0x1463a</load_address>
         <run_address>0x1463a</run_address>
         <size>0x18</size>
         <input_file_ref idref="fl-119"/>
      </object_component>
      <object_component id="oc-642">
         <name>.text:strchr</name>
         <load_address>0x14652</load_address>
         <run_address>0x14652</run_address>
         <size>0x16</size>
         <input_file_ref idref="fl-131"/>
      </object_component>
      <object_component id="oc-1b4">
         <name>.text:strcpy</name>
         <load_address>0x14668</load_address>
         <run_address>0x14668</run_address>
         <size>0x14</size>
         <input_file_ref idref="fl-11a"/>
      </object_component>
      <object_component id="oc-1ba">
         <name>.text:strlen</name>
         <load_address>0x1467c</load_address>
         <run_address>0x1467c</run_address>
         <size>0x14</size>
         <input_file_ref idref="fl-11b"/>
      </object_component>
      <object_component id="oc-519">
         <name>.text:wcslen</name>
         <load_address>0x14690</load_address>
         <run_address>0x14690</run_address>
         <size>0x12</size>
         <input_file_ref idref="fl-133"/>
      </object_component>
      <object_component id="oc-18">
         <name>.text:decompress:none:__TI_decompress_none</name>
         <load_address>0x146a2</load_address>
         <run_address>0x146a2</run_address>
         <size>0xe</size>
         <input_file_ref idref="fl-117"/>
      </object_component>
      <object_component id="oc-67">
         <name>.text:decompress:ZI:__TI_zero_init</name>
         <load_address>0x146b0</load_address>
         <run_address>0x146b0</run_address>
         <size>0xc</size>
         <input_file_ref idref="fl-116"/>
      </object_component>
      <object_component id="oc-24">
         <name>.text</name>
         <load_address>0x146bc</load_address>
         <run_address>0x146bc</run_address>
         <size>0xc</size>
         <input_file_ref idref="fl-6"/>
      </object_component>
      <object_component id="oc-3b4">
         <name>.text:_outc</name>
         <load_address>0x146c8</load_address>
         <run_address>0x146c8</run_address>
         <size>0xa</size>
         <input_file_ref idref="fl-111"/>
      </object_component>
      <object_component id="oc-51f">
         <name>.text:__aeabi_errno_addr</name>
         <load_address>0x146d4</load_address>
         <run_address>0x146d4</run_address>
         <size>0x8</size>
         <input_file_ref idref="fl-132"/>
      </object_component>
      <object_component id="oc-23e">
         <name>.text:SysCtlDelay</name>
         <load_address>0x146dc</load_address>
         <run_address>0x146dc</run_address>
         <size>0x6</size>
         <input_file_ref idref="fl-2c"/>
      </object_component>
      <object_component id="oc-16a">
         <name>.text:_system_pre_init</name>
         <load_address>0x146e2</load_address>
         <run_address>0x146e2</run_address>
         <size>0x4</size>
         <input_file_ref idref="fl-128"/>
      </object_component>
      <object_component id="oc-33e">
         <name>.text:abort:abort</name>
         <load_address>0x146e6</load_address>
         <run_address>0x146e6</run_address>
         <size>0x4</size>
         <input_file_ref idref="fl-12a"/>
      </object_component>
      <object_component id="oc-3e0">
         <name>.const:crctttab</name>
         <load_address>0x146ec</load_address>
         <run_address>0x146ec</run_address>
         <size>0x200</size>
         <input_file_ref idref="fl-4"/>
      </object_component>
      <object_component id="oc-23b">
         <name>.const:g_pppui32XTALtoVCO</name>
         <load_address>0x148ec</load_address>
         <run_address>0x148ec</run_address>
         <size>0x1b0</size>
         <input_file_ref idref="fl-2c"/>
      </object_component>
      <object_component id="oc-42b">
         <name>.const:.string</name>
         <load_address>0x14a9c</load_address>
         <run_address>0x14a9c</run_address>
         <size>0x130</size>
         <input_file_ref idref="fl-3"/>
      </object_component>
      <object_component id="oc-5eb">
         <name>.const:.string:_ctypes_</name>
         <load_address>0x14bcc</load_address>
         <run_address>0x14bcc</run_address>
         <size>0x101</size>
         <input_file_ref idref="fl-12e"/>
      </object_component>
      <object_component id="oc-251">
         <name>.const:g_ppui32GPIOIntMapSnowflake</name>
         <load_address>0x14cd0</load_address>
         <run_address>0x14cd0</run_address>
         <size>0xd8</size>
         <input_file_ref idref="fl-20"/>
      </object_component>
      <object_component id="oc-24e">
         <name>.const:g_ppui32GPIOIntMapBlizzard</name>
         <load_address>0x14da8</load_address>
         <run_address>0x14da8</run_address>
         <size>0xc0</size>
         <input_file_ref idref="fl-20"/>
      </object_component>
      <object_component id="oc-297">
         <name>.const:g_pui32Regs</name>
         <load_address>0x14e68</load_address>
         <run_address>0x14e68</run_address>
         <size>0x9c</size>
         <input_file_ref idref="fl-23"/>
      </object_component>
      <object_component id="oc-254">
         <name>.const:g_pui32GPIOBaseAddrs</name>
         <load_address>0x14f04</load_address>
         <run_address>0x14f04</run_address>
         <size>0x90</size>
         <input_file_ref idref="fl-20"/>
      </object_component>
      <object_component id="oc-235">
         <name>.const:g_pui32Xtals</name>
         <load_address>0x14f94</load_address>
         <run_address>0x14f94</run_address>
         <size>0x6c</size>
         <input_file_ref idref="fl-2c"/>
      </object_component>
      <object_component id="oc-267">
         <name>.const:g_ppui32TimerIntMap</name>
         <load_address>0x15000</load_address>
         <run_address>0x15000</run_address>
         <size>0x60</size>
         <input_file_ref idref="fl-2f"/>
      </object_component>
      <object_component id="oc-26a">
         <name>.const:g_ppui32TimerIntMapSnowflake</name>
         <load_address>0x15060</load_address>
         <run_address>0x15060</run_address>
         <size>0x40</size>
         <input_file_ref idref="fl-2f"/>
      </object_component>
      <object_component id="oc-1ed">
         <name>.const:g_ppui32UARTIntMap</name>
         <load_address>0x150a0</load_address>
         <run_address>0x150a0</run_address>
         <size>0x40</size>
         <input_file_ref idref="fl-30"/>
      </object_component>
      <object_component id="oc-1f0">
         <name>.const:g_ppui32UARTIntMapSnowflake</name>
         <load_address>0x150e0</load_address>
         <run_address>0x150e0</run_address>
         <size>0x40</size>
         <input_file_ref idref="fl-30"/>
      </object_component>
      <object_component id="oc-5ab">
         <name>.const:.string:g_pui8ConfigString</name>
         <load_address>0x15120</load_address>
         <run_address>0x15120</run_address>
         <size>0x36</size>
         <input_file_ref idref="fl-8"/>
      </object_component>
      <object_component id="oc-317">
         <name>.const:g_psUSBDStdRequests</name>
         <load_address>0x15158</load_address>
         <run_address>0x15158</run_address>
         <size>0x34</size>
         <input_file_ref idref="fl-3d"/>
      </object_component>
      <object_component id="oc-447">
         <name>.const:g_sCDCHandlers</name>
         <load_address>0x1518c</load_address>
         <run_address>0x1518c</run_address>
         <size>0x30</size>
         <input_file_ref idref="fl-38"/>
      </object_component>
      <object_component id="oc-22c">
         <name>.const:g_sXTALtoMEMTIM</name>
         <load_address>0x151bc</load_address>
         <run_address>0x151bc</run_address>
         <size>0x30</size>
         <input_file_ref idref="fl-2c"/>
      </object_component>
      <object_component id="oc-5a8">
         <name>.const:.string:g_pui8ControlInterfaceString</name>
         <load_address>0x151ec</load_address>
         <run_address>0x151ec</run_address>
         <size>0x2c</size>
         <input_file_ref idref="fl-8"/>
      </object_component>
      <object_component id="oc-59f">
         <name>.const:.string:g_pui8ManufacturerString</name>
         <load_address>0x15218</load_address>
         <run_address>0x15218</run_address>
         <size>0x24</size>
         <input_file_ref idref="fl-8"/>
      </object_component>
      <object_component id="oc-73f">
         <name>.const:.string:g_pui8CDCSerCommInterface</name>
         <load_address>0x1523c</load_address>
         <run_address>0x1523c</run_address>
         <size>0x23</size>
         <input_file_ref idref="fl-38"/>
      </object_component>
      <object_component id="oc-5a2">
         <name>.const:.string:g_pui8ProductString</name>
         <load_address>0x1525f</load_address>
         <run_address>0x1525f</run_address>
         <size>0x22</size>
         <input_file_ref idref="fl-8"/>
      </object_component>
      <object_component id="oc-294">
         <name>.const:g_pui32Priority</name>
         <load_address>0x15284</load_address>
         <run_address>0x15284</run_address>
         <size>0x20</size>
         <input_file_ref idref="fl-23"/>
      </object_component>
      <object_component id="oc-476">
         <name>.const:g_ppui8StringDescriptors</name>
         <load_address>0x152a4</load_address>
         <run_address>0x152a4</run_address>
         <size>0x18</size>
         <input_file_ref idref="fl-8"/>
      </object_component>
      <object_component id="oc-744">
         <name>.const:.string:g_pui8CDCSerDataInterface</name>
         <load_address>0x152bc</load_address>
         <run_address>0x152bc</run_address>
         <size>0x17</size>
         <input_file_ref idref="fl-38"/>
      </object_component>
      <object_component id="oc-749">
         <name>.const:.string:g_pui8CDCSerDataInterfaceHS</name>
         <load_address>0x152d3</load_address>
         <run_address>0x152d3</run_address>
         <size>0x17</size>
         <input_file_ref idref="fl-38"/>
      </object_component>
      <object_component id="oc-29d">
         <name>.const:g_pui32Dii16Regs</name>
         <load_address>0x152ec</load_address>
         <run_address>0x152ec</run_address>
         <size>0x14</size>
         <input_file_ref idref="fl-23"/>
      </object_component>
      <object_component id="oc-29a">
         <name>.const:g_pui32EnRegs</name>
         <load_address>0x15300</load_address>
         <run_address>0x15300</run_address>
         <size>0x14</size>
         <input_file_ref idref="fl-23"/>
      </object_component>
      <object_component id="oc-2a0">
         <name>.const:g_pui32PendRegs</name>
         <load_address>0x15314</load_address>
         <run_address>0x15314</run_address>
         <size>0x14</size>
         <input_file_ref idref="fl-23"/>
      </object_component>
      <object_component id="oc-2a3">
         <name>.const:g_pui32UnpendRegs</name>
         <load_address>0x15328</load_address>
         <run_address>0x15328</run_address>
         <size>0x14</size>
         <input_file_ref idref="fl-23"/>
      </object_component>
      <object_component id="oc-5a5">
         <name>.const:.string:g_pui8SerialNumberString</name>
         <load_address>0x1533c</load_address>
         <run_address>0x1533c</run_address>
         <size>0x12</size>
         <input_file_ref idref="fl-8"/>
      </object_component>
      <object_component id="oc-218">
         <name>.const:.string</name>
         <load_address>0x15350</load_address>
         <run_address>0x15350</run_address>
         <size>0x12</size>
         <input_file_ref idref="fl-57"/>
      </object_component>
      <object_component id="oc-b6">
         <name>.const:g_ui32UARTBase</name>
         <load_address>0x15364</load_address>
         <run_address>0x15364</run_address>
         <size>0xc</size>
         <input_file_ref idref="fl-57"/>
      </object_component>
      <object_component id="oc-bc">
         <name>.const:g_ui32UARTInt</name>
         <load_address>0x15370</load_address>
         <run_address>0x15370</run_address>
         <size>0xc</size>
         <input_file_ref idref="fl-57"/>
      </object_component>
      <object_component id="oc-b9">
         <name>.const:g_ui32UARTPeriph</name>
         <load_address>0x1537c</load_address>
         <run_address>0x1537c</run_address>
         <size>0xc</size>
         <input_file_ref idref="fl-57"/>
      </object_component>
      <object_component id="oc-238">
         <name>.const:g_pui32VCOFrequencies</name>
         <load_address>0x15388</load_address>
         <run_address>0x15388</run_address>
         <size>0x8</size>
         <input_file_ref idref="fl-2c"/>
      </object_component>
      <object_component id="oc-587">
         <name>.const:g_sCDCCompSerConfigHeader</name>
         <load_address>0x15390</load_address>
         <run_address>0x15390</run_address>
         <size>0x8</size>
         <input_file_ref idref="fl-38"/>
      </object_component>
      <object_component id="oc-58c">
         <name>.const:g_sCDCCompSerConfigHeaderHS</name>
         <load_address>0x15398</load_address>
         <run_address>0x15398</run_address>
         <size>0x8</size>
         <input_file_ref idref="fl-38"/>
      </object_component>
      <object_component id="oc-714">
         <name>.const:g_sCDCSerCommInterfaceSection</name>
         <load_address>0x153a0</load_address>
         <run_address>0x153a0</run_address>
         <size>0x8</size>
         <input_file_ref idref="fl-38"/>
      </object_component>
      <object_component id="oc-57d">
         <name>.const:g_sCDCSerConfigHeader</name>
         <load_address>0x153a8</load_address>
         <run_address>0x153a8</run_address>
         <size>0x8</size>
         <input_file_ref idref="fl-38"/>
      </object_component>
      <object_component id="oc-582">
         <name>.const:g_sCDCSerConfigHeaderHS</name>
         <load_address>0x153b0</load_address>
         <run_address>0x153b0</run_address>
         <size>0x8</size>
         <input_file_ref idref="fl-38"/>
      </object_component>
      <object_component id="oc-711">
         <name>.const:g_sCDCSerConfigSection</name>
         <load_address>0x153b8</load_address>
         <run_address>0x153b8</run_address>
         <size>0x8</size>
         <input_file_ref idref="fl-38"/>
      </object_component>
      <object_component id="oc-717">
         <name>.const:g_sCDCSerDataInterfaceSection</name>
         <load_address>0x153c0</load_address>
         <run_address>0x153c0</run_address>
         <size>0x8</size>
         <input_file_ref idref="fl-38"/>
      </object_component>
      <object_component id="oc-71c">
         <name>.const:g_sCDCSerDataInterfaceSectionHS</name>
         <load_address>0x153c8</load_address>
         <run_address>0x153c8</run_address>
         <size>0x8</size>
         <input_file_ref idref="fl-38"/>
      </object_component>
      <object_component id="oc-721">
         <name>.const:g_sIADSerConfigSection</name>
         <load_address>0x153d0</load_address>
         <run_address>0x153d0</run_address>
         <size>0x8</size>
         <input_file_ref idref="fl-38"/>
      </object_component>
      <object_component id="oc-59c">
         <name>.const:.string:g_pui8LangDescriptor</name>
         <load_address>0x153d8</load_address>
         <run_address>0x153d8</run_address>
         <size>0x4</size>
         <input_file_ref idref="fl-8"/>
      </object_component>
      <object_component id="oc-453">
         <name>.const:g_pCDCCompSerConfigDescriptors</name>
         <load_address>0x153dc</load_address>
         <run_address>0x153dc</run_address>
         <size>0x4</size>
         <input_file_ref idref="fl-38"/>
      </object_component>
      <object_component id="oc-456">
         <name>.const:g_pCDCCompSerConfigDescriptorsHS</name>
         <load_address>0x153e0</load_address>
         <run_address>0x153e0</run_address>
         <size>0x4</size>
         <input_file_ref idref="fl-38"/>
      </object_component>
      <object_component id="oc-44d">
         <name>.const:g_ppCDCSerConfigDescriptors</name>
         <load_address>0x153e4</load_address>
         <run_address>0x153e4</run_address>
         <size>0x4</size>
         <input_file_ref idref="fl-38"/>
      </object_component>
      <object_component id="oc-450">
         <name>.const:g_ppCDCSerConfigDescriptorsHS</name>
         <load_address>0x153e8</load_address>
         <run_address>0x153e8</run_address>
         <size>0x4</size>
         <input_file_ref idref="fl-38"/>
      </object_component>
      <object_component id="oc-8b">
         <name>.const</name>
         <load_address>0x153ec</load_address>
         <run_address>0x153ec</run_address>
         <size>0x4</size>
         <input_file_ref idref="fl-10"/>
      </object_component>
      <object_component id="oc-ca">
         <name>.const</name>
         <load_address>0x153f0</load_address>
         <run_address>0x153f0</run_address>
         <size>0x4</size>
         <input_file_ref idref="fl-57"/>
      </object_component>
      <object_component id="oc-785">
         <name>.cinit..data.load</name>
         <load_address>0x153f8</load_address>
         <run_address>0x153f8</run_address>
         <size>0x135</size>
      </object_component>
      <object_component id="oc-782">
         <name>__TI_handler_table</name>
         <load_address>0x15530</load_address>
         <run_address>0x15530</run_address>
         <size>0xc</size>
      </object_component>
      <object_component id="oc-786">
         <name>.cinit..bss.load</name>
         <load_address>0x15540</load_address>
         <run_address>0x15540</run_address>
         <size>0x8</size>
      </object_component>
      <object_component id="oc-784">
         <name>.cinit..vtable.load</name>
         <load_address>0x15548</load_address>
         <run_address>0x15548</run_address>
         <size>0x8</size>
      </object_component>
      <object_component id="oc-783">
         <name>__TI_cinit_table</name>
         <load_address>0x15550</load_address>
         <run_address>0x15550</run_address>
         <size>0x18</size>
      </object_component>
      <object_component id="oc-291">
         <name>.vtable</name>
         <uninitialized>true</uninitialized>
         <run_address>0x20000000</run_address>
         <size>0x26c</size>
         <input_file_ref idref="fl-23"/>
      </object_component>
      <object_component id="oc-ea">
         <name>.data</name>
         <load_address>0x20006520</load_address>
         <run_address>0x20006520</run_address>
         <size>0x9</size>
         <input_file_ref idref="fl-2"/>
      </object_component>
      <object_component id="oc-2b4">
         <name>.data:g_psCmdTable</name>
         <load_address>0x200062d8</load_address>
         <run_address>0x200062d8</run_address>
         <size>0x60</size>
         <input_file_ref idref="fl-3"/>
      </object_component>
      <object_component id="oc-2d0">
         <name>.data</name>
         <load_address>0x20006534</load_address>
         <run_address>0x20006534</run_address>
         <size>0x9</size>
         <input_file_ref idref="fl-7"/>
      </object_component>
      <object_component id="oc-2d3">
         <name>.data:ConfigLinea</name>
         <load_address>0x2000655c</load_address>
         <run_address>0x2000655c</run_address>
         <size>0x7</size>
         <input_file_ref idref="fl-7"/>
      </object_component>
      <object_component id="oc-2d9">
         <name>.data:g_sCDCDevice</name>
         <load_address>0x20006338</load_address>
         <run_address>0x20006338</run_address>
         <size>0x60</size>
         <input_file_ref idref="fl-8"/>
      </object_component>
      <object_component id="oc-2ca">
         <name>.data:g_sRxBuffer</name>
         <load_address>0x200063d4</load_address>
         <run_address>0x200063d4</run_address>
         <size>0x38</size>
         <input_file_ref idref="fl-8"/>
      </object_component>
      <object_component id="oc-2d6">
         <name>.data:g_sTxBuffer</name>
         <load_address>0x2000640c</load_address>
         <run_address>0x2000640c</run_address>
         <size>0x38</size>
         <input_file_ref idref="fl-8"/>
      </object_component>
      <object_component id="oc-88">
         <name>.data</name>
         <load_address>0x20006398</load_address>
         <run_address>0x20006398</run_address>
         <size>0x3c</size>
         <input_file_ref idref="fl-e"/>
      </object_component>
      <object_component id="oc-274">
         <name>.data</name>
         <load_address>0x200064fc</load_address>
         <run_address>0x200064fc</run_address>
         <size>0xc</size>
         <input_file_ref idref="fl-f"/>
      </object_component>
      <object_component id="oc-95">
         <name>.data</name>
         <load_address>0x20006564</load_address>
         <run_address>0x20006564</run_address>
         <size>0x4</size>
         <input_file_ref idref="fl-10"/>
      </object_component>
      <object_component id="oc-388">
         <name>.data</name>
         <load_address>0x200064d4</load_address>
         <run_address>0x200064d4</run_address>
         <size>0x10</size>
         <input_file_ref idref="fl-12"/>
      </object_component>
      <object_component id="oc-28c">
         <name>.data</name>
         <load_address>0x2000653d</load_address>
         <run_address>0x2000653d</run_address>
         <size>0x3</size>
         <input_file_ref idref="fl-34"/>
      </object_component>
      <object_component id="oc-262">
         <name>.data</name>
         <load_address>0x20006568</load_address>
         <run_address>0x20006568</run_address>
         <size>0x4</size>
         <input_file_ref idref="fl-35"/>
      </object_component>
      <object_component id="oc-44a">
         <name>.data:g_pui8CDCSerDeviceDescriptor</name>
         <load_address>0x200064a0</load_address>
         <run_address>0x200064a0</run_address>
         <size>0x12</size>
         <input_file_ref idref="fl-38"/>
      </object_component>
      <object_component id="oc-459">
         <name>.data:g_pui8CDCSerDescriptor</name>
         <load_address>0x20006529</load_address>
         <run_address>0x20006529</run_address>
         <size>0x9</size>
         <input_file_ref idref="fl-38"/>
      </object_component>
      <object_component id="oc-74e">
         <name>.data:g_pui8IADSerDescriptor</name>
         <load_address>0x20006549</load_address>
         <run_address>0x20006549</run_address>
         <size>0x8</size>
         <input_file_ref idref="fl-38"/>
      </object_component>
      <object_component id="oc-699">
         <name>.data:g_psCDCSerSections</name>
         <load_address>0x200064e4</load_address>
         <run_address>0x200064e4</run_address>
         <size>0xc</size>
         <input_file_ref idref="fl-38"/>
      </object_component>
      <object_component id="oc-69e">
         <name>.data:g_psCDCSerSectionsHS</name>
         <load_address>0x200064f0</load_address>
         <run_address>0x200064f0</run_address>
         <size>0xc</size>
         <input_file_ref idref="fl-38"/>
      </object_component>
      <object_component id="oc-6a3">
         <name>.data:g_psCDCCompSerSections</name>
         <load_address>0x200064b4</load_address>
         <run_address>0x200064b4</run_address>
         <size>0x10</size>
         <input_file_ref idref="fl-38"/>
      </object_component>
      <object_component id="oc-6a8">
         <name>.data:g_psCDCCompSerSectionsHS</name>
         <load_address>0x200064c4</load_address>
         <run_address>0x200064c4</run_address>
         <size>0x10</size>
         <input_file_ref idref="fl-38"/>
      </object_component>
      <object_component id="oc-444">
         <name>.data</name>
         <load_address>0x200064b2</load_address>
         <run_address>0x200064b2</run_address>
         <size>0x2</size>
         <input_file_ref idref="fl-38"/>
      </object_component>
      <object_component id="oc-30e">
         <name>.data</name>
         <load_address>0x20006554</load_address>
         <run_address>0x20006554</run_address>
         <size>0x8</size>
         <input_file_ref idref="fl-3d"/>
      </object_component>
      <object_component id="oc-54d">
         <name>.data</name>
         <load_address>0x2000648c</load_address>
         <run_address>0x2000648c</run_address>
         <size>0x14</size>
         <input_file_ref idref="fl-4a"/>
      </object_component>
      <object_component id="oc-55f">
         <name>.data:g_sUSBHEP0State</name>
         <load_address>0x20006474</load_address>
         <run_address>0x20006474</run_address>
         <size>0x18</size>
         <input_file_ref idref="fl-4a"/>
      </object_component>
      <object_component id="oc-30b">
         <name>.data</name>
         <load_address>0x20006540</load_address>
         <run_address>0x20006540</run_address>
         <size>0x9</size>
         <input_file_ref idref="fl-50"/>
      </object_component>
      <object_component id="oc-326">
         <name>.data</name>
         <load_address>0x20006514</load_address>
         <run_address>0x20006514</run_address>
         <size>0xc</size>
         <input_file_ref idref="fl-52"/>
      </object_component>
      <object_component id="oc-228">
         <name>.data:g_pui32CPUUsageTimerPeriph</name>
         <load_address>0x2000645c</load_address>
         <run_address>0x2000645c</run_address>
         <size>0x18</size>
         <input_file_ref idref="fl-56"/>
      </object_component>
      <object_component id="oc-222">
         <name>.data:g_pui32CPUUsageTimerBase</name>
         <load_address>0x20006444</load_address>
         <run_address>0x20006444</run_address>
         <size>0x18</size>
         <input_file_ref idref="fl-56"/>
      </object_component>
      <object_component id="oc-b0">
         <name>.data</name>
         <load_address>0x20006508</load_address>
         <run_address>0x20006508</run_address>
         <size>0xc</size>
         <input_file_ref idref="fl-57"/>
      </object_component>
      <object_component id="oc-652">
         <name>.data</name>
         <load_address>0x2000656c</load_address>
         <run_address>0x2000656c</run_address>
         <size>0x4</size>
         <input_file_ref idref="fl-132"/>
      </object_component>
      <object_component id="oc-2cd">
         <name>.bss</name>
         <uninitialized>true</uninitialized>
         <run_address>0x20006280</run_address>
         <size>0x8</size>
         <input_file_ref idref="fl-7"/>
      </object_component>
      <object_component id="oc-192">
         <name>.bss:pxReadyTasksLists</name>
         <uninitialized>true</uninitialized>
         <run_address>0x20005b38</run_address>
         <size>0x140</size>
         <input_file_ref idref="fl-e"/>
      </object_component>
      <object_component id="oc-1ae">
         <name>.bss:xDelayedTaskList1</name>
         <uninitialized>true</uninitialized>
         <run_address>0x200061e4</run_address>
         <size>0x14</size>
         <input_file_ref idref="fl-e"/>
      </object_component>
      <object_component id="oc-1b1">
         <name>.bss:xDelayedTaskList2</name>
         <uninitialized>true</uninitialized>
         <run_address>0x200061f8</run_address>
         <size>0x14</size>
         <input_file_ref idref="fl-e"/>
      </object_component>
      <object_component id="oc-198">
         <name>.bss</name>
         <uninitialized>true</uninitialized>
         <run_address>0x20006270</run_address>
         <size>0x8</size>
         <input_file_ref idref="fl-e"/>
      </object_component>
      <object_component id="oc-1a4">
         <name>.bss:xPendingReadyList</name>
         <uninitialized>true</uninitialized>
         <run_address>0x2000620c</run_address>
         <size>0x14</size>
         <input_file_ref idref="fl-e"/>
      </object_component>
      <object_component id="oc-195">
         <name>.bss:xTasksWaitingTermination</name>
         <uninitialized>true</uninitialized>
         <run_address>0x20006234</run_address>
         <size>0x14</size>
         <input_file_ref idref="fl-e"/>
      </object_component>
      <object_component id="oc-19b">
         <name>.bss:xSuspendedTaskList</name>
         <uninitialized>true</uninitialized>
         <run_address>0x20006220</run_address>
         <size>0x14</size>
         <input_file_ref idref="fl-e"/>
      </object_component>
      <object_component id="oc-27a">
         <name>.bss:xActiveTimerList1</name>
         <uninitialized>true</uninitialized>
         <run_address>0x200061bc</run_address>
         <size>0x14</size>
         <input_file_ref idref="fl-f"/>
      </object_component>
      <object_component id="oc-27d">
         <name>.bss:xActiveTimerList2</name>
         <uninitialized>true</uninitialized>
         <run_address>0x200061d0</run_address>
         <size>0x14</size>
         <input_file_ref idref="fl-f"/>
      </object_component>
      <object_component id="oc-277">
         <name>.bss</name>
         <uninitialized>true</uninitialized>
         <run_address>0x20006278</run_address>
         <size>0x8</size>
         <input_file_ref idref="fl-f"/>
      </object_component>
      <object_component id="oc-38e">
         <name>.bss:ucHeap</name>
         <uninitialized>true</uninitialized>
         <run_address>0x2000026c</run_address>
         <size>0x5000</size>
         <input_file_ref idref="fl-12"/>
      </object_component>
      <object_component id="oc-38b">
         <name>.bss:xStart</name>
         <uninitialized>true</uninitialized>
         <run_address>0x20006290</run_address>
         <size>0x8</size>
         <input_file_ref idref="fl-12"/>
      </object_component>
      <object_component id="oc-26f">
         <name>.bss:g_pui8OversampleFactor</name>
         <uninitialized>true</uninitialized>
         <run_address>0x20006268</run_address>
         <size>0x8</size>
         <input_file_ref idref="fl-13"/>
      </object_component>
      <object_component id="oc-25f">
         <name>.bss:g_ui32Colors</name>
         <uninitialized>true</uninitialized>
         <run_address>0x20006254</run_address>
         <size>0xc</size>
         <input_file_ref idref="fl-35"/>
      </object_component>
      <object_component id="oc-25e">
         <name>.bss</name>
         <uninitialized>true</uninitialized>
         <run_address>0x20006298</run_address>
         <size>0x4</size>
         <input_file_ref idref="fl-35"/>
      </object_component>
      <object_component id="oc-314">
         <name>.bss:g_pui8DataBufferIn</name>
         <uninitialized>true</uninitialized>
         <run_address>0x200060c4</run_address>
         <size>0x40</size>
         <input_file_ref idref="fl-3d"/>
      </object_component>
      <object_component id="oc-311">
         <name>.bss</name>
         <uninitialized>true</uninitialized>
         <run_address>0x2000629c</run_address>
         <size>0x4</size>
         <input_file_ref idref="fl-3d"/>
      </object_component>
      <object_component id="oc-672">
         <name>.bss:g_sRootHub</name>
         <uninitialized>true</uninitialized>
         <run_address>0x20005f88</run_address>
         <size>0x9c</size>
         <input_file_ref idref="fl-48"/>
      </object_component>
      <object_component id="oc-675">
         <name>.bss</name>
         <uninitialized>true</uninitialized>
         <run_address>0x20006288</run_address>
         <size>0x8</size>
         <input_file_ref idref="fl-48"/>
      </object_component>
      <object_component id="oc-559">
         <name>.bss</name>
         <uninitialized>true</uninitialized>
         <run_address>0x200062a0</run_address>
         <size>0x4</size>
         <input_file_ref idref="fl-4a"/>
      </object_component>
      <object_component id="oc-556">
         <name>.bss:g_pi32USBHActiveDriver</name>
         <uninitialized>true</uninitialized>
         <run_address>0x20006148</run_address>
         <size>0x18</size>
         <input_file_ref idref="fl-4a"/>
      </object_component>
      <object_component id="oc-55c">
         <name>.bss:g_ppvDriverInstance</name>
         <uninitialized>true</uninitialized>
         <run_address>0x20006160</run_address>
         <size>0x18</size>
         <input_file_ref idref="fl-4a"/>
      </object_component>
      <object_component id="oc-547">
         <name>.bss:g_sUSBHCD</name>
         <uninitialized>true</uninitialized>
         <run_address>0x2000526c</run_address>
         <size>0x6cc</size>
         <input_file_ref idref="fl-4a"/>
      </object_component>
      <object_component id="oc-54a">
         <name>.bss:g_pui32Alloc</name>
         <uninitialized>true</uninitialized>
         <run_address>0x20006260</run_address>
         <size>0x8</size>
         <input_file_ref idref="fl-4a"/>
      </object_component>
      <object_component id="oc-48a">
         <name>.bss:g_psUSBDMAInst</name>
         <uninitialized>true</uninitialized>
         <run_address>0x20005c78</run_address>
         <size>0x110</size>
         <input_file_ref idref="fl-4e"/>
      </object_component>
      <object_component id="oc-43f">
         <name>.bss</name>
         <uninitialized>true</uninitialized>
         <run_address>0x200062a4</run_address>
         <size>0x4</size>
         <input_file_ref idref="fl-50"/>
      </object_component>
      <object_component id="oc-426">
         <name>.bss:g_ppcArgv</name>
         <uninitialized>true</uninitialized>
         <run_address>0x20006104</run_address>
         <size>0x24</size>
         <input_file_ref idref="fl-55"/>
      </object_component>
      <object_component id="oc-225">
         <name>.bss</name>
         <uninitialized>true</uninitialized>
         <run_address>0x20006248</run_address>
         <size>0xc</size>
         <input_file_ref idref="fl-56"/>
      </object_component>
      <object_component id="oc-b3">
         <name>.bss</name>
         <uninitialized>true</uninitialized>
         <run_address>0x200061a8</run_address>
         <size>0x14</size>
         <input_file_ref idref="fl-57"/>
      </object_component>
      <object_component id="oc-c2">
         <name>.bss:g_pcUARTRxHistoryBuffer</name>
[...]
      </symbol>
      <symbol id="sm-168c">
         <name>USBDescGetInterfaceEndpoint</name>
         <value>0x12b73</value>
         <object_component_ref idref="oc-4aa"/>
      </symbol>
      <symbol id="sm-168d">
         <name>USBDescGetInterface</name>
         <value>0x12b45</value>
         <object_component_ref idref="oc-4aa"/>
      </symbol>
      <symbol id="sm-168e">
         <name>USBDescGet</name>
         <value>0x12a21</value>
         <object_component_ref idref="oc-4aa"/>
      </symbol>
      <symbol id="sm-168f">
         <name>USBDescGetNum</name>
         <value>0x129c5</value>
         <object_component_ref idref="oc-4aa"/>
      </symbol>
      <symbol id="sm-1690">
         <name>USBDescGetNumAlternateInterfaces</name>
         <value>0x12a8b</value>
         <object_component_ref idref="oc-4aa"/>
      </symbol>
      <symbol id="sm-176d">
         <name>USBLibDMASizeGet</name>
         <value>0x91ed</value>
         <object_component_ref idref="oc-2fb"/>
      </symbol>
      <symbol id="sm-176e">
         <name>USBLibDMAAddrGet</name>
         <value>0x91d5</value>
         <object_component_ref idref="oc-2fb"/>
      </symbol>
      <symbol id="sm-176f">
         <name>USBLibDMAInit</name>
         <value>0x9205</value>
         <object_component_ref idref="oc-2fb"/>
      </symbol>
      <symbol id="sm-17df">
         <name>g_ui32PollRate</name>
         <value>0x200062bc</value>
      </symbol>
      <symbol id="sm-17e0">
         <name>g_eOTGModeState</name>
         <value>0x200062d4</value>
      </symbol>
      <symbol id="sm-17e1">
         <name>USBOTGModeTerm</name>
         <value>0xff79</value>
         <object_component_ref idref="oc-2be"/>
      </symbol>
      <symbol id="sm-17e2">
         <name>USB0DualModeIntHandler</name>
         <value>0xfe89</value>
         <object_component_ref idref="oc-2be"/>
      </symbol>
      <symbol id="sm-17e3">
         <name>USBOTGMain</name>
         <value>0x101d5</value>
         <object_component_ref idref="oc-2be"/>
      </symbol>
      <symbol id="sm-17e4">
         <name>USB0OTGModeIntHandler</name>
         <value>0x100c9</value>
         <object_component_ref idref="oc-2be"/>
      </symbol>
      <symbol id="sm-17e5">
         <name>USBDualModeInit</name>
         <value>0xfed5</value>
         <object_component_ref idref="oc-2be"/>
      </symbol>
      <symbol id="sm-17e6">
         <name>USBDualModeTerm</name>
         <value>0xff45</value>
         <object_component_ref idref="oc-2be"/>
      </symbol>
      <symbol id="sm-17e7">
         <name>g_iUSBMode</name>
         <value>0x20006540</value>
         <object_component_ref idref="oc-30b"/>
      </symbol>
      <symbol id="sm-17e8">
         <name>USBOTGModeInit</name>
         <value>0xffb3</value>
         <object_component_ref idref="oc-2be"/>
      </symbol>
      <symbol id="sm-17e9">
         <name>USBStackModeSet</name>
         <value>0xfe4d</value>
         <object_component_ref idref="oc-2be"/>
      </symbol>
      <symbol id="sm-17ea">
         <name>g_ui32WaitTicks</name>
         <value>0x20006544</value>
         <object_component_ref idref="oc-30b"/>
      </symbol>
      <symbol id="sm-17eb">
         <name>USBOTGPollRate</name>
         <value>0x100a3</value>
         <object_component_ref idref="oc-2be"/>
      </symbol>
      <symbol id="sm-17ec">
         <name>OTGDeviceDisconnect</name>
         <value>0x101af</value>
         <object_component_ref idref="oc-2be"/>
      </symbol>
      <symbol id="sm-17ed">
         <name>USBOTGFeatureSet</name>
         <value>0x1026b</value>
         <object_component_ref idref="oc-2be"/>
      </symbol>
      <symbol id="sm-1824">
         <name>USBRingBufWrite</name>
         <value>0x12153</value>
         <object_component_ref idref="oc-42e"/>
      </symbol>
      <symbol id="sm-1825">
         <name>USBRingBufContigUsed</name>
         <value>0x11fcf</value>
         <object_component_ref idref="oc-42e"/>
      </symbol>
      <symbol id="sm-1826">
         <name>USBRingBufFlush</name>
         <value>0x11f67</value>
         <object_component_ref idref="oc-42e"/>
      </symbol>
      <symbol id="sm-1827">
         <name>USBRingBufAdvanceWrite</name>
         <value>0x120d1</value>
         <object_component_ref idref="oc-42e"/>
      </symbol>
      <symbol id="sm-1828">
         <name>USBRingBufWriteOne</name>
         <value>0x1212d</value>
         <object_component_ref idref="oc-42e"/>
      </symbol>
      <symbol id="sm-1829">
         <name>USBRingBufUsed</name>
         <value>0x11f87</value>
         <object_component_ref idref="oc-42e"/>
      </symbol>
      <symbol id="sm-182a">
         <name>USBRingBufFree</name>
         <value>0x11fb9</value>
         <object_component_ref idref="oc-42e"/>
      </symbol>
      <symbol id="sm-182b">
         <name>USBRingBufAdvanceRead</name>
         <value>0x120a3</value>
         <object_component_ref idref="oc-42e"/>
      </symbol>
      <symbol id="sm-182c">
         <name>USBRingBufFull</name>
         <value>0x11f03</value>
         <object_component_ref idref="oc-42e"/>
      </symbol>
      <symbol id="sm-182d">
         <name>USBRingBufReadOne</name>
         <value>0x12047</value>
         <object_component_ref idref="oc-42e"/>
      </symbol>
      <symbol id="sm-182e">
         <name>USBRingBufEmpty</name>
         <value>0x11f3d</value>
         <object_component_ref idref="oc-42e"/>
      </symbol>
      <symbol id="sm-182f">
         <name>USBRingBufSize</name>
         <value>0x12039</value>
         <object_component_ref idref="oc-42e"/>
      </symbol>
      <symbol id="sm-1830">
         <name>USBRingBufInit</name>
         <value>0x12189</value>
         <object_component_ref idref="oc-42e"/>
      </symbol>
      <symbol id="sm-1831">
         <name>USBRingBufRead</name>
         <value>0x1206d</value>
         <object_component_ref idref="oc-42e"/>
      </symbol>
      <symbol id="sm-1832">
         <name>USBRingBufContigFree</name>
         <value>0x11ffd</value>
         <object_component_ref idref="oc-42e"/>
      </symbol>
      <symbol id="sm-185b">
         <name>g_pfnTickHandlers</name>
         <value>0x20006178</value>
      </symbol>
      <symbol id="sm-185c">
         <name>g_pvTickInstance</name>
         <value>0x20006190</value>
      </symbol>
      <symbol id="sm-185d">
         <name>g_ui32USBSOFCount</name>
         <value>0x2000651c</value>
         <object_component_ref idref="oc-326"/>
      </symbol>
      <symbol id="sm-185e">
         <name>InternalUSBTickReset</name>
         <value>0x1397f</value>
         <object_component_ref idref="oc-301"/>
      </symbol>
      <symbol id="sm-185f">
         <name>g_bUSBTimerInitialized</name>
         <value>0x20006514</value>
         <object_component_ref idref="oc-326"/>
      </symbol>
      <symbol id="sm-1860">
         <name>g_ui32CurrentUSBTick</name>
         <value>0x20006518</value>
         <object_component_ref idref="oc-326"/>
      </symbol>
      <symbol id="sm-1861">
         <name>InternalUSBStartOfFrameTick</name>
         <value>0x139d7</value>
         <object_component_ref idref="oc-301"/>
      </symbol>
      <symbol id="sm-1862">
         <name>InternalUSBRegisterTickHandler</name>
         <value>0x13987</value>
         <object_component_ref idref="oc-301"/>
      </symbol>
      <symbol id="sm-1863">
         <name>InternalUSBTickInit</name>
         <value>0x13941</value>
         <object_component_ref idref="oc-301"/>
      </symbol>
      <symbol id="sm-1870">
         <name>ULPIPowerTransceiver</name>
         <value>0x13ba9</value>
         <object_component_ref idref="oc-2f5"/>
      </symbol>
      <symbol id="sm-1871">
         <name>ULPIConfigSet</name>
         <value>0x13b07</value>
         <object_component_ref idref="oc-2f5"/>
      </symbol>
      <symbol id="sm-188b">
         <name>GetOverflowCounts</name>
         <value>0x145a5</value>
         <object_component_ref idref="oc-1a7"/>
      </symbol>
      <symbol id="sm-188c">
         <name>vConfigureTimerForRunTimeStats</name>
         <value>0x140c1</value>
         <object_component_ref idref="oc-19e"/>
      </symbol>
      <symbol id="sm-18ac">
         <name>CmdLineProcess</name>
         <value>0x13c85</value>
         <object_component_ref idref="oc-2ae"/>
      </symbol>
      <symbol id="sm-18d8">
         <name>CPUUsageInit</name>
         <value>0x1388f</value>
         <object_component_ref idref="oc-de"/>
      </symbol>
      <symbol id="sm-18d9">
         <name>CPUUsageTick</name>
         <value>0x13851</value>
         <object_component_ref idref="oc-de"/>
      </symbol>
      <symbol id="sm-19d5">
         <name>UARTTxBytesFree</name>
         <value>0xc3df</value>
         <object_component_ref idref="oc-35"/>
      </symbol>
      <symbol id="sm-19d6">
         <name>UARTFlushRx</name>
         <value>0xc3eb</value>
         <object_component_ref idref="oc-35"/>
      </symbol>
      <symbol id="sm-19d7">
         <name>UARTgetc</name>
         <value>0xc08d</value>
         <object_component_ref idref="oc-35"/>
      </symbol>
      <symbol id="sm-19d8">
         <name>UARTgets</name>
         <value>0xbc75</value>
         <object_component_ref idref="oc-35"/>
      </symbol>
      <symbol id="sm-19d9">
         <name>UARTFlushTx</name>
         <value>0xc3f9</value>
         <object_component_ref idref="oc-35"/>
      </symbol>
      <symbol id="sm-19da">
         <name>UARTStdioConfig</name>
         <value>0xbabf</value>
         <object_component_ref idref="oc-35"/>
      </symbol>
      <symbol id="sm-19db">
         <name>UARTStdioIntHandler</name>
         <value>0xc447</value>
         <object_component_ref idref="oc-35"/>
      </symbol>
      <symbol id="sm-19dc">
         <name>UARTRxBytesAvail</name>
         <value>0xc3d3</value>
         <object_component_ref idref="oc-35"/>
      </symbol>
      <symbol id="sm-19dd">
         <name>UARTwrite</name>
         <value>0xbbc5</value>
         <object_component_ref idref="oc-35"/>
      </symbol>
      <symbol id="sm-19de">
         <name>UARTEchoSet</name>
         <value>0xc41f</value>
         <object_component_ref idref="oc-35"/>
      </symbol>
      <symbol id="sm-19df">
         <name>UARTprintf</name>
         <value>0xc3af</value>
         <object_component_ref idref="oc-35"/>
      </symbol>
      <symbol id="sm-19e0">
         <name>UARTvprintf</name>
         <value>0xc0b5</value>
         <object_component_ref idref="oc-35"/>
      </symbol>
      <symbol id="sm-1a07">
         <name>sprintf</name>
         <value>0x14459</value>
         <object_component_ref idref="oc-1c0"/>
      </symbol>
      <symbol id="sm-1a11">
         <name>__aeabi_f2ulz</name>
         <value>0x142f1</value>
         <object_component_ref idref="oc-259"/>
      </symbol>
      <symbol id="sm-1a2c">
         <name>memcpy</name>
         <value>0x13d31</value>
         <object_component_ref idref="oc-55"/>
      </symbol>
      <symbol id="sm-1a2d">
         <name>__aeabi_memcpy</name>
         <value>0x13d31</value>
         <object_component_ref idref="oc-55"/>
      </symbol>
      <symbol id="sm-1a2e">
         <name>__aeabi_memcpy8</name>
         <value>0x13d31</value>
         <object_component_ref idref="oc-55"/>
      </symbol>
      <symbol id="sm-1a2f">
         <name>__aeabi_memcpy4</name>
         <value>0x13d31</value>
         <object_component_ref idref="oc-55"/>
      </symbol>
      <symbol id="sm-1a3e">
         <name>__aeabi_uidivmod</name>
         <value>0x14419</value>
         <object_component_ref idref="oc-c5"/>
      </symbol>
      <symbol id="sm-1a3f">
         <name>__aeabi_uidiv</name>
         <value>0x14419</value>
         <object_component_ref idref="oc-c5"/>
      </symbol>
      <symbol id="sm-1a4e">
         <name>__aeabi_memset</name>
         <value>0x13f71</value>
         <object_component_ref idref="oc-f0"/>
      </symbol>
      <symbol id="sm-1a4f">
         <name>memset</name>
         <value>0x13f77</value>
         <object_component_ref idref="oc-f0"/>
      </symbol>
      <symbol id="sm-1a50">
         <name>__aeabi_memset8</name>
         <value>0x13f71</value>
         <object_component_ref idref="oc-f0"/>
      </symbol>
      <symbol id="sm-1a51">
         <name>__aeabi_memset4</name>
         <value>0x13f71</value>
         <object_component_ref idref="oc-f0"/>
      </symbol>
      <symbol id="sm-1a52">
         <name>__aeabi_memclr8</name>
         <value>0x13f6f</value>
         <object_component_ref idref="oc-f0"/>
      </symbol>
      <symbol id="sm-1a53">
         <name>__aeabi_memclr4</name>
         <value>0x13f6f</value>
         <object_component_ref idref="oc-f0"/>
      </symbol>
      <symbol id="sm-1a54">
         <name>__aeabi_memclr</name>
         <value>0x13f6f</value>
         <object_component_ref idref="oc-f0"/>
      </symbol>
      <symbol id="sm-1a66">
         <name>__TI_zero_init</name>
         <value>0x146b1</value>
         <object_component_ref idref="oc-67"/>
      </symbol>
      <symbol id="sm-1a7d">
         <name>__TI_decompress_none</name>
         <value>0x146a3</value>
         <object_component_ref idref="oc-18"/>
      </symbol>
      <symbol id="sm-1aa0">
         <name>__TI_decompress_lzss</name>
         <value>0x14129</value>
         <object_component_ref idref="oc-12"/>
      </symbol>
      <symbol id="sm-1aaf">
         <name>strcmp</name>
         <value>0x1463b</value>
         <object_component_ref idref="oc-420"/>
      </symbol>
      <symbol id="sm-1abd">
         <name>strcpy</name>
         <value>0x14669</value>
         <object_component_ref idref="oc-1b4"/>
      </symbol>
      <symbol id="sm-1acb">
         <name>strlen</name>
         <value>0x1467d</value>
         <object_component_ref idref="oc-1ba"/>
      </symbol>
      <symbol id="sm-1adb">
         <name>strncmp</name>
         <value>0x14577</value>
         <object_component_ref idref="oc-2a8"/>
      </symbol>
      <symbol id="sm-1aee">
         <name>__stack</name>
         <value>0x20006570</value>
         <object_component_ref idref="oc-21"/>
      </symbol>
      <symbol id="sm-1aef">
         <name>_c_int00_noargs</name>
         <value>0x14515</value>
         <object_component_ref idref="oc-73"/>
      </symbol>
      <symbol id="sm-1c54">
         <name>__TI_printfi</name>
         <value>0xc551</value>
         <object_component_ref idref="oc-3a8"/>
      </symbol>
      <symbol id="sm-1c5e">
         <name>__aeabi_idiv0</name>
         <value>0x61eb</value>
         <object_component_ref idref="oc-212"/>
      </symbol>
      <symbol id="sm-1c5f">
         <name>__aeabi_ldiv0</name>
         <value>0x61eb</value>
         <object_component_ref idref="oc-212"/>
      </symbol>
      <symbol id="sm-1c76">
         <name>__aeabi_dsub</name>
         <value>0x12d69</value>
         <object_component_ref idref="oc-616"/>
      </symbol>
      <symbol id="sm-1c77">
         <name>__aeabi_dadd</name>
         <value>0x12d73</value>
         <object_component_ref idref="oc-616"/>
      </symbol>
      <symbol id="sm-1c99">
         <name>__aeabi_cdcmpeq</name>
         <value>0x13e63</value>
         <object_component_ref idref="oc-4f6"/>
      </symbol>
      <symbol id="sm-1c9a">
         <name>__aeabi_cdcmple</name>
         <value>0x13e63</value>
         <object_component_ref idref="oc-4f6"/>
      </symbol>
      <symbol id="sm-1c9b">
         <name>__aeabi_cdrcmple</name>
         <value>0x13ee9</value>
         <object_component_ref idref="oc-601"/>
      </symbol>
      <symbol id="sm-1caf">
         <name>__aeabi_ddiv</name>
         <value>0x13199</value>
         <object_component_ref idref="oc-5fc"/>
      </symbol>
      <symbol id="sm-1cba">
         <name>__aeabi_dmul</name>
         <value>0x13755</value>
         <object_component_ref idref="oc-5f7"/>
      </symbol>
      <symbol id="sm-1cc4">
         <name>__aeabi_d2iz</name>
         <value>0x1438d</value>
         <object_component_ref idref="oc-606"/>
      </symbol>
      <symbol id="sm-1cce">
         <name>__aeabi_i2d</name>
         <value>0x14549</value>
         <object_component_ref idref="oc-611"/>
      </symbol>
      <symbol id="sm-1cdb">
         <name>__aeabi_uldivmod</name>
         <value>0x13dcd</value>
         <object_component_ref idref="oc-5f0"/>
      </symbol>
      <symbol id="sm-1d03">
         <name>__TI_auto_init_nobinit_nopinit</name>
         <value>0x143d5</value>
         <object_component_ref idref="oc-34a"/>
      </symbol>
      <symbol id="sm-1d0d">
         <name>_system_pre_init</name>
         <value>0x146e3</value>
         <object_component_ref idref="oc-16a"/>
      </symbol>
      <symbol id="sm-1d19">
         <name>C$$EXIT</name>
         <value>0x146e7</value>
         <object_component_ref idref="oc-33e"/>
      </symbol>
      <symbol id="sm-1d1a">
         <name>abort</name>
         <value>0x146e7</value>
         <object_component_ref idref="oc-33e"/>
      </symbol>
      <symbol id="sm-1d32">
         <name>atoi</name>
         <value>0x14341</value>
         <object_component_ref idref="oc-4ea"/>
      </symbol>
      <symbol id="sm-1d3d">
         <name>_ctypes_</name>
         <value>0x14bcc</value>
         <object_component_ref idref="oc-5eb"/>
      </symbol>
      <symbol id="sm-1d4c">
         <name>ltoa</name>
         <value>0x1424b</value>
         <object_component_ref idref="oc-60b"/>
      </symbol>
      <symbol id="sm-1d5c">
         <name>memccpy</name>
         <value>0x145ed</value>
         <object_component_ref idref="oc-513"/>
      </symbol>
      <symbol id="sm-1d6c">
         <name>strchr</name>
         <value>0x14653</value>
         <object_component_ref idref="oc-642"/>
      </symbol>
      <symbol id="sm-1d82">
         <name>__aeabi_errno_addr</name>
         <value>0x146d5</value>
         <object_component_ref idref="oc-51f"/>
      </symbol>
      <symbol id="sm-1d83">
         <name>errno</name>
         <value>0x2000656c</value>
         <object_component_ref idref="oc-652"/>
      </symbol>
      <symbol id="sm-1d9c">
         <name>wcslen</name>
         <value>0x14691</value>
         <object_component_ref idref="oc-519"/>
      </symbol>
      <symbol id="sm-1dbc">
         <name>frexpl</name>
         <value>0x14191</value>
         <object_component_ref idref="oc-636"/>
      </symbol>
      <symbol id="sm-1dbd">
         <name>frexp</name>
         <value>0x14191</value>
         <object_component_ref idref="oc-636"/>
      </symbol>
      <symbol id="sm-1dda">
         <name>scalbn</name>
         <value>0x13645</value>
         <object_component_ref idref="oc-63c"/>
      </symbol>
      <symbol id="sm-1ddb">
         <name>scalbnl</name>
         <value>0x13645</value>
         <object_component_ref idref="oc-63c"/>
      </symbol>
      <symbol id="sm-1ddc">
         <name>ldexpl</name>
         <value>0x13645</value>
         <object_component_ref idref="oc-63c"/>
      </symbol>
      <symbol id="sm-1ddd">
         <name>ldexp</name>
         <value>0x13645</value>
         <object_component_ref idref="oc-63c"/>
      </symbol>
      <symbol id="sm-1de7">
         <name>copysign</name>
         <value>0x14609</value>
         <object_component_ref idref="oc-6e3"/>
      </symbol>
      <symbol id="sm-1de8">
         <name>copysignl</name>
         <value>0x14609</value>
         <object_component_ref idref="oc-6e3"/>
      </symbol>
      <symbol id="sm-1de9">
         <name>__TI_static_base__</name>
         <value>0x0</value>
      </symbol>
      <symbol id="sm-1dec">
         <name>__mpu_init</name>
         <value>0x0</value>
      </symbol>
      <symbol id="sm-1ded">
         <name>_system_post_cinit</name>
         <value>0x0</value>
      </symbol>
   </symbol_table>
   <title>Link successful</title>
</link_info>
