******************************************************************************
                  TI ARM Linker Unix v5.1.6                    
******************************************************************************
>> Linked Tue Mar 24 13:10:32 2015

OUTPUT FILE NAME:   <base-practica_TIVA.out>
ENTRY POINT SYMBOL: "_c_int00"  address: 00011cbd


MEMORY CONFIGURATION

         name            origin    length      used     unused   attr    fill
----------------------  --------  ---------  --------  --------  ----  --------
  FLASH                 00000000   00040000  00012aa6  0002d55a  R  X
  SRAM                  20000000   00008000  00006b5e  000014a2  RW X


SEGMENT ALLOCATION MAP

run origin  load origin   length   init length attrs members
----------  ----------- ---------- ----------- ----- -------
00000000    00000000    00012aa8   00012aa8    r-x
  00000000    00000000    0000026c   0000026c    r-- .intvecs
  0000026c    0000026c    00011d8a   00011d8a    r-x .text
  00011ff8    00011ff8    00000948   00000948    r-- .const
  00012940    00012940    00000168   00000168    r-- .cinit
20000000    20000000    00006b60   00000000    rw-
  20000000    20000000    0000026c   00000000    rw- .vtable
  2000026c    2000026c    000064f2   00000000    rw- .bss
  20006760    20006760    00000200   00000000    rw- .stack
  20006960    20006960    00000200   00000000    rw- .data


SECTION ALLOCATION MAP

 output                                  attributes/
section   page    origin      length       input sections
--------  ----  ----------  ----------   ----------------
.intvecs   0    00000000    0000026c     
                  00000000    0000026c     startup_ccs.obj (.intvecs)

.init_array 
*          0    00000000    00000000     UNINITIALIZED

.text      0    0000026c    00011d8a     
                  0000026c    00002da0     usbhostenum.obj (.text)
                  0000300c    000019a4     tasks.obj (.text)
                  000049b0    000015ba     usb.obj (.text)
                  00005f6a    00000002     --HOLE-- [fill = 0]
                  00005f6c    000012f8     usbdenum.obj (.text)
                  00007264    00000f20     usbdma.obj (.text)
                  00008184    00000f00     sysctl.obj (.text)
                  00009084    00000ec0     rtsv7M4_T_le_v4SPD16_eabi.lib : _printfi.obj (.text)
                  00009f44    00000e0c     usbdcdc.obj (.text)
                  0000ad50    00000d30     uartstdio.obj (.text)
                  0000ba80    00000c84     ustdlib.obj (.text)
                  0000c704    000009cc     queue.obj (.text)
                  0000d0d0    00000920     usbhhub.obj (.text)
                  0000d9f0    00000580     timers.obj (.text)
                  0000df70    00000510     usbmode.obj (.text)
                  0000e480    000004ba     usbbuffer.obj (.text)
                  0000e93a    00000002     --HOLE-- [fill = 0]
                  0000e93c    00000434     rgb.obj (.text)
                  0000ed70    000003c0     interrupt.obj (.text)
                  0000f130    00000388     usbdconfig.obj (.text)
                  0000f4b8    00000348     commands.obj (.text)
                  0000f800    00000314     protocol.obj (.text)
                  0000fb14    00000300     main.obj (.text)
                  0000fe14    000002f2     usbringbuf.obj (.text)
                  00010106    000002de     usbdcdesc.obj (.text)
                  000103e4    000002ac     usb_dev_serial.obj (.text)
                  00010690    0000028c     port.obj (.text)
                  0001091c    000001f4     rtsv7M4_T_le_v4SPD16_eabi.lib : ull_div_t2.obj (.text)
                  00010b10    000001d4     heap_2.obj (.text)
                  00010ce4    000001d2     usbdesc.obj (.text)
                  00010eb6    000001b6     rtsv7M4_T_le_v4SPD16_eabi.lib : fd_add_t2.obj (.text)
                  0001106c    00000136                                   : fd_div_t2.obj (.text)
                  000111a2    0000012a     list.obj (.text)
                  000112cc    000000fc     rtsv7M4_T_le_v4SPD16_eabi.lib : fd_mul_t2.obj (.text)
                  000113c8    000000f0     cpu_usage.obj (.text)
                  000114b8    000000ec     usbtick.obj (.text)
                  000115a4    000000d2     portasm.obj (.text)
                  00011676    000000c8     usbulpi.obj (.text)
                  0001173e    00000002     --HOLE-- [fill = 0]
                  00011740    000000ac     cmdline.obj (.text)
                  000117ec    0000009c     rtsv7M4_T_le_v4SPD16_eabi.lib : memcpy_t2.obj (.text)
                  00011888    00000094                                   : auto_init.obj (.text)
                  0001191c    00000086                                   : fd_cmp_t2.obj (.text:__aeabi_cdcmple)
                  000119a2    00000086                                   : fd_cmp_t2.obj (.text:__aeabi_cdrcmple)
                  00011a28    00000078                                   : memset_t2.obj (.text)
                  00011aa0    00000068     crc.obj (.text)
                  00011b08    00000060     rtsv7M4_T_le_v4SPD16_eabi.lib : sprintf.obj (.text)
                  00011b68    0000005e                                   : copy_decompress_rle.obj (.text)
                  00011bc6    0000005a                                   : ltoa.obj (.text)
                  00011c20    00000050                                   : fs_toull_t2.obj (.text)
                  00011c70    0000004c                                   : atoi.obj (.text)
                  00011cbc    00000048                                   : boot.obj (.text)
                  00011d04    00000048                                   : fd_toi_t2.obj (.text)
                  00011d4c    00000044                                   : cpy_tbl.obj (.text)
                  00011d90    00000044                                   : exit.obj (.text)
                  00011dd4    00000044                                   : xdtest.obj (.text)
                  00011e18    00000042                                   : u_divt2.obj (.text)
                  00011e5a    0000003e     cpu.obj (.text)
                  00011e98    0000002e     rtsv7M4_T_le_v4SPD16_eabi.lib : i_tofd_t2.obj (.text)
                  00011ec6    00000002     --HOLE-- [fill = 0]
                  00011ec8    00000024     usbdhandler.obj (.text)
                  00011eec    00000022     rtsv7M4_T_le_v4SPD16_eabi.lib : memcmp.obj (.text)
                  00011f0e    0000001c                                   : memccpy.obj (.text)
                  00011f2a    00000002     --HOLE-- [fill = 0]
                  00011f2c    00000018                                   : args_main.obj (.text)
                  00011f44    00000018                                   : ll_mul_t2.obj (.text)
                  00011f5c    00000018                                   : strcmp.obj (.text)
                  00011f74    00000014                                   : _lock.obj (.text)
                  00011f88    00000014                                   : strlen.obj (.text)
                  00011f9c    00000012                                   : copy_zero_init.obj (.text:decompress:ZI)
                  00011fae    00000012                                   : xdclass.obj (.text)
                  00011fc0    00000010                                   : strcpy.obj (.text)
                  00011fd0    0000000e                                   : copy_decompress_none.obj (.text:decompress:none)
                  00011fde    0000000c     startup_ccs.obj (.text)
                  00011fea    00000006     sysctl.obj (.text:SysCtlDelay)
                  00011ff0    00000006     rtsv7M4_T_le_v4SPD16_eabi.lib : copy_decompress_rle.obj (.text:decompress:rle24)

.const     0    00011ff8    00000948     
                  00011ff8    00000200     crc.obj (.const:crctttab)
                  000121f8    00000120     sysctl.obj (.const:g_pppui32XTALtoVCO)
                  00012318    00000102     rtsv7M4_T_le_v4SPD16_eabi.lib : ctype.obj (.const:.string:_ctypes_)
                  0001241a    00000002     heap_2.obj (.const)
                  0001241c    000000c6     commands.obj (.const:.string)
                  000124e2    00000002     --HOLE-- [fill = 0]
                  000124e4    0000009c     interrupt.obj (.const:g_pui32Regs)
                  00012580    00000070     interrupt.obj (.const)
                  000125f0    0000006c     sysctl.obj (.const:g_pui32Xtals)
                  0001265c    00000038     usbdcdc.obj (.const)
                  00012694    00000036     usb_serial_structs.obj (.const:.string:g_pui8ConfigString)
                  000126ca    00000002     --HOLE-- [fill = 0]
                  000126cc    00000034     usbdenum.obj (.const:g_psUSBDStdRequests)
                  00012700    00000030     ustdlib.obj (.const:g_psDaysToMonth)
                  00012730    00000030     usbdcdc.obj (.const:g_sCDCHandlers)
                  00012760    00000030     sysctl.obj (.const:g_sXTALtoMEMTIM)
                  00012790    0000002c     usb_serial_structs.obj (.const:.string:g_pui8ControlInterfaceString)
                  000127bc    00000028     uartstdio.obj (.const)
                  000127e4    00000024     usb_serial_structs.obj (.const:.string:g_pui8ManufacturerString)
                  00012808    00000024     usb_serial_structs.obj (.const:g_sRxBuffer)
                  0001282c    00000024     usb_serial_structs.obj (.const:g_sTxBuffer)
                  00012850    00000023     usbdcdc.obj (.const:.string:g_pui8CDCSerCommInterface)
                  00012873    00000022     usb_serial_structs.obj (.const:.string:g_pui8ProductString)
                  00012895    00000003     --HOLE-- [fill = 0]
                  00012898    0000001c     ustdlib.obj (.const)
                  000128b4    00000018     usb_serial_structs.obj (.const)
                  000128cc    00000017     usbdcdc.obj (.const:.string)
                  000128e3    00000016     usb_serial_structs.obj (.const:.string)
                  000128f9    00000014     tasks.obj (.const:.string)
                  0001290d    00000003     --HOLE-- [fill = 0]
                  00012910    00000012     uartstdio.obj (.const:.string)
                  00012922    00000002     --HOLE-- [fill = 0]
                  00012924    00000012     ustdlib.obj (.const:.string)
                  00012936    00000002     --HOLE-- [fill = 0]
                  00012938    00000008     sysctl.obj (.const)

.cinit     0    00012940    00000168     
                  00012940    00000130     (.cinit..data.load) [load image, compression = rle]
                  00012a70    0000000c     (__TI_handler_table)
                  00012a7c    00000004     --HOLE-- [fill = 0]
                  00012a80    00000008     (.cinit..bss.load) [load image, compression = zero_init]
                  00012a88    00000008     (.cinit..vtable.load) [load image, compression = zero_init]
                  00012a90    00000018     (__TI_cinit_table)

.vtable    0    20000000    0000026c     UNINITIALIZED
                  20000000    0000026c     interrupt.obj (.vtable)

.bss       0    2000026c    000064f2     UNINITIALIZED
                  2000026c    00005000     heap_2.obj (.bss:ucHeap)
                  2000526c    000006cc     usbhostenum.obj (.bss:g_sUSBHCD)
                  20005938    00000400     uartstdio.obj (.bss:g_pcUARTTxBuffer)
                  20005d38    00000200     uartstdio.obj (.bss:g_pcUARTRxHistoryBuffer)
                  20005f38    00000140     tasks.obj (.bss:pxReadyTasksLists)
                  20006078    00000110     usbdma.obj (.bss:g_psUSBDMAInst)
                  20006188    00000100     usb_serial_structs.obj (.bss:g_pui8USBRxBuffer)
                  20006288    00000100     usb_serial_structs.obj (.bss:g_pui8USBTxBuffer)
                  20006388    0000009c     usbhhub.obj (.bss:g_sRootHub)
                  20006424    00000080     uartstdio.obj (.bss:g_pcUARTRxBuffer)
                  200064a4    00000050     usbdenum.obj (.bss:g_psDCDInst)
                  200064f4    00000050     queue.obj (.bss:xQueueRegistry)
                  20006544    00000040     usbdenum.obj (.bss:g_pui8DataBufferIn)
                  20006584    00000024     cmdline.obj (.bss:g_ppcArgv)
                  200065a8    00000020     (.common:g_usUARTRxHistoryOffset)
                  200065c8    00000018     (.common:g_pfnTickHandlers)
                  200065e0    00000018     (.common:g_pi32USBHActiveDriver)
                  200065f8    00000018     (.common:g_ppvDriverInstance)
                  20006610    00000018     (.common:g_pui8RxBufferWorkspace)
                  20006628    00000018     (.common:g_pui8TxBufferWorkspace)
                  20006640    00000018     (.common:g_pvTickInstance)
                  20006658    00000014     (.common:xActiveTimerList1)
                  2000666c    00000014     (.common:xActiveTimerList2)
                  20006680    00000014     (.common:xDelayedTaskList1)
                  20006694    00000014     (.common:xDelayedTaskList2)
                  200066a8    00000014     (.common:xPendingReadyList)
                  200066bc    00000014     (.common:xSuspendedTaskList)
                  200066d0    00000014     (.common:xTasksWaitingTermination)
                  200066e4    0000000c     (.common:g_ui32Colors)
                  200066f0    00000008     (.common:g_pui32Alloc)
                  200066f8    00000008     (.common:xEnd)
                  20006700    00000008     (.common:xStart)
                  20006708    00000004     (.common:g_pfnUSBModeCallback)
                  2000670c    00000004     (.common:g_ppsDevInfo)
                  20006710    00000004     (.common:g_ui32CPUUsagePrevious)
                  20006714    00000004     (.common:g_ui32CPUUsageTicks)
                  20006718    00000004     (.common:g_ui32CPUUsageTimer)
                  2000671c    00000004     (.common:g_ui32ChangeFlags)
                  20006720    00000004     (.common:g_ui32HubChanges)
                  20006724    00000004     (.common:g_ui32PollRate)
                  20006728    00000004     (.common:g_ui32PortNum)
                  2000672c    00000004     (.common:g_ui32ULPISupport)
                  20006730    00000004     (.common:g_ui32ULPISupport)
                  20006734    00000004     (.common:g_ulCPUUsage)
                  20006738    00000004     (.common:g_ulSystemClock)
                  2000673c    00000004     (.common:g_xRxLineSemaphore)
                  20006740    00000004     (.common:pxCurrentTimerList)
                  20006744    00000004     (.common:pxDelayedTaskList)
                  20006748    00000004     (.common:pxOverflowDelayedTaskList)
                  2000674c    00000004     (.common:pxOverflowTimerList)
                  20006750    00000004     (.common:ulFlags$1)
                  20006754    00000004     (.common:xCharsForTx)
                  20006758    00000004     (.common:xRxedChars)
                  2000675c    00000001     (.common:g_bDisableEcho)
                  2000675d    00000001     (.common:g_eOTGModeState)

.stack     0    20006760    00000200     UNINITIALIZED
                  20006760    00000200     --HOLE--

.data      0    20006960    00000200     UNINITIALIZED
                  20006960    00000060     usb_serial_structs.obj (.data:g_sCDCDevice)
                  200069c0    00000048     commands.obj (.data:g_psCmdTable)
                  20006a08    00000040     usbdcdc.obj (.data)
                  20006a48    00000030     cpu_usage.obj (.data)
                  20006a78    00000030     tasks.obj (.data)
                  20006aa8    0000002c     usbhostenum.obj (.data)
                  20006ad4    0000001d     uartstdio.obj (.data)
                  20006af1    00000001     main.obj (.data)
                  20006af2    00000002     --HOLE--
                  20006af4    00000010     port.obj (.data)
                  20006b04    00000010     usb_dev_serial.obj (.data)
                  20006b14    0000000c     usbtick.obj (.data)
                  20006b20    00000009     usbmode.obj (.data)
                  20006b29    00000003     --HOLE--
                  20006b2c    00000008     heap_2.obj (.data)
                  20006b34    00000008     rtsv7M4_T_le_v4SPD16_eabi.lib : _lock.obj (.data)
                  20006b3c    00000008                                   : exit.obj (.data)
                  20006b44    00000008     timers.obj (.data)
                  20006b4c    00000008     usbdenum.obj (.data)
                  20006b54    00000004     rgb.obj (.data)
                  20006b58    00000004     rtsv7M4_T_le_v4SPD16_eabi.lib : stkdepth_vars.obj (.data)
                  20006b5c    00000004     ustdlib.obj (.data)


LINKER GENERATED COPY TABLES

__TI_cinit_table @ 00012a90 records: 3, size/record: 8, table size: 24
	.data: load addr=00012940, load size=00000130 bytes, run addr=20006960, run size=00000200 bytes, compression=rle
	.bss: load addr=00012a80, load size=00000008 bytes, run addr=2000026c, run size=000064f2 bytes, compression=zero_init
	.vtable: load addr=00012a88, load size=00000008 bytes, run addr=20000000, run size=0000026c bytes, compression=zero_init


LINKER GENERATED HANDLER TABLE

__TI_handler_table @ 00012a70 records: 3, size/record: 4, table size: 12
	index: 0, handler: __TI_zero_init
	index: 1, handler: __TI_decompress_rle24
	index: 2, handler: __TI_decompress_none


GLOBAL SYMBOLS: SORTED ALPHABETICALLY BY Name 

address    name
--------   ----
00011d91   C$$EXIT
00011407   CPUUsageInit
000113c9   CPUUsageTick
00011e8f   CPUbasepriGet
00011e81   CPUbasepriSet
00011e5b   CPUcpsid
00011e71   CPUcpsie
00011e67   CPUprimask
00011e7d   CPUwfi
00011741   CmdLineProcess
0000f4b9   Cmd_cpu
0000f4e3   Cmd_free
0000f575   Cmd_help
0000f4f9   Cmd_tasks
0000026d   ConfigDescAlloc
00000303   ConfigDescFree
0000ef31   IntDisable
0000eebf   IntEnable
0000efa3   IntIsEnabled
0000ed83   IntMasterDisable
0000ed73   IntMasterEnable
0000f099   IntPendClear
0000f029   IntPendSet
0000ee9b   IntPriorityGet
0000ee13   IntPriorityGroupingGet
0000edf9   IntPriorityGroupingSet
0000f0f3   IntPriorityMaskGet
0000f0e7   IntPriorityMaskSet
0000ee4b   IntPrioritySet
0000ed93   IntRegister
0000f0fb   IntTrigger
0000ede5   IntUnregister
000023d9   InternalUSBHCDSendEvent
000114ff   InternalUSBRegisterTickHandler
0001154f   InternalUSBStartOfFrameTick
000114b9   InternalUSBTickInit
000114f7   InternalUSBTickReset
0000e35b   OTGDeviceDisconnect
0000a18d   ProcessDataFromHost
0000a29d   ProcessDataToHost
0000a23b   ProcessNotificationToHost
0000e93d   RGBBlinkIntHandler
0000ec49   RGBBlinkRateSet
0000ecdd   RGBColorGet
0000eb85   RGBColorSet
0000eb0f   RGBDisable
0000ea57   RGBEnable
0000e96b   RGBInit
0000ec35   RGBIntensitySet
0000eb6d   RGBSet
00011fdf   ResetISR
UNDEFED    SHT$$INIT_ARRAY$$Base
UNDEFED    SHT$$INIT_ARRAY$$Limit
00009023   SysCtlAltClkConfig
000087f1   SysCtlClockFreqSet
00008cd5   SysCtlClockGet
00009007   SysCtlClockOutConfig
00008b09   SysCtlClockSet
000086f1   SysCtlDeepSleep
00008ea9   SysCtlDeepSleepClockConfigSet
00008e8d   SysCtlDeepSleepClockSet
000086d1   SysCtlDeepSleepPowerSet
00011feb   SysCtlDelay
0000827d   SysCtlFlashSectorSizeGet
00008251   SysCtlFlashSizeGet
00008f7f   SysCtlGPIOAHBDisable
00008f63   SysCtlGPIOAHBEnable
00008665   SysCtlIntClear
0000864d   SysCtlIntDisable
00008639   SysCtlIntEnable
00008611   SysCtlIntRegister
00008675   SysCtlIntStatus
00008629   SysCtlIntUnregister
000086b7   SysCtlLDODeepSleepGet
000086a7   SysCtlLDODeepSleepSet
000086a1   SysCtlLDOSleepGet
00008691   SysCtlLDOSleepSet
00008727   SysCtlMOSCConfigSet
00008ff3   SysCtlNMIClear
00008fed   SysCtlNMIStatus
0000873d   SysCtlPIOSCCalibrate
00008f4d   SysCtlPWMClockGet
00008f33   SysCtlPWMClockSet
000085bd   SysCtlPeripheralClockGating
00008575   SysCtlPeripheralDeepSleepDisable
00008525   SysCtlPeripheralDeepSleepEnable
00008461   SysCtlPeripheralDisable
00008425   SysCtlPeripheralEnable
00008361   SysCtlPeripheralPowerOff
00008325   SysCtlPeripheralPowerOn
000082a5   SysCtlPeripheralPresent
000082e5   SysCtlPeripheralReady
0000839d   SysCtlPeripheralReset
000084e9   SysCtlPeripheralSleepDisable
000084a5   SysCtlPeripheralSleepEnable
000086e1   SysCtlReset
0000879d   SysCtlResetBehaviorGet
0000878d   SysCtlResetBehaviorSet
00008713   SysCtlResetCauseClear
0000870d   SysCtlResetCauseGet
00008247   SysCtlSRAMSizeGet
000086e9   SysCtlSleep
000086bd   SysCtlSleepPowerSet
00008fad   SysCtlUSBPLLDisable
00008f9b   SysCtlUSBPLLEnable
00008fd9   SysCtlVoltageEventClear
00008fbd   SysCtlVoltageEventConfig
00008fcd   SysCtlVoltageEventStatus
0000b4dd   UARTEchoSet
0000b477   UARTFlushRx
0000b49f   UARTFlushTx
0000b41d   UARTPeek
0000b3fb   UARTRxBytesAvail
0000ae63   UARTStdioConfig
0000b515   UARTStdioIntHandler
0000b409   UARTTxBytesFree
0000b073   UARTgetc
0000aff7   UARTgets
0000b3d7   UARTprintf
0000b0dd   UARTvprintf
0000af51   UARTwrite
00011677   ULPIConfigSet
00011719   ULPIPowerTransceiver
00011ec9   USB0DeviceIntHandler
0000e02d   USB0DualModeIntHandler
000022e1   USB0HostIntHandler
0000e275   USB0OTGModeIntHandler
0000e7ef   USBBufferCallbackDataSet
0000e89d   USBBufferDataAvailable
0000e7d5   USBBufferDataRemoved
0000e7b5   USBBufferDataWritten
0000e8c1   USBBufferEventCallback
0000e84d   USBBufferFlush
0000e783   USBBufferInfoGet
0000e731   USBBufferInit
0000e85f   USBBufferRead
0000e8af   USBBufferSpaceAvailable
0000e809   USBBufferWrite
0000e753   USBBufferZeroLengthPacketInsert
00005ba7   USBClockDisable
00005b8b   USBClockEnable
00010429   USBControlHandler
00005b77   USBControllerVersion
0000a901   USBDCDCCompositeInit
0000a9f7   USBDCDCInit
0000ab79   USBDCDCPacketRead
0000aad7   USBDCDCPacketWrite
0000ad2b   USBDCDCPowerStatusSet
0000ad3f   USBDCDCRemoteWakeupRequest
0000ac71   USBDCDCRxPacketAvailable
0000acd1   USBDCDCSerialStateChange
0000aa7d   USBDCDCSetControlCBData
0000aa9b   USBDCDCSetRxCBData
0000aab9   USBDCDCSetTxCBData
0000aa65   USBDCDCTerm
0000ac4f   USBDCDCTxPacketAvailable
0001025f   USBDCDConfigDescGet
00010211   USBDCDConfigDescGetNum
000101d9   USBDCDConfigDescGetSize
00010341   USBDCDConfigGetInterface
00010377   USBDCDConfigGetInterfaceEndpoint
000102ed   USBDCDConfigGetNumAlternateInterfaces
00005f6d   USBDCDDeviceInfoInit
000062c9   USBDCDFeatureSet
00005fbd   USBDCDInit
00006253   USBDCDPowerStatusSet
00006389   USBDCDRemoteWakeLPM
000063ad   USBDCDRemoteWakeupRequest
000061dd   USBDCDRequestDataEP0
00006203   USBDCDSendDataEP0
00006225   USBDCDSetDefaultConfiguration
00006237   USBDCDStallEP0
00006165   USBDCDTerm
00005cdf   USBDMAChannelAddressGet
00005cc3   USBDMAChannelAddressSet
00005c49   USBDMAChannelConfigSet
00005d13   USBDMAChannelCountGet
00005cf7   USBDMAChannelCountSet
00005c29   USBDMAChannelDisable
00005c09   USBDMAChannelEnable
00005bd9   USBDMAChannelIntDisable
00005bb9   USBDMAChannelIntEnable
00005bf9   USBDMAChannelIntStatus
00005c79   USBDMAChannelStatus
00005c99   USBDMAChannelStatusClear
00005d2b   USBDMANumChannels
00010d41   USBDescGet
00010e65   USBDescGetInterface
00010e93   USBDescGetInterfaceEndpoint
00010ce5   USBDescGetNum
00010dab   USBDescGetNumAlternateInterfaces
00004fe5   USBDevAddrGet
00004fd1   USBDevAddrSet
00004fa5   USBDevConnect
00004fbb   USBDevDisconnect
0000531b   USBDevEndpointConfigGet
00005229   USBDevEndpointConfigSet
000056a5   USBDevEndpointDataAck
00004ecf   USBDevEndpointStall
00004f31   USBDevEndpointStallClear
00004d4b   USBDevEndpointStatusClear
00005e97   USBDevLPMConfig
00005ec5   USBDevLPMDisable
00005ead   USBDevLPMEnable
00005e7f   USBDevLPMRemoteWake
00005adf   USBDevMode
00004b11   USBDevSpeedGet
0000f1f7   USBDeviceConfig
0000f3ed   USBDeviceConfigAlternate
000064d9   USBDeviceEnumHandler
00006625   USBDeviceEnumResetHandler
00007075   USBDeviceIntHandlerInternal
000063e1   USBDeviceResumeTickHandler
0000e079   USBDualModeInit
0000e0e9   USBDualModeTerm
00005a91   USBEndpointDMAChannel
000054d7   USBEndpointDMAConfigSet
000055a9   USBEndpointDMADisable
0000556f   USBEndpointDMAEnable
000055e3   USBEndpointDataAvail
0000561b   USBEndpointDataGet
00005715   USBEndpointDataPut
00005779   USBEndpointDataSend
00004e69   USBEndpointDataToggleClear
00005b43   USBEndpointPacketCountSet
00004cd7   USBEndpointStatus
00005a67   USBFIFOAddrGet
00005471   USBFIFOConfigGet
0000540b   USBFIFOConfigSet
000057d1   USBFIFOFlush
00005a2b   USBFrameNumberGet
00002911   USBHCDControlTransfer
00002d61   USBHCDDevAddress
00002d95   USBHCDDevClass
00002d39   USBHCDDevHubPort
00002e21   USBHCDDevProtocol
00002ddd   USBHCDDevSubClass
0000041b   USBHCDEventDisable
000003eb   USBHCDEventEnable
00002e79   USBHCDFeatureSet
00002a6d   USBHCDHubDeviceConnected
00002b05   USBHCDHubDeviceDisconnected
00001491   USBHCDInit
00002fc7   USBHCDLPMResume
00002f5f   USBHCDLPMSleep
00002f35   USBHCDLPMStatus
00002509   USBHCDMain
00000873   USBHCDPipeAlloc
000005f1   USBHCDPipeAllocSize
000008c1   USBHCDPipeConfig
00000dcb   USBHCDPipeDataAck
00001009   USBHCDPipeFree
00000dfd   USBHCDPipeRead
00000d81   USBHCDPipeReadNonBlocking
00000c55   USBHCDPipeSchedule
00000a3b   USBHCDPipeStatus
000005cb   USBHCDPipeTransferSizeGet
00000a71   USBHCDPipeWrite
00001437   USBHCDPowerAutomatic
000013a7   USBHCDPowerConfigGet
00001395   USBHCDPowerConfigInit
000013c5   USBHCDPowerConfigSet
000015ad   USBHCDRegisterDrivers
000016b1   USBHCDReset
0000170d   USBHCDResume
000018ed   USBHCDSetAddress
00001a33   USBHCDSetConfig
00001a7b   USBHCDSetInterface
0000188d   USBHCDStringDescriptorGet
000016fb   USBHCDSuspend
000015e1   USBHCDTerm
0000d95d   USBHHubClose
0000d901   USBHHubEnumerationComplete
0000d923   USBHHubEnumerationError
0000d971   USBHHubInit
0000d99f   USBHHubLPMSleep
0000d9ad   USBHHubLPMStatus
0000d6d9   USBHHubMain
0000d945   USBHHubOpen
00004a7f   USBHighSpeed
000058e1   USBHostAddrGet
000058a9   USBHostAddrSet
00001ac7   USBHostCheckPipes
00004ff9   USBHostEndpointConfig
000056e3   USBHostEndpointDataAck
00004dcd   USBHostEndpointDataToggle
00004ea3   USBHostEndpointPing
00005193   USBHostEndpointSpeed
00004d03   USBHostEndpointStatusClear
00005973   USBHostHubAddrGet
0000590f   USBHostHubAddrSet
00001b8d   USBHostIntHandlerInternal
00005e43   USBHostLPMConfig
00005e67   USBHostLPMResume
00005dfb   USBHostLPMSend
00005acd   USBHostMode
000059a1   USBHostPwrConfig
00005a13   USBHostPwrDisable
000059fb   USBHostPwrEnable
000059e3   USBHostPwrFaultDisable
000059cb   USBHostPwrFaultEnable
00005841   USBHostRequestIN
00005869   USBHostRequestINClear
00005897   USBHostRequestStatus
00004a51   USBHostReset
00004aad   USBHostResume
00004adb   USBHostSpeedGet
00004a3b   USBHostSuspend
00004b29   USBIntDisableControl
00004bed   USBIntDisableEndpoint
00004b67   USBIntEnableControl
00004c1b   USBIntEnableEndpoint
00004c9f   USBIntRegister
00004ba1   USBIntStatusControl
00004c49   USBIntStatusEndpoint
00004cbd   USBIntUnregister
00005ef1   USBLPMEndpointGet
00005f51   USBLPMIntDisable
00005f37   USBLPMIntEnable
00005f27   USBLPMIntStatus
00005edd   USBLPMLinkStateGet
00005f0d   USBLPMRemoteWakeEnabled
00007f81   USBLibDMAAddrGet
00007fb1   USBLibDMAInit
00007f99   USBLibDMASizeGet
00005b03   USBModeConfig
00005a7d   USBModeGet
00005b63   USBNumEndpointsGet
0000e41d   USBOTGFeatureSet
0000e381   USBOTGMain
00005af1   USBOTGMode
0000e157   USBOTGModeInit
0000e11d   USBOTGModeTerm
0000e24d   USBOTGPollRate
00005a39   USBOTGSessionRequest
00005b17   USBPHYPowerOff
00005b2d   USBPHYPowerOn
0000fffd   USBRingBufAdvanceRead
0001002b   USBRingBufAdvanceWrite
0000ff57   USBRingBufContigFree
0000ff29   USBRingBufContigUsed
0000fe97   USBRingBufEmpty
0000fec1   USBRingBufFlush
0000ff13   USBRingBufFree
0000fe5f   USBRingBufFull
000100e3   USBRingBufInit
0000ffc7   USBRingBufRead
0000ffa1   USBRingBufReadOne
0000ff93   USBRingBufSize
0000fee1   USBRingBufUsed
000100ad   USBRingBufWrite
00010087   USBRingBufWriteOne
00010515   USBRxHandler
0000dff1   USBStackModeSet
000104b1   USBTxHandler
00005d3d   USBULPIConfig
00005d6b   USBULPIDisable
00005d53   USBULPIEnable
00005d83   USBULPIRegRead
00005dbb   USBULPIRegWrite
0001056b   UsbSerialInit
00011faf   _Dclass
00011dd5   _Dtest
20006960   __STACK_END
00000200   __STACK_SIZE
20006960   __STACK_TOP
00012a90   __TI_CINIT_Base
00012aa8   __TI_CINIT_Limit
00012a70   __TI_Handler_Table_Base
00012a7c   __TI_Handler_Table_Limit
00000001   __TI_args_main
00011889   __TI_auto_init
20006b3c   __TI_cleanup_ptr
00011fd1   __TI_decompress_none
00011ff1   __TI_decompress_rle24
20006b40   __TI_dtors_ptr
00009c3b   __TI_printfi
00000000   __TI_static_base__
00011f9d   __TI_zero_init
0001191d   __aeabi_cdcmpeq
0001191d   __aeabi_cdcmple
000119a3   __aeabi_cdrcmple
00011d05   __aeabi_d2iz
00010ec1   __aeabi_dadd
0001106d   __aeabi_ddiv
000112cd   __aeabi_dmul
00010eb7   __aeabi_dsub
00011c21   __aeabi_f2ulz
00011e99   __aeabi_i2d
00011f45   __aeabi_lmul
00011a29   __aeabi_memclr
00011a29   __aeabi_memclr4
00011a29   __aeabi_memclr8
000117ed   __aeabi_memcpy
000117ed   __aeabi_memcpy4
000117ed   __aeabi_memcpy8
00011a2b   __aeabi_memset
00011a2b   __aeabi_memset4
00011a2b   __aeabi_memset8
00011e19   __aeabi_uidivmod
0001091d   __aeabi_uldivmod
ffffffff   __binit__
ffffffff   __c_args__
20006760   __stack
00011f2d   _args_main
00011cbd   _c_int00
00012318   _ctypes_
20006b34   _lock
00011f83   _nop
00011f7b   _register_lock
00011f75   _register_unlock
20006b38   _unlock
00011d95   abort
0000f941   add_checksum_and_stuff
00011c71   atoi
ffffffff   binit
00011d4d   copy_in
00011aa1   create_checksum
0000fa07   create_frame
0000f9b3   destuff_and_check_checksum
00003e4d   eTaskConfirmSleepModeStatus
00011d9d   exit
0000f8a1   frame_DeStuffing
0000f801   frame_stuffing
20006b14   g_bUSBTimerInitialized
2000675d   g_eOTGModeState
20006b20   g_iUSBMode
00012690   g_pCDCCompSerConfigDescriptors
20000000   g_pfnRAMVectors
200065c8   g_pfnTickHandlers
00000000   g_pfnVectors
0001268c   g_ppCDCSerConfigDescriptors
2000670c   g_ppsDevInfo
000128b4   g_ppui8StringDescriptors
20006a38   g_psCDCCompSerSections
20006a2c   g_psCDCSerSections
200069c0   g_psCmdTable
200064a4   g_psDCDInst
00012850   g_pui8CDCSerCommInterface
000128cc   g_pui8CDCSerDataInterface
20006a1a   g_pui8CDCSerDescriptor
20006a08   g_pui8CDCSerDeviceDescriptor
00012694   g_pui8ConfigString
00012790   g_pui8ControlInterfaceString
20006a23   g_pui8IADSerDescriptor
000128e3   g_pui8LangDescriptor
000127e4   g_pui8ManufacturerString
00012873   g_pui8ProductString
20006610   g_pui8RxBufferWorkspace
000128e7   g_pui8SerialNumberString
20006628   g_pui8TxBufferWorkspace
20006188   g_pui8USBRxBuffer
20006288   g_pui8USBTxBuffer
20006640   g_pvTickInstance
00012684   g_sCDCCompSerConfigHeader
20006960   g_sCDCDevice
00012730   g_sCDCHandlers
0001266c   g_sCDCSerCommInterfaceSection
0001267c   g_sCDCSerConfigHeader
0001265c   g_sCDCSerConfigSection
00012674   g_sCDCSerDataInterfaceSection
00012664   g_sIADSerConfigSection
00012808   g_sRxBuffer
0001282c   g_sTxBuffer
20006b18   g_ui32CurrentUSBTick
20006724   g_ui32PollRate
20006b1c   g_ui32USBSOFCount
20006b24   g_ui32WaitTicks
20006734   g_ulCPUUsage
20006738   g_ulSystemClock
20006b08   g_ulUARTRxCount
20006b04   g_ulUARTTxCount
2000673c   g_xRxLineSemaphore
00011bc7   ltoa
0000fc6b   main
20006b58   main_func_sp
00011f0f   memccpy
00011eed   memcmp
000117ed   memcpy
00011a31   memset
0000380f   pcTaskGetTaskName
0000daed   pcTimerGetTimerName
00010b11   pvPortMalloc
00004559   pvTaskIncrementMutexHeldCount
0000ded5   pvTimerGetTimerID
20006a78   pxCurrentTCB
00010691   pxPortInitialiseStack
0000fa8b   receive_frame
0000fae5   send_frame
00011b09   sprintf
00011f5d   strcmp
00011fc1   strcpy
00011f89   strlen
0000cdf1   ucQueueGetQueueType
00011607   ulPortSetInterruptMask
00004575   ulTaskNotifyTake
0000bf65   ulocaltime
0000c163   umktime
0000c6dd   urand
0000bf35   usnprintf
0000bf03   usprintf
0000c6cd   usrand
0000c645   ustrcasecmp
0000c6b9   ustrcmp
0000c549   ustrlen
0000c5a1   ustrncasecmp
0000c659   ustrncmp
0000ba81   ustrncpy
0000c56b   ustrstr
0000c311   ustrtof
0000c1d9   ustrtoul
0000bad9   uvsnprintf
00011285   uxListRemove
0000cdd1   uxQueueGetQueueNumber
0000cd73   uxQueueMessagesWaiting
0000cda9   uxQueueMessagesWaitingFromISR
0000cd89   uxQueueSpacesAvailable
00003809   uxTaskGetNumberOfTasks
000041d1   uxTaskGetStackHighWaterMark
00003831   uxTaskGetSystemState
00003dc1   uxTaskGetTaskNumber
000032cd   uxTaskPriorityGet
00003301   uxTaskPriorityGetFromISR
00004533   uxTaskResetEventItemValue
0000fb3f   vApplicationIdleHook
0000fb47   vApplicationMallocFailedHook
0000fb15   vApplicationStackOverflowHook
0000fb1f   vApplicationTickHook
000111a3   vListInitialise
000111d3   vListInitialiseItem
0001121f   vListInsert
000111e3   vListInsertEnd
0001161d   vPortClearInterruptMask
0001165f   vPortEnableVFP
00010725   vPortEndScheduler
00010727   vPortEnterCritical
0001073f   vPortExitCritical
00010c1f   vPortFree
00011671   vPortGetIPSR
00010c87   vPortInitialiseBlocks
00011623   vPortSVCHandler
000108c1   vPortSetupTimerInterrupt
00011641   vPortStartFirstTask
00010773   vPortSuppressTicksAndSleep
0000d003   vQueueAddToRegistry
0000cdbb   vQueueDelete
0000cddf   vQueueSetQueueNumber
0000d045   vQueueUnregisterQueue
0000d07f   vQueueWaitForMessageRestricted
0000326b   vTaskDelay
000031c3   vTaskDelayUntil
00003127   vTaskDelete
000036a3   vTaskEndScheduler
00004449   vTaskList
00003db9   vTaskMissedYield
00004905   vTaskNotifyGiveFromISR
00003afd   vTaskPlaceOnEventList
00003bd1   vTaskPlaceOnEventListRestricted
00003b5d   vTaskPlaceOnUnorderedEventList
000042a5   vTaskPriorityInherit
00003349   vTaskPrioritySet
00003551   vTaskResume
00003de1   vTaskSetTaskNumber
00003d1b   vTaskSetTimeOutState
00003651   vTaskStartScheduler
000038ef   vTaskStepTick
00003459   vTaskSuspend
000036b5   vTaskSuspendAll
00003a55   vTaskSwitchContext
0000f5ad   vUARTTask
00010c81   xPortGetFreeHeapSize
000115a9   xPortPendSVHandler
000106ef   xPortStartScheduler
00010757   xPortSysTickHandler
0000c911   xQueueCreateCountingSemaphore
0000c815   xQueueCreateMutex
0000c7a1   xQueueGenericCreate
0000cb49   xQueueGenericReceive
0000c705   xQueueGenericReset
0000c931   xQueueGenericSend
0000ca59   xQueueGenericSendFromISR
0000cad7   xQueueGiveFromISR
0000c88b   xQueueGiveMutexRecursive
0000cf9f   xQueueIsQueueEmptyFromISR
0000cfe1   xQueueIsQueueFullFromISR
0000cd2f   xQueuePeekFromISR
0000ccb7   xQueueReceiveFromISR
200064f4   xQueueRegistry
0000c8c7   xQueueTakeMutexRecursive
00003d39   xTaskCheckForTimeOut
0000300d   xTaskGenericCreate
00004261   xTaskGetCurrentTaskHandle
00004279   xTaskGetSchedulerState
000037df   xTaskGetTickCount
000037ef   xTaskGetTickCountFromISR
00003921   xTaskIncrementTick
00004731   xTaskNotify
00004819   xTaskNotifyFromISR
00004641   xTaskNotifyWait
0000435f   xTaskPriorityDisinherit
00003c1d   xTaskRemoveFromEventList
00003cad   xTaskRemoveFromUnorderedEventList
00003701   xTaskResumeAll
000035cd   xTaskResumeFromISR
0000da2b   xTimerCreate
0000d9f1   xTimerCreateTimerTask
0000da7f   xTimerGenericCommand
0000dea9   xTimerIsTimerActive
0000df23   xTimerPendFunctionCall
0000deed   xTimerPendFunctionCallFromISR
000105fb   xUSBSerialGetChar
00010611   xUSBSerialPutChar


GLOBAL SYMBOLS: SORTED BY Symbol Address 

address    name
--------   ----
00000000   __TI_static_base__
00000000   g_pfnVectors
00000001   __TI_args_main
00000200   __STACK_SIZE
0000026d   ConfigDescAlloc
00000303   ConfigDescFree
000003eb   USBHCDEventEnable
0000041b   USBHCDEventDisable
000005cb   USBHCDPipeTransferSizeGet
000005f1   USBHCDPipeAllocSize
00000873   USBHCDPipeAlloc
000008c1   USBHCDPipeConfig
00000a3b   USBHCDPipeStatus
00000a71   USBHCDPipeWrite
00000c55   USBHCDPipeSchedule
00000d81   USBHCDPipeReadNonBlocking
00000dcb   USBHCDPipeDataAck
00000dfd   USBHCDPipeRead
00001009   USBHCDPipeFree
00001395   USBHCDPowerConfigInit
000013a7   USBHCDPowerConfigGet
000013c5   USBHCDPowerConfigSet
00001437   USBHCDPowerAutomatic
00001491   USBHCDInit
000015ad   USBHCDRegisterDrivers
000015e1   USBHCDTerm
000016b1   USBHCDReset
000016fb   USBHCDSuspend
0000170d   USBHCDResume
0000188d   USBHCDStringDescriptorGet
000018ed   USBHCDSetAddress
00001a33   USBHCDSetConfig
00001a7b   USBHCDSetInterface
00001ac7   USBHostCheckPipes
00001b8d   USBHostIntHandlerInternal
000022e1   USB0HostIntHandler
000023d9   InternalUSBHCDSendEvent
00002509   USBHCDMain
00002911   USBHCDControlTransfer
00002a6d   USBHCDHubDeviceConnected
00002b05   USBHCDHubDeviceDisconnected
00002d39   USBHCDDevHubPort
00002d61   USBHCDDevAddress
00002d95   USBHCDDevClass
00002ddd   USBHCDDevSubClass
00002e21   USBHCDDevProtocol
00002e79   USBHCDFeatureSet
00002f35   USBHCDLPMStatus
00002f5f   USBHCDLPMSleep
00002fc7   USBHCDLPMResume
0000300d   xTaskGenericCreate
00003127   vTaskDelete
000031c3   vTaskDelayUntil
0000326b   vTaskDelay
000032cd   uxTaskPriorityGet
00003301   uxTaskPriorityGetFromISR
00003349   vTaskPrioritySet
00003459   vTaskSuspend
00003551   vTaskResume
000035cd   xTaskResumeFromISR
00003651   vTaskStartScheduler
000036a3   vTaskEndScheduler
000036b5   vTaskSuspendAll
00003701   xTaskResumeAll
000037df   xTaskGetTickCount
000037ef   xTaskGetTickCountFromISR
00003809   uxTaskGetNumberOfTasks
0000380f   pcTaskGetTaskName
00003831   uxTaskGetSystemState
000038ef   vTaskStepTick
00003921   xTaskIncrementTick
00003a55   vTaskSwitchContext
00003afd   vTaskPlaceOnEventList
00003b5d   vTaskPlaceOnUnorderedEventList
00003bd1   vTaskPlaceOnEventListRestricted
00003c1d   xTaskRemoveFromEventList
00003cad   xTaskRemoveFromUnorderedEventList
00003d1b   vTaskSetTimeOutState
00003d39   xTaskCheckForTimeOut
00003db9   vTaskMissedYield
00003dc1   uxTaskGetTaskNumber
00003de1   vTaskSetTaskNumber
00003e4d   eTaskConfirmSleepModeStatus
000041d1   uxTaskGetStackHighWaterMark
00004261   xTaskGetCurrentTaskHandle
00004279   xTaskGetSchedulerState
000042a5   vTaskPriorityInherit
0000435f   xTaskPriorityDisinherit
00004449   vTaskList
00004533   uxTaskResetEventItemValue
00004559   pvTaskIncrementMutexHeldCount
00004575   ulTaskNotifyTake
00004641   xTaskNotifyWait
00004731   xTaskNotify
00004819   xTaskNotifyFromISR
00004905   vTaskNotifyGiveFromISR
00004a3b   USBHostSuspend
00004a51   USBHostReset
00004a7f   USBHighSpeed
00004aad   USBHostResume
00004adb   USBHostSpeedGet
00004b11   USBDevSpeedGet
00004b29   USBIntDisableControl
00004b67   USBIntEnableControl
00004ba1   USBIntStatusControl
00004bed   USBIntDisableEndpoint
00004c1b   USBIntEnableEndpoint
00004c49   USBIntStatusEndpoint
00004c9f   USBIntRegister
00004cbd   USBIntUnregister
00004cd7   USBEndpointStatus
00004d03   USBHostEndpointStatusClear
00004d4b   USBDevEndpointStatusClear
00004dcd   USBHostEndpointDataToggle
00004e69   USBEndpointDataToggleClear
00004ea3   USBHostEndpointPing
00004ecf   USBDevEndpointStall
00004f31   USBDevEndpointStallClear
00004fa5   USBDevConnect
00004fbb   USBDevDisconnect
00004fd1   USBDevAddrSet
00004fe5   USBDevAddrGet
00004ff9   USBHostEndpointConfig
00005193   USBHostEndpointSpeed
00005229   USBDevEndpointConfigSet
0000531b   USBDevEndpointConfigGet
0000540b   USBFIFOConfigSet
00005471   USBFIFOConfigGet
000054d7   USBEndpointDMAConfigSet
0000556f   USBEndpointDMAEnable
000055a9   USBEndpointDMADisable
000055e3   USBEndpointDataAvail
0000561b   USBEndpointDataGet
000056a5   USBDevEndpointDataAck
000056e3   USBHostEndpointDataAck
00005715   USBEndpointDataPut
00005779   USBEndpointDataSend
000057d1   USBFIFOFlush
00005841   USBHostRequestIN
00005869   USBHostRequestINClear
00005897   USBHostRequestStatus
000058a9   USBHostAddrSet
000058e1   USBHostAddrGet
0000590f   USBHostHubAddrSet
00005973   USBHostHubAddrGet
000059a1   USBHostPwrConfig
000059cb   USBHostPwrFaultEnable
000059e3   USBHostPwrFaultDisable
000059fb   USBHostPwrEnable
00005a13   USBHostPwrDisable
00005a2b   USBFrameNumberGet
00005a39   USBOTGSessionRequest
00005a67   USBFIFOAddrGet
00005a7d   USBModeGet
00005a91   USBEndpointDMAChannel
00005acd   USBHostMode
00005adf   USBDevMode
00005af1   USBOTGMode
00005b03   USBModeConfig
00005b17   USBPHYPowerOff
00005b2d   USBPHYPowerOn
00005b43   USBEndpointPacketCountSet
00005b63   USBNumEndpointsGet
00005b77   USBControllerVersion
00005b8b   USBClockEnable
00005ba7   USBClockDisable
00005bb9   USBDMAChannelIntEnable
00005bd9   USBDMAChannelIntDisable
00005bf9   USBDMAChannelIntStatus
00005c09   USBDMAChannelEnable
00005c29   USBDMAChannelDisable
00005c49   USBDMAChannelConfigSet
00005c79   USBDMAChannelStatus
00005c99   USBDMAChannelStatusClear
00005cc3   USBDMAChannelAddressSet
00005cdf   USBDMAChannelAddressGet
00005cf7   USBDMAChannelCountSet
00005d13   USBDMAChannelCountGet
00005d2b   USBDMANumChannels
00005d3d   USBULPIConfig
00005d53   USBULPIEnable
00005d6b   USBULPIDisable
00005d83   USBULPIRegRead
00005dbb   USBULPIRegWrite
00005dfb   USBHostLPMSend
00005e43   USBHostLPMConfig
00005e67   USBHostLPMResume
00005e7f   USBDevLPMRemoteWake
00005e97   USBDevLPMConfig
00005ead   USBDevLPMEnable
00005ec5   USBDevLPMDisable
00005edd   USBLPMLinkStateGet
00005ef1   USBLPMEndpointGet
00005f0d   USBLPMRemoteWakeEnabled
00005f27   USBLPMIntStatus
00005f37   USBLPMIntEnable
00005f51   USBLPMIntDisable
00005f6d   USBDCDDeviceInfoInit
00005fbd   USBDCDInit
00006165   USBDCDTerm
000061dd   USBDCDRequestDataEP0
00006203   USBDCDSendDataEP0
00006225   USBDCDSetDefaultConfiguration
00006237   USBDCDStallEP0
00006253   USBDCDPowerStatusSet
000062c9   USBDCDFeatureSet
00006389   USBDCDRemoteWakeLPM
000063ad   USBDCDRemoteWakeupRequest
000063e1   USBDeviceResumeTickHandler
000064d9   USBDeviceEnumHandler
00006625   USBDeviceEnumResetHandler
00007075   USBDeviceIntHandlerInternal
00007f81   USBLibDMAAddrGet
00007f99   USBLibDMASizeGet
00007fb1   USBLibDMAInit
00008247   SysCtlSRAMSizeGet
00008251   SysCtlFlashSizeGet
0000827d   SysCtlFlashSectorSizeGet
000082a5   SysCtlPeripheralPresent
000082e5   SysCtlPeripheralReady
00008325   SysCtlPeripheralPowerOn
00008361   SysCtlPeripheralPowerOff
0000839d   SysCtlPeripheralReset
00008425   SysCtlPeripheralEnable
00008461   SysCtlPeripheralDisable
000084a5   SysCtlPeripheralSleepEnable
000084e9   SysCtlPeripheralSleepDisable
00008525   SysCtlPeripheralDeepSleepEnable
00008575   SysCtlPeripheralDeepSleepDisable
000085bd   SysCtlPeripheralClockGating
00008611   SysCtlIntRegister
00008629   SysCtlIntUnregister
00008639   SysCtlIntEnable
0000864d   SysCtlIntDisable
00008665   SysCtlIntClear
00008675   SysCtlIntStatus
00008691   SysCtlLDOSleepSet
000086a1   SysCtlLDOSleepGet
000086a7   SysCtlLDODeepSleepSet
000086b7   SysCtlLDODeepSleepGet
000086bd   SysCtlSleepPowerSet
000086d1   SysCtlDeepSleepPowerSet
000086e1   SysCtlReset
000086e9   SysCtlSleep
000086f1   SysCtlDeepSleep
0000870d   SysCtlResetCauseGet
00008713   SysCtlResetCauseClear
00008727   SysCtlMOSCConfigSet
0000873d   SysCtlPIOSCCalibrate
0000878d   SysCtlResetBehaviorSet
0000879d   SysCtlResetBehaviorGet
000087f1   SysCtlClockFreqSet
00008b09   SysCtlClockSet
00008cd5   SysCtlClockGet
00008e8d   SysCtlDeepSleepClockSet
00008ea9   SysCtlDeepSleepClockConfigSet
00008f33   SysCtlPWMClockSet
00008f4d   SysCtlPWMClockGet
00008f63   SysCtlGPIOAHBEnable
00008f7f   SysCtlGPIOAHBDisable
00008f9b   SysCtlUSBPLLEnable
00008fad   SysCtlUSBPLLDisable
00008fbd   SysCtlVoltageEventConfig
00008fcd   SysCtlVoltageEventStatus
00008fd9   SysCtlVoltageEventClear
00008fed   SysCtlNMIStatus
00008ff3   SysCtlNMIClear
00009007   SysCtlClockOutConfig
00009023   SysCtlAltClkConfig
00009c3b   __TI_printfi
0000a18d   ProcessDataFromHost
0000a23b   ProcessNotificationToHost
0000a29d   ProcessDataToHost
0000a901   USBDCDCCompositeInit
0000a9f7   USBDCDCInit
0000aa65   USBDCDCTerm
0000aa7d   USBDCDCSetControlCBData
0000aa9b   USBDCDCSetRxCBData
0000aab9   USBDCDCSetTxCBData
0000aad7   USBDCDCPacketWrite
0000ab79   USBDCDCPacketRead
0000ac4f   USBDCDCTxPacketAvailable
0000ac71   USBDCDCRxPacketAvailable
0000acd1   USBDCDCSerialStateChange
0000ad2b   USBDCDCPowerStatusSet
0000ad3f   USBDCDCRemoteWakeupRequest
0000ae63   UARTStdioConfig
0000af51   UARTwrite
0000aff7   UARTgets
0000b073   UARTgetc
0000b0dd   UARTvprintf
0000b3d7   UARTprintf
0000b3fb   UARTRxBytesAvail
0000b409   UARTTxBytesFree
0000b41d   UARTPeek
0000b477   UARTFlushRx
0000b49f   UARTFlushTx
0000b4dd   UARTEchoSet
0000b515   UARTStdioIntHandler
0000ba81   ustrncpy
0000bad9   uvsnprintf
0000bf03   usprintf
0000bf35   usnprintf
0000bf65   ulocaltime
0000c163   umktime
0000c1d9   ustrtoul
0000c311   ustrtof
0000c549   ustrlen
0000c56b   ustrstr
0000c5a1   ustrncasecmp
0000c645   ustrcasecmp
0000c659   ustrncmp
0000c6b9   ustrcmp
0000c6cd   usrand
0000c6dd   urand
0000c705   xQueueGenericReset
0000c7a1   xQueueGenericCreate
0000c815   xQueueCreateMutex
0000c88b   xQueueGiveMutexRecursive
0000c8c7   xQueueTakeMutexRecursive
0000c911   xQueueCreateCountingSemaphore
0000c931   xQueueGenericSend
0000ca59   xQueueGenericSendFromISR
0000cad7   xQueueGiveFromISR
0000cb49   xQueueGenericReceive
0000ccb7   xQueueReceiveFromISR
0000cd2f   xQueuePeekFromISR
0000cd73   uxQueueMessagesWaiting
0000cd89   uxQueueSpacesAvailable
0000cda9   uxQueueMessagesWaitingFromISR
0000cdbb   vQueueDelete
0000cdd1   uxQueueGetQueueNumber
0000cddf   vQueueSetQueueNumber
0000cdf1   ucQueueGetQueueType
0000cf9f   xQueueIsQueueEmptyFromISR
0000cfe1   xQueueIsQueueFullFromISR
0000d003   vQueueAddToRegistry
0000d045   vQueueUnregisterQueue
0000d07f   vQueueWaitForMessageRestricted
0000d6d9   USBHHubMain
0000d901   USBHHubEnumerationComplete
0000d923   USBHHubEnumerationError
0000d945   USBHHubOpen
0000d95d   USBHHubClose
0000d971   USBHHubInit
0000d99f   USBHHubLPMSleep
0000d9ad   USBHHubLPMStatus
0000d9f1   xTimerCreateTimerTask
0000da2b   xTimerCreate
0000da7f   xTimerGenericCommand
0000daed   pcTimerGetTimerName
0000dea9   xTimerIsTimerActive
0000ded5   pvTimerGetTimerID
0000deed   xTimerPendFunctionCallFromISR
0000df23   xTimerPendFunctionCall
0000dff1   USBStackModeSet
0000e02d   USB0DualModeIntHandler
0000e079   USBDualModeInit
0000e0e9   USBDualModeTerm
0000e11d   USBOTGModeTerm
0000e157   USBOTGModeInit
0000e24d   USBOTGPollRate
0000e275   USB0OTGModeIntHandler
0000e35b   OTGDeviceDisconnect
0000e381   USBOTGMain
0000e41d   USBOTGFeatureSet
0000e731   USBBufferInit
0000e753   USBBufferZeroLengthPacketInsert
0000e783   USBBufferInfoGet
0000e7b5   USBBufferDataWritten
0000e7d5   USBBufferDataRemoved
0000e7ef   USBBufferCallbackDataSet
0000e809   USBBufferWrite
0000e84d   USBBufferFlush
0000e85f   USBBufferRead
0000e89d   USBBufferDataAvailable
0000e8af   USBBufferSpaceAvailable
0000e8c1   USBBufferEventCallback
0000e93d   RGBBlinkIntHandler
0000e96b   RGBInit
0000ea57   RGBEnable
0000eb0f   RGBDisable
0000eb6d   RGBSet
0000eb85   RGBColorSet
0000ec35   RGBIntensitySet
0000ec49   RGBBlinkRateSet
0000ecdd   RGBColorGet
0000ed73   IntMasterEnable
0000ed83   IntMasterDisable
0000ed93   IntRegister
0000ede5   IntUnregister
0000edf9   IntPriorityGroupingSet
0000ee13   IntPriorityGroupingGet
0000ee4b   IntPrioritySet
0000ee9b   IntPriorityGet
0000eebf   IntEnable
0000ef31   IntDisable
0000efa3   IntIsEnabled
0000f029   IntPendSet
0000f099   IntPendClear
0000f0e7   IntPriorityMaskSet
0000f0f3   IntPriorityMaskGet
0000f0fb   IntTrigger
0000f1f7   USBDeviceConfig
0000f3ed   USBDeviceConfigAlternate
0000f4b9   Cmd_cpu
0000f4e3   Cmd_free
0000f4f9   Cmd_tasks
0000f575   Cmd_help
0000f5ad   vUARTTask
0000f801   frame_stuffing
0000f8a1   frame_DeStuffing
0000f941   add_checksum_and_stuff
0000f9b3   destuff_and_check_checksum
0000fa07   create_frame
0000fa8b   receive_frame
0000fae5   send_frame
0000fb15   vApplicationStackOverflowHook
0000fb1f   vApplicationTickHook
0000fb3f   vApplicationIdleHook
0000fb47   vApplicationMallocFailedHook
0000fc6b   main
0000fe5f   USBRingBufFull
0000fe97   USBRingBufEmpty
0000fec1   USBRingBufFlush
0000fee1   USBRingBufUsed
0000ff13   USBRingBufFree
0000ff29   USBRingBufContigUsed
0000ff57   USBRingBufContigFree
0000ff93   USBRingBufSize
0000ffa1   USBRingBufReadOne
0000ffc7   USBRingBufRead
0000fffd   USBRingBufAdvanceRead
0001002b   USBRingBufAdvanceWrite
00010087   USBRingBufWriteOne
000100ad   USBRingBufWrite
000100e3   USBRingBufInit
000101d9   USBDCDConfigDescGetSize
00010211   USBDCDConfigDescGetNum
0001025f   USBDCDConfigDescGet
000102ed   USBDCDConfigGetNumAlternateInterfaces
00010341   USBDCDConfigGetInterface
00010377   USBDCDConfigGetInterfaceEndpoint
00010429   USBControlHandler
000104b1   USBTxHandler
00010515   USBRxHandler
0001056b   UsbSerialInit
000105fb   xUSBSerialGetChar
00010611   xUSBSerialPutChar
00010691   pxPortInitialiseStack
000106ef   xPortStartScheduler
00010725   vPortEndScheduler
00010727   vPortEnterCritical
0001073f   vPortExitCritical
00010757   xPortSysTickHandler
00010773   vPortSuppressTicksAndSleep
000108c1   vPortSetupTimerInterrupt
0001091d   __aeabi_uldivmod
00010b11   pvPortMalloc
00010c1f   vPortFree
00010c81   xPortGetFreeHeapSize
00010c87   vPortInitialiseBlocks
00010ce5   USBDescGetNum
00010d41   USBDescGet
00010dab   USBDescGetNumAlternateInterfaces
00010e65   USBDescGetInterface
00010e93   USBDescGetInterfaceEndpoint
00010eb7   __aeabi_dsub
00010ec1   __aeabi_dadd
0001106d   __aeabi_ddiv
000111a3   vListInitialise
000111d3   vListInitialiseItem
000111e3   vListInsertEnd
0001121f   vListInsert
00011285   uxListRemove
000112cd   __aeabi_dmul
000113c9   CPUUsageTick
00011407   CPUUsageInit
000114b9   InternalUSBTickInit
000114f7   InternalUSBTickReset
000114ff   InternalUSBRegisterTickHandler
0001154f   InternalUSBStartOfFrameTick
000115a9   xPortPendSVHandler
00011607   ulPortSetInterruptMask
0001161d   vPortClearInterruptMask
00011623   vPortSVCHandler
00011641   vPortStartFirstTask
0001165f   vPortEnableVFP
00011671   vPortGetIPSR
00011677   ULPIConfigSet
00011719   ULPIPowerTransceiver
00011741   CmdLineProcess
000117ed   __aeabi_memcpy
000117ed   __aeabi_memcpy4
000117ed   __aeabi_memcpy8
000117ed   memcpy
00011889   __TI_auto_init
0001191d   __aeabi_cdcmpeq
0001191d   __aeabi_cdcmple
000119a3   __aeabi_cdrcmple
00011a29   __aeabi_memclr
00011a29   __aeabi_memclr4
00011a29   __aeabi_memclr8
00011a2b   __aeabi_memset
00011a2b   __aeabi_memset4
00011a2b   __aeabi_memset8
00011a31   memset
00011aa1   create_checksum
00011b09   sprintf
00011bc7   ltoa
00011c21   __aeabi_f2ulz
00011c71   atoi
00011cbd   _c_int00
00011d05   __aeabi_d2iz
00011d4d   copy_in
00011d91   C$$EXIT
00011d95   abort
00011d9d   exit
00011dd5   _Dtest
00011e19   __aeabi_uidivmod
00011e5b   CPUcpsid
00011e67   CPUprimask
00011e71   CPUcpsie
00011e7d   CPUwfi
00011e81   CPUbasepriSet
00011e8f   CPUbasepriGet
00011e99   __aeabi_i2d
00011ec9   USB0DeviceIntHandler
00011eed   memcmp
00011f0f   memccpy
00011f2d   _args_main
00011f45   __aeabi_lmul
00011f5d   strcmp
00011f75   _register_unlock
00011f7b   _register_lock
00011f83   _nop
00011f89   strlen
00011f9d   __TI_zero_init
00011faf   _Dclass
00011fc1   strcpy
00011fd1   __TI_decompress_none
00011fdf   ResetISR
00011feb   SysCtlDelay
00011ff1   __TI_decompress_rle24
00012318   _ctypes_
0001265c   g_sCDCSerConfigSection
00012664   g_sIADSerConfigSection
0001266c   g_sCDCSerCommInterfaceSection
00012674   g_sCDCSerDataInterfaceSection
0001267c   g_sCDCSerConfigHeader
00012684   g_sCDCCompSerConfigHeader
0001268c   g_ppCDCSerConfigDescriptors
00012690   g_pCDCCompSerConfigDescriptors
00012694   g_pui8ConfigString
00012730   g_sCDCHandlers
00012790   g_pui8ControlInterfaceString
000127e4   g_pui8ManufacturerString
00012808   g_sRxBuffer
0001282c   g_sTxBuffer
00012850   g_pui8CDCSerCommInterface
00012873   g_pui8ProductString
000128b4   g_ppui8StringDescriptors
000128cc   g_pui8CDCSerDataInterface
000128e3   g_pui8LangDescriptor
000128e7   g_pui8SerialNumberString
00012a70   __TI_Handler_Table_Base
00012a7c   __TI_Handler_Table_Limit
00012a90   __TI_CINIT_Base
00012aa8   __TI_CINIT_Limit
20000000   g_pfnRAMVectors
20006188   g_pui8USBRxBuffer
20006288   g_pui8USBTxBuffer
200064a4   g_psDCDInst
200064f4   xQueueRegistry
200065c8   g_pfnTickHandlers
20006610   g_pui8RxBufferWorkspace
20006628   g_pui8TxBufferWorkspace
20006640   g_pvTickInstance
2000670c   g_ppsDevInfo
20006724   g_ui32PollRate
20006734   g_ulCPUUsage
20006738   g_ulSystemClock
2000673c   g_xRxLineSemaphore
2000675d   g_eOTGModeState
20006760   __stack
20006960   __STACK_END
20006960   __STACK_TOP
20006960   g_sCDCDevice
200069c0   g_psCmdTable
20006a08   g_pui8CDCSerDeviceDescriptor
20006a1a   g_pui8CDCSerDescriptor
20006a23   g_pui8IADSerDescriptor
20006a2c   g_psCDCSerSections
20006a38   g_psCDCCompSerSections
20006a78   pxCurrentTCB
20006b04   g_ulUARTTxCount
20006b08   g_ulUARTRxCount
20006b14   g_bUSBTimerInitialized
20006b18   g_ui32CurrentUSBTick
20006b1c   g_ui32USBSOFCount
20006b20   g_iUSBMode
20006b24   g_ui32WaitTicks
20006b34   _lock
20006b38   _unlock
20006b3c   __TI_cleanup_ptr
20006b40   __TI_dtors_ptr
20006b58   main_func_sp
ffffffff   __binit__
ffffffff   __c_args__
ffffffff   binit
UNDEFED    SHT$$INIT_ARRAY$$Base
UNDEFED    SHT$$INIT_ARRAY$$Limit

[612 symbols]
