<?xml version="1.0"?>
<link_info>
   <banner>TI ARM Linker Unix v5.1.6</banner>
   <copyright>Copyright (c) 1996-2014 Texas Instruments Incorporated</copyright>
   <link_time>0x55115438</link_time>
   <link_errors>0x0</link_errors>
   <output_file>base-practica_TIVA.out</output_file>
   <entry_point>
      <name>_c_int00</name>
      <address>0x11cbd</address>
   </entry_point>
   <input_file_list>
      <input_file id="fl-2">
         <path>./</path>
         <kind>object</kind>
         <file>commands.obj</file>
         <name>commands.obj</name>
      </input_file>
      <input_file id="fl-3">
         <path>./</path>
         <kind>object</kind>
         <file>crc.obj</file>
         <name>crc.obj</name>
      </input_file>
      <input_file id="fl-4">
         <path>./</path>
         <kind>object</kind>
         <file>main.obj</file>
         <name>main.obj</name>
      </input_file>
      <input_file id="fl-5">
         <path>./</path>
         <kind>object</kind>
         <file>protocol.obj</file>
         <name>protocol.obj</name>
      </input_file>
      <input_file id="fl-6">
         <path>./</path>
         <kind>object</kind>
         <file>startup_ccs.obj</file>
         <name>startup_ccs.obj</name>
      </input_file>
      <input_file id="fl-7">
         <path>./</path>
         <kind>object</kind>
         <file>usb_dev_serial.obj</file>
         <name>usb_dev_serial.obj</name>
      </input_file>
      <input_file id="fl-8">
         <path>./</path>
         <kind>object</kind>
         <file>usb_serial_structs.obj</file>
         <name>usb_serial_structs.obj</name>
      </input_file>
      <input_file id="fl-9">
         <path>./utils/</path>
         <kind>object</kind>
         <file>cmdline.obj</file>
         <name>cmdline.obj</name>
      </input_file>
      <input_file id="fl-a">
         <path>./utils/</path>
         <kind>object</kind>
         <file>cpu_usage.obj</file>
         <name>cpu_usage.obj</name>
      </input_file>
      <input_file id="fl-b">
         <path>./utils/</path>
         <kind>object</kind>
         <file>uartstdio.obj</file>
         <name>uartstdio.obj</name>
      </input_file>
      <input_file id="fl-c">
         <path>./utils/</path>
         <kind>object</kind>
         <file>ustdlib.obj</file>
         <name>ustdlib.obj</name>
      </input_file>
      <input_file id="fl-d">
         <path>./usblib/</path>
         <kind>object</kind>
         <file>usbbuffer.obj</file>
         <name>usbbuffer.obj</name>
      </input_file>
      <input_file id="fl-e">
         <path>./usblib/</path>
         <kind>object</kind>
         <file>usbdesc.obj</file>
         <name>usbdesc.obj</name>
      </input_file>
      <input_file id="fl-f">
         <path>./usblib/</path>
         <kind>object</kind>
         <file>usbdma.obj</file>
         <name>usbdma.obj</name>
      </input_file>
      <input_file id="fl-10">
         <path>./usblib/</path>
         <kind>object</kind>
         <file>usbkeyboardmap.obj</file>
         <name>usbkeyboardmap.obj</name>
      </input_file>
      <input_file id="fl-11">
         <path>./usblib/</path>
         <kind>object</kind>
         <file>usbmode.obj</file>
         <name>usbmode.obj</name>
      </input_file>
      <input_file id="fl-12">
         <path>./usblib/</path>
         <kind>object</kind>
         <file>usbringbuf.obj</file>
         <name>usbringbuf.obj</name>
      </input_file>
      <input_file id="fl-13">
         <path>./usblib/</path>
         <kind>object</kind>
         <file>usbtick.obj</file>
         <name>usbtick.obj</name>
      </input_file>
      <input_file id="fl-14">
         <path>./usblib/</path>
         <kind>object</kind>
         <file>usbulpi.obj</file>
         <name>usbulpi.obj</name>
      </input_file>
      <input_file id="fl-15">
         <path>./usblib/host/</path>
         <kind>object</kind>
         <file>usbhaudio.obj</file>
         <name>usbhaudio.obj</name>
      </input_file>
      <input_file id="fl-16">
         <path>./usblib/host/</path>
         <kind>object</kind>
         <file>usbhhid.obj</file>
         <name>usbhhid.obj</name>
      </input_file>
      <input_file id="fl-17">
         <path>./usblib/host/</path>
         <kind>object</kind>
         <file>usbhhidkeyboard.obj</file>
         <name>usbhhidkeyboard.obj</name>
      </input_file>
      <input_file id="fl-18">
         <path>./usblib/host/</path>
         <kind>object</kind>
         <file>usbhhidmouse.obj</file>
         <name>usbhhidmouse.obj</name>
      </input_file>
      <input_file id="fl-19">
         <path>./usblib/host/</path>
         <kind>object</kind>
         <file>usbhhub.obj</file>
         <name>usbhhub.obj</name>
      </input_file>
      <input_file id="fl-1a">
         <path>./usblib/host/</path>
         <kind>object</kind>
         <file>usbhmsc.obj</file>
         <name>usbhmsc.obj</name>
      </input_file>
      <input_file id="fl-1b">
         <path>./usblib/host/</path>
         <kind>object</kind>
         <file>usbhostenum.obj</file>
         <name>usbhostenum.obj</name>
      </input_file>
      <input_file id="fl-1c">
         <path>./usblib/host/</path>
         <kind>object</kind>
         <file>usbhscsi.obj</file>
         <name>usbhscsi.obj</name>
      </input_file>
      <input_file id="fl-1d">
         <path>./usblib/device/</path>
         <kind>object</kind>
         <file>usbdaudio.obj</file>
         <name>usbdaudio.obj</name>
      </input_file>
      <input_file id="fl-1e">
         <path>./usblib/device/</path>
         <kind>object</kind>
         <file>usbdbulk.obj</file>
         <name>usbdbulk.obj</name>
      </input_file>
      <input_file id="fl-1f">
         <path>./usblib/device/</path>
         <kind>object</kind>
         <file>usbdcdc.obj</file>
         <name>usbdcdc.obj</name>
      </input_file>
      <input_file id="fl-20">
         <path>./usblib/device/</path>
         <kind>object</kind>
         <file>usbdcdesc.obj</file>
         <name>usbdcdesc.obj</name>
      </input_file>
      <input_file id="fl-21">
         <path>./usblib/device/</path>
         <kind>object</kind>
         <file>usbdcomp.obj</file>
         <name>usbdcomp.obj</name>
      </input_file>
      <input_file id="fl-22">
         <path>./usblib/device/</path>
         <kind>object</kind>
         <file>usbdconfig.obj</file>
         <name>usbdconfig.obj</name>
      </input_file>
      <input_file id="fl-23">
         <path>./usblib/device/</path>
         <kind>object</kind>
         <file>usbddfu-rt.obj</file>
         <name>usbddfu-rt.obj</name>
      </input_file>
      <input_file id="fl-24">
         <path>./usblib/device/</path>
         <kind>object</kind>
         <file>usbdenum.obj</file>
         <name>usbdenum.obj</name>
      </input_file>
      <input_file id="fl-25">
         <path>./usblib/device/</path>
         <kind>object</kind>
         <file>usbdhandler.obj</file>
         <name>usbdhandler.obj</name>
      </input_file>
      <input_file id="fl-26">
         <path>./usblib/device/</path>
         <kind>object</kind>
         <file>usbdhid.obj</file>
         <name>usbdhid.obj</name>
      </input_file>
      <input_file id="fl-27">
         <path>./usblib/device/</path>
         <kind>object</kind>
         <file>usbdhidgamepad.obj</file>
         <name>usbdhidgamepad.obj</name>
      </input_file>
      <input_file id="fl-28">
         <path>./usblib/device/</path>
         <kind>object</kind>
         <file>usbdhidkeyb.obj</file>
         <name>usbdhidkeyb.obj</name>
      </input_file>
      <input_file id="fl-29">
         <path>./usblib/device/</path>
         <kind>object</kind>
         <file>usbdhidmouse.obj</file>
         <name>usbdhidmouse.obj</name>
      </input_file>
      <input_file id="fl-2a">
         <path>./usblib/device/</path>
         <kind>object</kind>
         <file>usbdmsc.obj</file>
         <name>usbdmsc.obj</name>
      </input_file>
      <input_file id="fl-2b">
         <path>./drivers/</path>
         <kind>object</kind>
         <file>buttons.obj</file>
         <name>buttons.obj</name>
      </input_file>
      <input_file id="fl-2c">
         <path>./drivers/</path>
         <kind>object</kind>
         <file>rgb.obj</file>
         <name>rgb.obj</name>
      </input_file>
      <input_file id="fl-2d">
         <path>./driverlib/</path>
         <kind>object</kind>
         <file>adc.obj</file>
         <name>adc.obj</name>
      </input_file>
      <input_file id="fl-2e">
         <path>./driverlib/</path>
         <kind>object</kind>
         <file>aes.obj</file>
         <name>aes.obj</name>
      </input_file>
      <input_file id="fl-2f">
         <path>./driverlib/</path>
         <kind>object</kind>
         <file>can.obj</file>
         <name>can.obj</name>
      </input_file>
      <input_file id="fl-30">
         <path>./driverlib/</path>
         <kind>object</kind>
         <file>comp.obj</file>
         <name>comp.obj</name>
      </input_file>
      <input_file id="fl-31">
         <path>./driverlib/</path>
         <kind>object</kind>
         <file>cpu.obj</file>
         <name>cpu.obj</name>
      </input_file>
      <input_file id="fl-32">
         <path>./driverlib/</path>
         <kind>object</kind>
         <file>crc.obj</file>
         <name>crc.obj</name>
      </input_file>
      <input_file id="fl-33">
         <path>./driverlib/</path>
         <kind>object</kind>
         <file>des.obj</file>
         <name>des.obj</name>
      </input_file>
      <input_file id="fl-34">
         <path>./driverlib/</path>
         <kind>object</kind>
         <file>eeprom.obj</file>
         <name>eeprom.obj</name>
      </input_file>
      <input_file id="fl-35">
         <path>./driverlib/</path>
         <kind>object</kind>
         <file>emac.obj</file>
         <name>emac.obj</name>
      </input_file>
      <input_file id="fl-36">
         <path>./driverlib/</path>
         <kind>object</kind>
         <file>epi.obj</file>
         <name>epi.obj</name>
      </input_file>
      <input_file id="fl-37">
         <path>./driverlib/</path>
         <kind>object</kind>
         <file>epi_workaround_ccs.obj</file>
         <name>epi_workaround_ccs.obj</name>
      </input_file>
      <input_file id="fl-38">
         <path>./driverlib/</path>
         <kind>object</kind>
         <file>flash.obj</file>
         <name>flash.obj</name>
      </input_file>
      <input_file id="fl-39">
         <path>./driverlib/</path>
         <kind>object</kind>
         <file>fpu.obj</file>
         <name>fpu.obj</name>
      </input_file>
      <input_file id="fl-3a">
         <path>./driverlib/</path>
         <kind>object</kind>
         <file>gpio.obj</file>
         <name>gpio.obj</name>
      </input_file>
      <input_file id="fl-3b">
         <path>./driverlib/</path>
         <kind>object</kind>
         <file>hibernate.obj</file>
         <name>hibernate.obj</name>
      </input_file>
      <input_file id="fl-3c">
         <path>./driverlib/</path>
         <kind>object</kind>
         <file>i2c.obj</file>
         <name>i2c.obj</name>
      </input_file>
      <input_file id="fl-3d">
         <path>./driverlib/</path>
         <kind>object</kind>
         <file>interrupt.obj</file>
         <name>interrupt.obj</name>
      </input_file>
      <input_file id="fl-3e">
         <path>./driverlib/</path>
         <kind>object</kind>
         <file>lcd.obj</file>
         <name>lcd.obj</name>
      </input_file>
      <input_file id="fl-3f">
         <path>./driverlib/</path>
         <kind>object</kind>
         <file>mpu.obj</file>
         <name>mpu.obj</name>
      </input_file>
      <input_file id="fl-40">
         <path>./driverlib/</path>
         <kind>object</kind>
         <file>pwm.obj</file>
         <name>pwm.obj</name>
      </input_file>
      <input_file id="fl-41">
         <path>./driverlib/</path>
         <kind>object</kind>
         <file>qei.obj</file>
         <name>qei.obj</name>
      </input_file>
      <input_file id="fl-42">
         <path>./driverlib/</path>
         <kind>object</kind>
         <file>shamd5.obj</file>
         <name>shamd5.obj</name>
      </input_file>
      <input_file id="fl-43">
         <path>./driverlib/</path>
         <kind>object</kind>
         <file>ssi.obj</file>
         <name>ssi.obj</name>
      </input_file>
      <input_file id="fl-44">
         <path>./driverlib/</path>
         <kind>object</kind>
         <file>sw_crc.obj</file>
         <name>sw_crc.obj</name>
      </input_file>
      <input_file id="fl-45">
         <path>./driverlib/</path>
         <kind>object</kind>
         <file>sysctl.obj</file>
         <name>sysctl.obj</name>
      </input_file>
      <input_file id="fl-46">
         <path>./driverlib/</path>
         <kind>object</kind>
         <file>sysexc.obj</file>
         <name>sysexc.obj</name>
      </input_file>
      <input_file id="fl-47">
         <path>./driverlib/</path>
         <kind>object</kind>
         <file>systick.obj</file>
         <name>systick.obj</name>
      </input_file>
      <input_file id="fl-48">
         <path>./driverlib/</path>
         <kind>object</kind>
         <file>timer.obj</file>
         <name>timer.obj</name>
      </input_file>
      <input_file id="fl-49">
         <path>./driverlib/</path>
         <kind>object</kind>
         <file>uart.obj</file>
         <name>uart.obj</name>
      </input_file>
      <input_file id="fl-4a">
         <path>./driverlib/</path>
         <kind>object</kind>
         <file>udma.obj</file>
         <name>udma.obj</name>
      </input_file>
      <input_file id="fl-4b">
         <path>./driverlib/</path>
         <kind>object</kind>
         <file>usb.obj</file>
         <name>usb.obj</name>
      </input_file>
      <input_file id="fl-4c">
         <path>./driverlib/</path>
         <kind>object</kind>
         <file>watchdog.obj</file>
         <name>watchdog.obj</name>
      </input_file>
      <input_file id="fl-4d">
         <path>./FreeRTOS/Source/</path>
         <kind>object</kind>
         <file>croutine.obj</file>
         <name>croutine.obj</name>
      </input_file>
      <input_file id="fl-4e">
         <path>./FreeRTOS/Source/</path>
         <kind>object</kind>
         <file>event_groups.obj</file>
         <name>event_groups.obj</name>
      </input_file>
      <input_file id="fl-4f">
         <path>./FreeRTOS/Source/</path>
         <kind>object</kind>
         <file>list.obj</file>
         <name>list.obj</name>
      </input_file>
      <input_file id="fl-50">
         <path>./FreeRTOS/Source/</path>
         <kind>object</kind>
         <file>queue.obj</file>
         <name>queue.obj</name>
      </input_file>
      <input_file id="fl-51">
         <path>./FreeRTOS/Source/</path>
         <kind>object</kind>
         <file>tasks.obj</file>
         <name>tasks.obj</name>
      </input_file>
      <input_file id="fl-52">
         <path>./FreeRTOS/Source/</path>
         <kind>object</kind>
         <file>timers.obj</file>
         <name>timers.obj</name>
      </input_file>
      <input_file id="fl-53">
         <path>./FreeRTOS/Source/portable/CCS/ARM_CM4F/</path>
         <kind>object</kind>
         <file>port.obj</file>
         <name>port.obj</name>
      </input_file>
      <input_file id="fl-54">
         <path>./FreeRTOS/Source/portable/CCS/ARM_CM4F/</path>
         <kind>object</kind>
         <file>portasm.obj</file>
         <name>portasm.obj</name>
      </input_file>
      <input_file id="fl-55">
         <path>./FreeRTOS/Source/MemMang/</path>
         <kind>object</kind>
         <file>heap_2.obj</file>
         <name>heap_2.obj</name>
      </input_file>
      <input_file id="fl-182">
         <path>/opt/ti/ccsv6/tools/compiler/arm_5.1.6/lib/</path>
         <kind>archive</kind>
         <file>rtsv7M4_T_le_v4SPD16_eabi.lib</file>
         <name>boot.obj</name>
      </input_file>
      <input_file id="fl-183">
         <path>/opt/ti/ccsv6/tools/compiler/arm_5.1.6/lib/</path>
         <kind>archive</kind>
         <file>rtsv7M4_T_le_v4SPD16_eabi.lib</file>
         <name>copy_decompress_none.obj</name>
      </input_file>
      <input_file id="fl-184">
         <path>/opt/ti/ccsv6/tools/compiler/arm_5.1.6/lib/</path>
         <kind>archive</kind>
         <file>rtsv7M4_T_le_v4SPD16_eabi.lib</file>
         <name>copy_decompress_rle.obj</name>
      </input_file>
      <input_file id="fl-185">
         <path>/opt/ti/ccsv6/tools/compiler/arm_5.1.6/lib/</path>
         <kind>archive</kind>
         <file>rtsv7M4_T_le_v4SPD16_eabi.lib</file>
         <name>copy_zero_init.obj</name>
      </input_file>
      <input_file id="fl-186">
         <path>/opt/ti/ccsv6/tools/compiler/arm_5.1.6/lib/</path>
         <kind>archive</kind>
         <file>rtsv7M4_T_le_v4SPD16_eabi.lib</file>
         <name>exit.obj</name>
      </input_file>
      <input_file id="fl-187">
         <path>/opt/ti/ccsv6/tools/compiler/arm_5.1.6/lib/</path>
         <kind>archive</kind>
         <file>rtsv7M4_T_le_v4SPD16_eabi.lib</file>
         <name>fs_toull_t2.obj</name>
      </input_file>
      <input_file id="fl-188">
         <path>/opt/ti/ccsv6/tools/compiler/arm_5.1.6/lib/</path>
         <kind>archive</kind>
         <file>rtsv7M4_T_le_v4SPD16_eabi.lib</file>
         <name>memcmp.obj</name>
      </input_file>
      <input_file id="fl-189">
         <path>/opt/ti/ccsv6/tools/compiler/arm_5.1.6/lib/</path>
         <kind>archive</kind>
         <file>rtsv7M4_T_le_v4SPD16_eabi.lib</file>
         <name>memcpy_t2.obj</name>
      </input_file>
      <input_file id="fl-18a">
         <path>/opt/ti/ccsv6/tools/compiler/arm_5.1.6/lib/</path>
         <kind>archive</kind>
         <file>rtsv7M4_T_le_v4SPD16_eabi.lib</file>
         <name>memset_t2.obj</name>
      </input_file>
      <input_file id="fl-18b">
         <path>/opt/ti/ccsv6/tools/compiler/arm_5.1.6/lib/</path>
         <kind>archive</kind>
         <file>rtsv7M4_T_le_v4SPD16_eabi.lib</file>
         <name>sprintf.obj</name>
      </input_file>
      <input_file id="fl-18c">
         <path>/opt/ti/ccsv6/tools/compiler/arm_5.1.6/lib/</path>
         <kind>archive</kind>
         <file>rtsv7M4_T_le_v4SPD16_eabi.lib</file>
         <name>stkdepth_vars.obj</name>
      </input_file>
      <input_file id="fl-18d">
         <path>/opt/ti/ccsv6/tools/compiler/arm_5.1.6/lib/</path>
         <kind>archive</kind>
         <file>rtsv7M4_T_le_v4SPD16_eabi.lib</file>
         <name>strcmp.obj</name>
      </input_file>
      <input_file id="fl-18e">
         <path>/opt/ti/ccsv6/tools/compiler/arm_5.1.6/lib/</path>
         <kind>archive</kind>
         <file>rtsv7M4_T_le_v4SPD16_eabi.lib</file>
         <name>strcpy.obj</name>
      </input_file>
      <input_file id="fl-18f">
         <path>/opt/ti/ccsv6/tools/compiler/arm_5.1.6/lib/</path>
         <kind>archive</kind>
         <file>rtsv7M4_T_le_v4SPD16_eabi.lib</file>
         <name>strlen.obj</name>
      </input_file>
      <input_file id="fl-190">
         <path>/opt/ti/ccsv6/tools/compiler/arm_5.1.6/lib/</path>
         <kind>archive</kind>
         <file>rtsv7M4_T_le_v4SPD16_eabi.lib</file>
         <name>u_divt2.obj</name>
      </input_file>
      <input_file id="fl-191">
         <path>/opt/ti/ccsv6/tools/compiler/arm_5.1.6/lib/</path>
         <kind>archive</kind>
         <file>rtsv7M4_T_le_v4SPD16_eabi.lib</file>
         <name>_lock.obj</name>
      </input_file>
      <input_file id="fl-192">
         <path>/opt/ti/ccsv6/tools/compiler/arm_5.1.6/lib/</path>
         <kind>archive</kind>
         <file>rtsv7M4_T_le_v4SPD16_eabi.lib</file>
         <name>_printfi.obj</name>
      </input_file>
      <input_file id="fl-193">
         <path>/opt/ti/ccsv6/tools/compiler/arm_5.1.6/lib/</path>
         <kind>archive</kind>
         <file>rtsv7M4_T_le_v4SPD16_eabi.lib</file>
         <name>args_main.obj</name>
      </input_file>
      <input_file id="fl-194">
         <path>/opt/ti/ccsv6/tools/compiler/arm_5.1.6/lib/</path>
         <kind>archive</kind>
         <file>rtsv7M4_T_le_v4SPD16_eabi.lib</file>
         <name>atoi.obj</name>
      </input_file>
      <input_file id="fl-195">
         <path>/opt/ti/ccsv6/tools/compiler/arm_5.1.6/lib/</path>
         <kind>archive</kind>
         <file>rtsv7M4_T_le_v4SPD16_eabi.lib</file>
         <name>auto_init.obj</name>
      </input_file>
      <input_file id="fl-196">
         <path>/opt/ti/ccsv6/tools/compiler/arm_5.1.6/lib/</path>
         <kind>archive</kind>
         <file>rtsv7M4_T_le_v4SPD16_eabi.lib</file>
         <name>cpy_tbl.obj</name>
      </input_file>
      <input_file id="fl-197">
         <path>/opt/ti/ccsv6/tools/compiler/arm_5.1.6/lib/</path>
         <kind>archive</kind>
         <file>rtsv7M4_T_le_v4SPD16_eabi.lib</file>
         <name>ctype.obj</name>
      </input_file>
      <input_file id="fl-198">
         <path>/opt/ti/ccsv6/tools/compiler/arm_5.1.6/lib/</path>
         <kind>archive</kind>
         <file>rtsv7M4_T_le_v4SPD16_eabi.lib</file>
         <name>fd_add_t2.obj</name>
      </input_file>
      <input_file id="fl-199">
         <path>/opt/ti/ccsv6/tools/compiler/arm_5.1.6/lib/</path>
         <kind>archive</kind>
         <file>rtsv7M4_T_le_v4SPD16_eabi.lib</file>
         <name>fd_cmp_t2.obj</name>
      </input_file>
      <input_file id="fl-19a">
         <path>/opt/ti/ccsv6/tools/compiler/arm_5.1.6/lib/</path>
         <kind>archive</kind>
         <file>rtsv7M4_T_le_v4SPD16_eabi.lib</file>
         <name>fd_div_t2.obj</name>
      </input_file>
      <input_file id="fl-19b">
         <path>/opt/ti/ccsv6/tools/compiler/arm_5.1.6/lib/</path>
         <kind>archive</kind>
         <file>rtsv7M4_T_le_v4SPD16_eabi.lib</file>
         <name>fd_mul_t2.obj</name>
      </input_file>
      <input_file id="fl-19c">
         <path>/opt/ti/ccsv6/tools/compiler/arm_5.1.6/lib/</path>
         <kind>archive</kind>
         <file>rtsv7M4_T_le_v4SPD16_eabi.lib</file>
         <name>fd_toi_t2.obj</name>
      </input_file>
      <input_file id="fl-19d">
         <path>/opt/ti/ccsv6/tools/compiler/arm_5.1.6/lib/</path>
         <kind>archive</kind>
         <file>rtsv7M4_T_le_v4SPD16_eabi.lib</file>
         <name>i_tofd_t2.obj</name>
      </input_file>
      <input_file id="fl-19e">
         <path>/opt/ti/ccsv6/tools/compiler/arm_5.1.6/lib/</path>
         <kind>archive</kind>
         <file>rtsv7M4_T_le_v4SPD16_eabi.lib</file>
         <name>ll_mul_t2.obj</name>
      </input_file>
      <input_file id="fl-19f">
         <path>/opt/ti/ccsv6/tools/compiler/arm_5.1.6/lib/</path>
         <kind>archive</kind>
         <file>rtsv7M4_T_le_v4SPD16_eabi.lib</file>
         <name>ltoa.obj</name>
      </input_file>
      <input_file id="fl-1a0">
         <path>/opt/ti/ccsv6/tools/compiler/arm_5.1.6/lib/</path>
         <kind>archive</kind>
         <file>rtsv7M4_T_le_v4SPD16_eabi.lib</file>
         <name>memccpy.obj</name>
      </input_file>
      <input_file id="fl-1a1">
         <path>/opt/ti/ccsv6/tools/compiler/arm_5.1.6/lib/</path>
         <kind>archive</kind>
         <file>rtsv7M4_T_le_v4SPD16_eabi.lib</file>
         <name>ull_div_t2.obj</name>
      </input_file>
      <input_file id="fl-1a2">
         <path>/opt/ti/ccsv6/tools/compiler/arm_5.1.6/lib/</path>
         <kind>archive</kind>
         <file>rtsv7M4_T_le_v4SPD16_eabi.lib</file>
         <name>xdclass.obj</name>
      </input_file>
      <input_file id="fl-1a3">
         <path>/opt/ti/ccsv6/tools/compiler/arm_5.1.6/lib/</path>
         <kind>archive</kind>
         <file>rtsv7M4_T_le_v4SPD16_eabi.lib</file>
         <name>xdtest.obj</name>
      </input_file>
   </input_file_list>
   <object_component_list>
      <object_component id="oc-e">
         <name>.intvecs</name>
         <load_address>0x0</load_address>
         <run_address>0x0</run_address>
         <size>0x26c</size>
         <input_file_ref idref="fl-6"/>
      </object_component>
      <object_component id="oc-3ec">
         <name>.text</name>
         <load_address>0x26c</load_address>
         <run_address>0x26c</run_address>
         <size>0x2da0</size>
         <input_file_ref idref="fl-1b"/>
      </object_component>
      <object_component id="oc-82">
         <name>.text</name>
         <load_address>0x300c</load_address>
         <run_address>0x300c</run_address>
         <size>0x19a4</size>
         <input_file_ref idref="fl-51"/>
      </object_component>
      <object_component id="oc-18e">
         <name>.text</name>
         <load_address>0x49b0</load_address>
         <run_address>0x49b0</run_address>
         <size>0x15ba</size>
         <input_file_ref idref="fl-4b"/>
      </object_component>
      <object_component id="oc-d0">
         <name>.text</name>
         <load_address>0x5f6c</load_address>
         <run_address>0x5f6c</run_address>
         <size>0x12f8</size>
         <input_file_ref idref="fl-24"/>
      </object_component>
      <object_component id="oc-19a">
         <name>.text</name>
         <load_address>0x7264</load_address>
         <run_address>0x7264</run_address>
         <size>0xf20</size>
         <input_file_ref idref="fl-f"/>
      </object_component>
      <object_component id="oc-1da">
         <name>.text</name>
         <load_address>0x8184</load_address>
         <run_address>0x8184</run_address>
         <size>0xf00</size>
         <input_file_ref idref="fl-45"/>
      </object_component>
      <object_component id="oc-24a">
         <name>.text</name>
         <load_address>0x9084</load_address>
         <run_address>0x9084</run_address>
         <size>0xec0</size>
         <input_file_ref idref="fl-192"/>
      </object_component>
      <object_component id="oc-2e0">
         <name>.text</name>
         <load_address>0x9f44</load_address>
         <run_address>0x9f44</run_address>
         <size>0xe0c</size>
         <input_file_ref idref="fl-1f"/>
      </object_component>
      <object_component id="oc-3a">
         <name>.text</name>
         <load_address>0xad50</load_address>
         <run_address>0xad50</run_address>
         <size>0xd30</size>
         <input_file_ref idref="fl-b"/>
      </object_component>
      <object_component id="oc-2fe">
         <name>.text</name>
         <load_address>0xba80</load_address>
         <run_address>0xba80</run_address>
         <size>0xc84</size>
         <input_file_ref idref="fl-c"/>
      </object_component>
      <object_component id="oc-a3">
         <name>.text</name>
         <load_address>0xc704</load_address>
         <run_address>0xc704</run_address>
         <size>0x9cc</size>
         <input_file_ref idref="fl-50"/>
      </object_component>
      <object_component id="oc-489">
         <name>.text</name>
         <load_address>0xd0d0</load_address>
         <run_address>0xd0d0</run_address>
         <size>0x920</size>
         <input_file_ref idref="fl-19"/>
      </object_component>
      <object_component id="oc-118">
         <name>.text</name>
         <load_address>0xd9f0</load_address>
         <run_address>0xd9f0</run_address>
         <size>0x580</size>
         <input_file_ref idref="fl-52"/>
      </object_component>
      <object_component id="oc-2da">
         <name>.text</name>
         <load_address>0xdf70</load_address>
         <run_address>0xdf70</run_address>
         <size>0x510</size>
         <input_file_ref idref="fl-11"/>
      </object_component>
      <object_component id="oc-2d4">
         <name>.text</name>
         <load_address>0xe480</load_address>
         <run_address>0xe480</run_address>
         <size>0x4ba</size>
         <input_file_ref idref="fl-d"/>
      </object_component>
      <object_component id="oc-1e6">
         <name>.text</name>
         <load_address>0xe93c</load_address>
         <run_address>0xe93c</run_address>
         <size>0x434</size>
         <input_file_ref idref="fl-2c"/>
      </object_component>
      <object_component id="oc-268">
         <name>.text</name>
         <load_address>0xed70</load_address>
         <run_address>0xed70</run_address>
         <size>0x3c0</size>
         <input_file_ref idref="fl-3d"/>
      </object_component>
      <object_component id="oc-1c1">
         <name>.text</name>
         <load_address>0xf130</load_address>
         <run_address>0xf130</run_address>
         <size>0x388</size>
         <input_file_ref idref="fl-22"/>
      </object_component>
      <object_component id="oc-1f7">
         <name>.text</name>
         <load_address>0xf4b8</load_address>
         <run_address>0xf4b8</run_address>
         <size>0x348</size>
         <input_file_ref idref="fl-2"/>
      </object_component>
      <object_component id="oc-1e0">
         <name>.text</name>
         <load_address>0xf800</load_address>
         <run_address>0xf800</run_address>
         <size>0x314</size>
         <input_file_ref idref="fl-5"/>
      </object_component>
      <object_component id="oc-e5">
         <name>.text</name>
         <load_address>0xfb14</load_address>
         <run_address>0xfb14</run_address>
         <size>0x300</size>
         <input_file_ref idref="fl-4"/>
      </object_component>
      <object_component id="oc-3e5">
         <name>.text</name>
         <load_address>0xfe14</load_address>
         <run_address>0xfe14</run_address>
         <size>0x2f2</size>
         <input_file_ref idref="fl-12"/>
      </object_component>
      <object_component id="oc-1ba">
         <name>.text</name>
         <load_address>0x10106</load_address>
         <run_address>0x10106</run_address>
         <size>0x2de</size>
         <input_file_ref idref="fl-20"/>
      </object_component>
      <object_component id="oc-1ec">
         <name>.text</name>
         <load_address>0x103e4</load_address>
         <run_address>0x103e4</run_address>
         <size>0x2ac</size>
         <input_file_ref idref="fl-7"/>
      </object_component>
      <object_component id="oc-34">
         <name>.text</name>
         <load_address>0x10690</load_address>
         <run_address>0x10690</run_address>
         <size>0x28c</size>
         <input_file_ref idref="fl-53"/>
      </object_component>
      <object_component id="oc-32c">
         <name>.text</name>
         <load_address>0x1091c</load_address>
         <run_address>0x1091c</run_address>
         <size>0x1f4</size>
         <input_file_ref idref="fl-1a1"/>
      </object_component>
      <object_component id="oc-12e">
         <name>.text</name>
         <load_address>0x10b10</load_address>
         <run_address>0x10b10</run_address>
         <size>0x1d4</size>
         <input_file_ref idref="fl-55"/>
      </object_component>
      <object_component id="oc-293">
         <name>.text</name>
         <load_address>0x10ce4</load_address>
         <run_address>0x10ce4</run_address>
         <size>0x1d2</size>
         <input_file_ref idref="fl-e"/>
      </object_component>
      <object_component id="oc-35a">
         <name>.text</name>
         <load_address>0x10eb6</load_address>
         <run_address>0x10eb6</run_address>
         <size>0x1b6</size>
         <input_file_ref idref="fl-198"/>
      </object_component>
      <object_component id="oc-340">
         <name>.text</name>
         <load_address>0x1106c</load_address>
         <run_address>0x1106c</run_address>
         <size>0x136</size>
         <input_file_ref idref="fl-19a"/>
      </object_component>
      <object_component id="oc-10e">
         <name>.text</name>
         <load_address>0x111a2</load_address>
         <run_address>0x111a2</run_address>
         <size>0x12a</size>
         <input_file_ref idref="fl-4f"/>
      </object_component>
      <object_component id="oc-33b">
         <name>.text</name>
         <load_address>0x112cc</load_address>
         <run_address>0x112cc</run_address>
         <size>0xfc</size>
         <input_file_ref idref="fl-19b"/>
      </object_component>
      <object_component id="oc-1d4">
         <name>.text</name>
         <load_address>0x113c8</load_address>
         <run_address>0x113c8</run_address>
         <size>0xf0</size>
         <input_file_ref idref="fl-a"/>
      </object_component>
      <object_component id="oc-1a0">
         <name>.text</name>
         <load_address>0x114b8</load_address>
         <run_address>0x114b8</run_address>
         <size>0xec</size>
         <input_file_ref idref="fl-13"/>
      </object_component>
      <object_component id="oc-2f">
         <name>.text</name>
         <load_address>0x115a4</load_address>
         <run_address>0x115a4</run_address>
         <size>0xd2</size>
         <input_file_ref idref="fl-54"/>
      </object_component>
      <object_component id="oc-194">
         <name>.text</name>
         <load_address>0x11676</load_address>
         <run_address>0x11676</run_address>
         <size>0xc8</size>
         <input_file_ref idref="fl-14"/>
      </object_component>
      <object_component id="oc-304">
         <name>.text</name>
         <load_address>0x11740</load_address>
         <run_address>0x11740</run_address>
         <size>0xac</size>
         <input_file_ref idref="fl-9"/>
      </object_component>
      <object_component id="oc-5e">
         <name>.text</name>
         <load_address>0x117ec</load_address>
         <run_address>0x117ec</run_address>
         <size>0x9c</size>
         <input_file_ref idref="fl-189"/>
      </object_component>
      <object_component id="oc-49">
         <name>.text</name>
         <load_address>0x11888</load_address>
         <run_address>0x11888</run_address>
         <size>0x94</size>
         <input_file_ref idref="fl-195"/>
      </object_component>
      <object_component id="oc-336">
         <name>.text:__aeabi_cdcmple</name>
         <load_address>0x1191c</load_address>
         <run_address>0x1191c</run_address>
         <size>0x86</size>
         <input_file_ref idref="fl-199"/>
      </object_component>
      <object_component id="oc-345">
         <name>.text:__aeabi_cdrcmple</name>
         <load_address>0x119a2</load_address>
         <run_address>0x119a2</run_address>
         <size>0x86</size>
         <input_file_ref idref="fl-199"/>
      </object_component>
      <object_component id="oc-134">
         <name>.text</name>
         <load_address>0x11a28</load_address>
         <run_address>0x11a28</run_address>
         <size>0x78</size>
         <input_file_ref idref="fl-18a"/>
      </object_component>
      <object_component id="oc-2bf">
         <name>.text</name>
         <load_address>0x11aa0</load_address>
         <run_address>0x11aa0</run_address>
         <size>0x68</size>
         <input_file_ref idref="fl-3"/>
      </object_component>
      <object_component id="oc-14e">
         <name>.text</name>
         <load_address>0x11b08</load_address>
         <run_address>0x11b08</run_address>
         <size>0x60</size>
         <input_file_ref idref="fl-18b"/>
      </object_component>
      <object_component id="oc-71">
         <name>.text</name>
         <load_address>0x11b68</load_address>
         <run_address>0x11b68</run_address>
         <size>0x5e</size>
         <input_file_ref idref="fl-184"/>
      </object_component>
      <object_component id="oc-34f">
         <name>.text</name>
         <load_address>0x11bc6</load_address>
         <run_address>0x11bc6</run_address>
         <size>0x5a</size>
         <input_file_ref idref="fl-19f"/>
      </object_component>
      <object_component id="oc-2c7">
         <name>.text</name>
         <load_address>0x11c20</load_address>
         <run_address>0x11c20</run_address>
         <size>0x50</size>
         <input_file_ref idref="fl-187"/>
      </object_component>
      <object_component id="oc-36b">
         <name>.text</name>
         <load_address>0x11c70</load_address>
         <run_address>0x11c70</run_address>
         <size>0x4c</size>
         <input_file_ref idref="fl-194"/>
      </object_component>
      <object_component id="oc-11">
         <name>.text</name>
         <load_address>0x11cbc</load_address>
         <run_address>0x11cbc</run_address>
         <size>0x48</size>
         <input_file_ref idref="fl-182"/>
      </object_component>
      <object_component id="oc-34a">
         <name>.text</name>
         <load_address>0x11d04</load_address>
         <run_address>0x11d04</run_address>
         <size>0x48</size>
         <input_file_ref idref="fl-19c"/>
      </object_component>
      <object_component id="oc-de">
         <name>.text</name>
         <load_address>0x11d4c</load_address>
         <run_address>0x11d4c</run_address>
         <size>0x44</size>
         <input_file_ref idref="fl-196"/>
      </object_component>
      <object_component id="oc-54">
         <name>.text</name>
         <load_address>0x11d90</load_address>
         <run_address>0x11d90</run_address>
         <size>0x44</size>
         <input_file_ref idref="fl-186"/>
      </object_component>
      <object_component id="oc-456">
         <name>.text</name>
         <load_address>0x11dd4</load_address>
         <run_address>0x11dd4</run_address>
         <size>0x44</size>
         <input_file_ref idref="fl-1a3"/>
      </object_component>
      <object_component id="oc-b9">
         <name>.text</name>
         <load_address>0x11e18</load_address>
         <run_address>0x11e18</run_address>
         <size>0x42</size>
         <input_file_ref idref="fl-190"/>
      </object_component>
      <object_component id="oc-89">
         <name>.text</name>
         <load_address>0x11e5a</load_address>
         <run_address>0x11e5a</run_address>
         <size>0x3e</size>
         <input_file_ref idref="fl-31"/>
      </object_component>
      <object_component id="oc-355">
         <name>.text</name>
         <load_address>0x11e98</load_address>
         <run_address>0x11e98</run_address>
         <size>0x2e</size>
         <input_file_ref idref="fl-19d"/>
      </object_component>
      <object_component id="oc-40">
         <name>.text</name>
         <load_address>0x11ec8</load_address>
         <run_address>0x11ec8</run_address>
         <size>0x24</size>
         <input_file_ref idref="fl-25"/>
      </object_component>
      <object_component id="oc-121">
         <name>.text</name>
         <load_address>0x11eec</load_address>
         <run_address>0x11eec</run_address>
         <size>0x22</size>
         <input_file_ref idref="fl-188"/>
      </object_component>
      <object_component id="oc-365">
         <name>.text</name>
         <load_address>0x11f0e</load_address>
         <run_address>0x11f0e</run_address>
         <size>0x1c</size>
         <input_file_ref idref="fl-1a0"/>
      </object_component>
      <object_component id="oc-4e">
         <name>.text</name>
         <load_address>0x11f2c</load_address>
         <run_address>0x11f2c</run_address>
         <size>0x18</size>
         <input_file_ref idref="fl-193"/>
      </object_component>
      <object_component id="oc-331">
         <name>.text</name>
         <load_address>0x11f44</load_address>
         <run_address>0x11f44</run_address>
         <size>0x18</size>
         <input_file_ref idref="fl-19e"/>
      </object_component>
      <object_component id="oc-43d">
         <name>.text</name>
         <load_address>0x11f5c</load_address>
         <run_address>0x11f5c</run_address>
         <size>0x18</size>
         <input_file_ref idref="fl-18d"/>
      </object_component>
      <object_component id="oc-20a">
         <name>.text</name>
         <load_address>0x11f74</load_address>
         <run_address>0x11f74</run_address>
         <size>0x14</size>
         <input_file_ref idref="fl-191"/>
      </object_component>
      <object_component id="oc-147">
         <name>.text</name>
         <load_address>0x11f88</load_address>
         <run_address>0x11f88</run_address>
         <size>0x14</size>
         <input_file_ref idref="fl-18f"/>
      </object_component>
      <object_component id="oc-1c">
         <name>.text:decompress:ZI</name>
         <load_address>0x11f9c</load_address>
         <run_address>0x11f9c</run_address>
         <size>0x12</size>
         <input_file_ref idref="fl-185"/>
      </object_component>
      <object_component id="oc-35f">
         <name>.text</name>
         <load_address>0x11fae</load_address>
         <run_address>0x11fae</run_address>
         <size>0x12</size>
         <input_file_ref idref="fl-1a2"/>
      </object_component>
      <object_component id="oc-141">
         <name>.text</name>
         <load_address>0x11fc0</load_address>
         <run_address>0x11fc0</run_address>
         <size>0x10</size>
         <input_file_ref idref="fl-18e"/>
      </object_component>
      <object_component id="oc-16">
         <name>.text:decompress:none</name>
         <load_address>0x11fd0</load_address>
         <run_address>0x11fd0</run_address>
         <size>0xe</size>
         <input_file_ref idref="fl-183"/>
      </object_component>
      <object_component id="oc-29">
         <name>.text</name>
         <load_address>0x11fde</load_address>
         <run_address>0x11fde</run_address>
         <size>0xc</size>
         <input_file_ref idref="fl-6"/>
      </object_component>
      <object_component id="oc-2bc">
         <name>.text:SysCtlDelay</name>
         <load_address>0x11fea</load_address>
         <run_address>0x11fea</run_address>
         <size>0x6</size>
         <input_file_ref idref="fl-45"/>
      </object_component>
      <object_component id="oc-22">
         <name>.text:decompress:rle24</name>
         <load_address>0x11ff0</load_address>
         <run_address>0x11ff0</run_address>
         <size>0x6</size>
         <input_file_ref idref="fl-184"/>
      </object_component>
      <object_component id="oc-3d9">
         <name>.const:crctttab</name>
         <load_address>0x11ff8</load_address>
         <run_address>0x11ff8</run_address>
         <size>0x200</size>
         <input_file_ref idref="fl-3"/>
      </object_component>
      <object_component id="oc-2b6">
         <name>.const:g_pppui32XTALtoVCO</name>
         <load_address>0x121f8</load_address>
         <run_address>0x121f8</run_address>
         <size>0x120</size>
         <input_file_ref idref="fl-45"/>
      </object_component>
      <object_component id="oc-45f">
         <name>.const:.string:_ctypes_</name>
         <load_address>0x12318</load_address>
         <run_address>0x12318</run_address>
         <size>0x102</size>
         <input_file_ref idref="fl-197"/>
      </object_component>
      <object_component id="oc-238">
         <name>.const</name>
         <load_address>0x1241a</load_address>
         <run_address>0x1241a</run_address>
         <size>0x2</size>
         <input_file_ref idref="fl-55"/>
      </object_component>
      <object_component id="oc-448">
         <name>.const:.string</name>
         <load_address>0x1241c</load_address>
         <run_address>0x1241c</run_address>
         <size>0xc6</size>
         <input_file_ref idref="fl-2"/>
      </object_component>
      <object_component id="oc-396">
         <name>.const:g_pui32Regs</name>
         <load_address>0x124e4</load_address>
         <run_address>0x124e4</run_address>
         <size>0x9c</size>
         <input_file_ref idref="fl-3d"/>
      </object_component>
      <object_component id="oc-393">
         <name>.const</name>
         <load_address>0x12580</load_address>
         <run_address>0x12580</run_address>
         <size>0x70</size>
         <input_file_ref idref="fl-3d"/>
      </object_component>
      <object_component id="oc-2b3">
         <name>.const:g_pui32Xtals</name>
         <load_address>0x125f0</load_address>
         <run_address>0x125f0</run_address>
         <size>0x6c</size>
         <input_file_ref idref="fl-45"/>
      </object_component>
      <object_component id="oc-3fd">
         <name>.const</name>
         <load_address>0x1265c</load_address>
         <run_address>0x1265c</run_address>
         <size>0x38</size>
         <input_file_ref idref="fl-1f"/>
      </object_component>
      <object_component id="oc-4bd">
         <name>.const:.string:g_pui8ConfigString</name>
         <load_address>0x12694</load_address>
         <run_address>0x12694</run_address>
         <size>0x36</size>
         <input_file_ref idref="fl-8"/>
      </object_component>
      <object_component id="oc-1b7">
         <name>.const:g_psUSBDStdRequests</name>
         <load_address>0x126cc</load_address>
         <run_address>0x126cc</run_address>
         <size>0x34</size>
         <input_file_ref idref="fl-24"/>
      </object_component>
      <object_component id="oc-430">
         <name>.const:g_psDaysToMonth</name>
         <load_address>0x12700</load_address>
         <run_address>0x12700</run_address>
         <size>0x30</size>
         <input_file_ref idref="fl-c"/>
      </object_component>
      <object_component id="oc-3f7">
         <name>.const:g_sCDCHandlers</name>
         <load_address>0x12730</load_address>
         <run_address>0x12730</run_address>
         <size>0x30</size>
         <input_file_ref idref="fl-1f"/>
      </object_component>
      <object_component id="oc-2b0">
         <name>.const:g_sXTALtoMEMTIM</name>
         <load_address>0x12760</load_address>
         <run_address>0x12760</run_address>
         <size>0x30</size>
         <input_file_ref idref="fl-45"/>
      </object_component>
      <object_component id="oc-4ba">
         <name>.const:.string:g_pui8ControlInterfaceString</name>
         <load_address>0x12790</load_address>
         <run_address>0x12790</run_address>
         <size>0x2c</size>
         <input_file_ref idref="fl-8"/>
      </object_component>
      <object_component id="oc-ac">
         <name>.const</name>
         <load_address>0x127bc</load_address>
         <run_address>0x127bc</run_address>
         <size>0x28</size>
         <input_file_ref idref="fl-b"/>
      </object_component>
      <object_component id="oc-4b4">
         <name>.const:.string:g_pui8ManufacturerString</name>
         <load_address>0x127e4</load_address>
         <run_address>0x127e4</run_address>
         <size>0x24</size>
         <input_file_ref idref="fl-8"/>
      </object_component>
      <object_component id="oc-2e6">
         <name>.const:g_sRxBuffer</name>
         <load_address>0x12808</load_address>
         <run_address>0x12808</run_address>
         <size>0x24</size>
         <input_file_ref idref="fl-8"/>
      </object_component>
      <object_component id="oc-2ef">
         <name>.const:g_sTxBuffer</name>
         <load_address>0x1282c</load_address>
         <run_address>0x1282c</run_address>
         <size>0x24</size>
         <input_file_ref idref="fl-8"/>
      </object_component>
      <object_component id="oc-4a1">
         <name>.const:.string:g_pui8CDCSerCommInterface</name>
         <load_address>0x12850</load_address>
         <run_address>0x12850</run_address>
         <size>0x23</size>
         <input_file_ref idref="fl-1f"/>
      </object_component>
      <object_component id="oc-4b7">
         <name>.const:.string:g_pui8ProductString</name>
         <load_address>0x12873</load_address>
         <run_address>0x12873</run_address>
         <size>0x22</size>
         <input_file_ref idref="fl-8"/>
      </object_component>
      <object_component id="oc-42d">
         <name>.const</name>
         <load_address>0x12898</load_address>
         <run_address>0x12898</run_address>
         <size>0x1c</size>
         <input_file_ref idref="fl-c"/>
      </object_component>
      <object_component id="oc-428">
         <name>.const</name>
         <load_address>0x128b4</load_address>
         <run_address>0x128b4</run_address>
         <size>0x18</size>
         <input_file_ref idref="fl-8"/>
      </object_component>
      <object_component id="oc-4a4">
         <name>.const:.string</name>
         <load_address>0x128cc</load_address>
         <run_address>0x128cc</run_address>
         <size>0x17</size>
         <input_file_ref idref="fl-1f"/>
      </object_component>
      <object_component id="oc-4b1">
         <name>.const:.string</name>
         <load_address>0x128e3</load_address>
         <run_address>0x128e3</run_address>
         <size>0x16</size>
         <input_file_ref idref="fl-8"/>
      </object_component>
      <object_component id="oc-12b">
         <name>.const:.string</name>
         <load_address>0x128f9</load_address>
         <run_address>0x128f9</run_address>
         <size>0x14</size>
         <input_file_ref idref="fl-51"/>
      </object_component>
      <object_component id="oc-17d">
         <name>.const:.string</name>
         <load_address>0x12910</load_address>
         <run_address>0x12910</run_address>
         <size>0x12</size>
         <input_file_ref idref="fl-b"/>
      </object_component>
      <object_component id="oc-4c2">
         <name>.const:.string</name>
         <load_address>0x12924</load_address>
         <run_address>0x12924</run_address>
         <size>0x12</size>
         <input_file_ref idref="fl-c"/>
      </object_component>
      <object_component id="oc-2b9">
         <name>.const</name>
         <load_address>0x12938</load_address>
         <run_address>0x12938</run_address>
         <size>0x8</size>
         <input_file_ref idref="fl-45"/>
      </object_component>
      <object_component id="oc-534">
         <name>.cinit..data.load</name>
         <load_address>0x12940</load_address>
         <run_address>0x12940</run_address>
         <size>0x130</size>
      </object_component>
      <object_component id="oc-531">
         <name>__TI_handler_table</name>
         <load_address>0x12a70</load_address>
         <run_address>0x12a70</run_address>
         <size>0xc</size>
      </object_component>
      <object_component id="oc-535">
         <name>.cinit..bss.load</name>
         <load_address>0x12a80</load_address>
         <run_address>0x12a80</run_address>
         <size>0x8</size>
      </object_component>
      <object_component id="oc-533">
         <name>.cinit..vtable.load</name>
         <load_address>0x12a88</load_address>
         <run_address>0x12a88</run_address>
         <size>0x8</size>
      </object_component>
      <object_component id="oc-532">
         <name>__TI_cinit_table</name>
         <load_address>0x12a90</load_address>
         <run_address>0x12a90</run_address>
         <size>0x18</size>
      </object_component>
      <object_component id="oc-390">
         <name>.vtable</name>
         <uninitialized>true</uninitialized>
         <run_address>0x20000000</run_address>
         <size>0x26c</size>
         <input_file_ref idref="fl-3d"/>
      </object_component>
      <object_component id="oc-5a">
         <name>.data</name>
         <load_address>0x20006b58</load_address>
         <run_address>0x20006b58</run_address>
         <size>0x4</size>
         <input_file_ref idref="fl-18c"/>
      </object_component>
      <object_component id="oc-7f">
         <name>.data</name>
         <load_address>0x20006a78</load_address>
         <run_address>0x20006a78</run_address>
         <size>0x30</size>
         <input_file_ref idref="fl-51"/>
      </object_component>
      <object_component id="oc-8f">
         <name>.data</name>
         <load_address>0x20006af4</load_address>
         <run_address>0x20006af4</run_address>
         <size>0x10</size>
         <input_file_ref idref="fl-53"/>
      </object_component>
      <object_component id="oc-a9">
         <name>.data</name>
         <load_address>0x20006ad4</load_address>
         <run_address>0x20006ad4</run_address>
         <size>0x1d</size>
         <input_file_ref idref="fl-b"/>
      </object_component>
      <object_component id="oc-ed">
         <name>.data</name>
         <load_address>0x20006b34</load_address>
         <run_address>0x20006b34</run_address>
         <size>0x8</size>
         <input_file_ref idref="fl-191"/>
      </object_component>
      <object_component id="oc-f0">
         <name>.data</name>
         <load_address>0x20006b3c</load_address>
         <run_address>0x20006b3c</run_address>
         <size>0x8</size>
         <input_file_ref idref="fl-186"/>
      </object_component>
      <object_component id="oc-1ac">
         <name>.data</name>
         <load_address>0x20006b20</load_address>
         <run_address>0x20006b20</run_address>
         <size>0x9</size>
         <input_file_ref idref="fl-11"/>
      </object_component>
      <object_component id="oc-1af">
         <name>.data</name>
         <load_address>0x20006b4c</load_address>
         <run_address>0x20006b4c</run_address>
         <size>0x8</size>
         <input_file_ref idref="fl-24"/>
      </object_component>
      <object_component id="oc-1c9">
         <name>.data</name>
         <load_address>0x20006b14</load_address>
         <run_address>0x20006b14</run_address>
         <size>0xc</size>
         <input_file_ref idref="fl-13"/>
      </object_component>
      <object_component id="oc-1f2">
         <name>.data</name>
         <load_address>0x20006af1</load_address>
         <run_address>0x20006af1</run_address>
         <size>0x1</size>
         <input_file_ref idref="fl-4"/>
      </object_component>
      <object_component id="oc-223">
         <name>.data</name>
         <load_address>0x20006b44</load_address>
         <run_address>0x20006b44</run_address>
         <size>0x8</size>
         <input_file_ref idref="fl-52"/>
      </object_component>
      <object_component id="oc-235">
         <name>.data</name>
         <load_address>0x20006b2c</load_address>
         <run_address>0x20006b2c</run_address>
         <size>0x8</size>
         <input_file_ref idref="fl-55"/>
      </object_component>
      <object_component id="oc-2a7">
         <name>.data</name>
         <load_address>0x20006a48</load_address>
         <run_address>0x20006a48</run_address>
         <size>0x30</size>
         <input_file_ref idref="fl-a"/>
      </object_component>
      <object_component id="oc-2d0">
         <name>.data</name>
         <load_address>0x20006b54</load_address>
         <run_address>0x20006b54</run_address>
         <size>0x4</size>
         <input_file_ref idref="fl-2c"/>
      </object_component>
      <object_component id="oc-2ec">
         <name>.data</name>
         <load_address>0x20006b04</load_address>
         <run_address>0x20006b04</run_address>
         <size>0x10</size>
         <input_file_ref idref="fl-7"/>
      </object_component>
      <object_component id="oc-2f3">
         <name>.data:g_sCDCDevice</name>
         <load_address>0x20006960</load_address>
         <run_address>0x20006960</run_address>
         <size>0x60</size>
         <input_file_ref idref="fl-8"/>
      </object_component>
      <object_component id="oc-30b">
         <name>.data:g_psCmdTable</name>
         <load_address>0x200069c0</load_address>
         <run_address>0x200069c0</run_address>
         <size>0x48</size>
         <input_file_ref idref="fl-2"/>
      </object_component>
      <object_component id="oc-3fa">
         <name>.data</name>
         <load_address>0x20006a08</load_address>
         <run_address>0x20006a08</run_address>
         <size>0x40</size>
         <input_file_ref idref="fl-1f"/>
      </object_component>
      <object_component id="oc-433">
         <name>.data</name>
         <load_address>0x20006b5c</load_address>
         <run_address>0x20006b5c</run_address>
         <size>0x4</size>
         <input_file_ref idref="fl-c"/>
      </object_component>
      <object_component id="oc-486">
         <name>.data</name>
         <load_address>0x20006aa8</load_address>
         <run_address>0x20006aa8</run_address>
         <size>0x2c</size>
         <input_file_ref idref="fl-1b"/>
      </object_component>
      <object_component id="oc-b2">
         <name>.bss:g_pcUARTTxBuffer</name>
         <uninitialized>true</uninitialized>
         <run_address>0x20005938</run_address>
         <size>0x400</size>
         <input_file_ref idref="fl-b"/>
      </object_component>
      <object_component id="oc-b6">
         <name>.bss:g_pcUARTRxBuffer</name>
         <uninitialized>true</uninitialized>
         <run_address>0x20006424</run_address>
         <size>0x80</size>
         <input_file_ref idref="fl-b"/>
      </object_component>
      <object_component id="oc-c0">
         <name>.bss:g_pcUARTRxHistoryBuffer</name>
         <uninitialized>true</uninitialized>
         <run_address>0x20005d38</run_address>
         <size>0x200</size>
         <input_file_ref idref="fl-b"/>
      </object_component>
      <object_component id="oc-114">
         <name>.bss:pxReadyTasksLists</name>
         <uninitialized>true</uninitialized>
         <run_address>0x20005f38</run_address>
         <size>0x140</size>
         <input_file_ref idref="fl-51"/>
      </object_component>
      <object_component id="oc-16c">
         <name>.bss:xQueueRegistry</name>
         <uninitialized>true</uninitialized>
         <run_address>0x200064f4</run_address>
         <size>0x50</size>
         <input_file_ref idref="fl-50"/>
      </object_component>
      <object_component id="oc-1a6">
         <name>.bss:g_psDCDInst</name>
         <uninitialized>true</uninitialized>
         <run_address>0x200064a4</run_address>
         <size>0x50</size>
         <input_file_ref idref="fl-24"/>
      </object_component>
      <object_component id="oc-1b4">
         <name>.bss:g_pui8DataBufferIn</name>
         <uninitialized>true</uninitialized>
         <run_address>0x20006544</run_address>
         <size>0x40</size>
         <input_file_ref idref="fl-24"/>
      </object_component>
      <object_component id="oc-23f">
         <name>.bss:ucHeap</name>
         <uninitialized>true</uninitialized>
         <run_address>0x2000026c</run_address>
         <size>0x5000</size>
         <input_file_ref idref="fl-55"/>
      </object_component>
      <object_component id="oc-271">
         <name>.bss:g_psUSBDMAInst</name>
         <uninitialized>true</uninitialized>
         <run_address>0x20006078</run_address>
         <size>0x110</size>
         <input_file_ref idref="fl-f"/>
      </object_component>
      <object_component id="oc-407">
         <name>.bss:g_pui8USBRxBuffer</name>
         <uninitialized>true</uninitialized>
         <run_address>0x20006188</run_address>
         <size>0x100</size>
         <input_file_ref idref="fl-8"/>
      </object_component>
      <object_component id="oc-422">
         <name>.bss:g_pui8USBTxBuffer</name>
         <uninitialized>true</uninitialized>
         <run_address>0x20006288</run_address>
         <size>0x100</size>
         <input_file_ref idref="fl-8"/>
      </object_component>
      <object_component id="oc-443">
         <name>.bss:g_ppcArgv</name>
         <uninitialized>true</uninitialized>
         <run_address>0x20006584</run_address>
         <size>0x24</size>
         <input_file_ref idref="fl-9"/>
      </object_component>
      <object_component id="oc-480">
         <name>.bss:g_sUSBHCD</name>
         <uninitialized>true</uninitialized>
         <run_address>0x2000526c</run_address>
         <size>0x6cc</size>
         <input_file_ref idref="fl-1b"/>
      </object_component>
      <object_component id="oc-4e9">
         <name>.bss:g_sRootHub</name>
         <uninitialized>true</uninitialized>
         <run_address>0x20006388</run_address>
         <size>0x9c</size>
         <input_file_ref idref="fl-19"/>
      </object_component>
      <object_component id="oc-30a">
         <name>.common:g_ulCPUUsage</name>
         <uninitialized>true</uninitialized>
         <run_address>0x20006734</run_address>
         <size>0x4</size>
      </object_component>
      <object_component id="oc-1f6">
         <name>.common:g_ulSystemClock</name>
         <uninitialized>true</uninitialized>
         <run_address>0x20006738</run_address>
         <size>0x4</size>
      </object_component>
      <object_component id="oc-2e9">
         <name>.common:xRxedChars</name>
         <uninitialized>true</uninitialized>
         <run_address>0x20006758</run_address>
         <size>0x4</size>
      </object_component>
      <object_component id="oc-2f2">
         <name>.common:xCharsForTx</name>
         <uninitialized>true</uninitialized>
         <run_address>0x20006754</run_address>
         <size>0x4</size>
      </object_component>
      <object_component id="oc-40a">
         <name>.common:g_pui8RxBufferWorkspace</name>
         <uninitialized>true</uninitialized>
         <run_address>0x20006610</run_address>
         <size>0x18</size>
      </object_component>
      <object_component id="oc-425">
         <name>.common:g_pui8TxBufferWorkspace</name>
         <uninitialized>true</uninitialized>
         <run_address>0x20006628</run_address>
         <size>0x18</size>
      </object_component>
      <object_component id="oc-2aa">
         <name>.common:g_ui32CPUUsageTimer</name>
         <uninitialized>true</uninitialized>
         <run_address>0x20006718</run_address>
         <size>0x4</size>
      </object_component>
      <object_component id="oc-2ae">
         <name>.common:g_ui32CPUUsageTicks</name>
         <uninitialized>true</uninitialized>
         <run_address>0x20006714</run_address>
         <size>0x4</size>
      </object_component>
      <object_component id="oc-2ad">
         <name>.common:g_ui32CPUUsagePrevious</name>
         <uninitialized>true</uninitialized>
         <run_address>0x20006710</run_address>
         <size>0x4</size>
      </object_component>
      <object_component id="oc-c4">
         <name>.common:g_bDisableEcho</name>
         <uninitialized>true</uninitialized>
         <run_address>0x2000675c</run_address>
         <size>0x1</size>
      </object_component>
      <object_component id="oc-bf">
         <name>.common:g_usUARTRxHistoryOffset</name>
         <uninitialized>true</uninitialized>
         <run_address>0x200065a8</run_address>
         <size>0x20</size>
      </object_component>
      <object_component id="oc-af">
         <name>.common:g_ui32PortNum</name>
         <uninitialized>true</uninitialized>
         <run_address>0x20006728</run_address>
         <size>0x4</size>
      </object_component>
      <object_component id="oc-30e">
         <name>.common:g_xRxLineSemaphore</name>
         <uninitialized>true</uninitialized>
         <run_address>0x2000673c</run_address>
         <size>0x4</size>
      </object_component>
      <object_component id="oc-3f3">
         <name>.common:g_pfnUSBModeCallback</name>
         <uninitialized>true</uninitialized>
         <run_address>0x20006708</run_address>
         <size>0x4</size>
      </object_component>
      <object_component id="oc-3f5">
         <name>.common:g_ui32PollRate</name>
         <uninitialized>true</uninitialized>
         <run_address>0x20006724</run_address>
         <size>0x4</size>
      </object_component>
      <object_component id="oc-3f4">
         <name>.common:g_eOTGModeState</name>
         <uninitialized>true</uninitialized>
         <run_address>0x2000675d</run_address>
         <size>0x1</size>
      </object_component>
      <object_component id="oc-276">
         <name>.common:g_pfnTickHandlers</name>
         <uninitialized>true</uninitialized>
         <run_address>0x200065c8</run_address>
         <size>0x18</size>
      </object_component>
      <object_component id="oc-279">
         <name>.common:g_pvTickInstance</name>
         <uninitialized>true</uninitialized>
         <run_address>0x20006640</run_address>
         <size>0x18</size>
      </object_component>
      <object_component id="oc-4f0">
         <name>.common:g_ui32ChangeFlags</name>
         <uninitialized>true</uninitialized>
         <run_address>0x2000671c</run_address>
         <size>0x4</size>
      </object_component>
      <object_component id="oc-4f1">
         <name>.common:g_ui32HubChanges</name>
         <uninitialized>true</uninitialized>
         <run_address>0x20006720</run_address>
         <size>0x4</size>
      </object_component>
      <object_component id="oc-496">
         <name>.common:g_ui32ULPISupport</name>
         <uninitialized>true</uninitialized>
         <run_address>0x20006730</run_address>
         <size>0x4</size>
      </object_component>
      <object_component id="oc-495">
         <name>.common:g_pi32USBHActiveDriver</name>
         <uninitialized>true</uninitialized>
         <run_address>0x200065e0</run_address>
         <size>0x18</size>
      </object_component>
      <object_component id="oc-493">
         <name>.common:g_ppvDriverInstance</name>
         <uninitialized>true</uninitialized>
         <run_address>0x200065f8</run_address>
         <size>0x18</size>
      </object_component>
      <object_component id="oc-490">
         <name>.common:g_pui32Alloc</name>
         <uninitialized>true</uninitialized>
         <run_address>0x200066f0</run_address>
         <size>0x8</size>
      </object_component>
      <object_component id="oc-1b2">
         <name>.common:g_ui32ULPISupport</name>
         <uninitialized>true</uninitialized>
         <run_address>0x2000672c</run_address>
         <size>0x4</size>
      </object_component>
      <object_component id="oc-1c8">
         <name>.common:g_ppsDevInfo</name>
         <uninitialized>true</uninitialized>
         <run_address>0x2000670c</run_address>
         <size>0x4</size>
      </object_component>
      <object_component id="oc-2cd">
         <name>.common:g_ui32Colors</name>
         <uninitialized>true</uninitialized>
         <run_address>0x200066e4</run_address>
         <size>0xc</size>
      </object_component>
      <object_component id="oc-2cc">
         <name>.common:ulFlags$1</name>
         <uninitialized>true</uninitialized>
         <run_address>0x20006750</run_address>
         <size>0x4</size>
      </object_component>
      <object_component id="oc-139">
         <name>.common:xDelayedTaskList1</name>
         <uninitialized>true</uninitialized>
         <run_address>0x20006680</run_address>
         <size>0x14</size>
      </object_component>
      <object_component id="oc-13a">
         <name>.common:xDelayedTaskList2</name>
         <uninitialized>true</uninitialized>
         <run_address>0x20006694</run_address>
         <size>0x14</size>
      </object_component>
      <object_component id="oc-14d">
         <name>.common:pxDelayedTaskList</name>
         <uninitialized>true</uninitialized>
         <run_address>0x20006744</run_address>
         <size>0x4</size>
      </object_component>
      <object_component id="oc-13f">
         <name>.common:pxOverflowDelayedTaskList</name>
         <uninitialized>true</uninitialized>
         <run_address>0x20006748</run_address>
         <size>0x4</size>
      </object_component>
      <object_component id="oc-155">
         <name>.common:xPendingReadyList</name>
         <uninitialized>true</uninitialized>
         <run_address>0x200066a8</run_address>
         <size>0x14</size>
      </object_component>
      <object_component id="oc-140">
         <name>.common:xTasksWaitingTermination</name>
         <uninitialized>true</uninitialized>
         <run_address>0x200066d0</run_address>
         <size>0x14</size>
      </object_component>
      <object_component id="oc-154">
         <name>.common:xSuspendedTaskList</name>
         <uninitialized>true</uninitialized>
         <run_address>0x200066bc</run_address>
         <size>0x14</size>
      </object_component>
      <object_component id="oc-22b">
         <name>.common:xActiveTimerList1</name>
         <uninitialized>true</uninitialized>
         <run_address>0x20006658</run_address>
         <size>0x14</size>
      </object_component>
      <object_component id="oc-22c">
         <name>.common:xActiveTimerList2</name>
         <uninitialized>true</uninitialized>
         <run_address>0x2000666c</run_address>
         <size>0x14</size>
      </object_component>
      <object_component id="oc-22a">
         <name>.common:pxCurrentTimerList</name>
         <uninitialized>true</uninitialized>
         <run_address>0x20006740</run_address>
         <size>0x4</size>
      </object_component>
      <object_component id="oc-229">
         <name>.common:pxOverflowTimerList</name>
         <uninitialized>true</uninitialized>
         <run_address>0x2000674c</run_address>
         <size>0x4</size>
      </object_component>
      <object_component id="oc-242">
         <name>.common:xStart</name>
         <uninitialized>true</uninitialized>
         <run_address>0x20006700</run_address>
         <size>0x8</size>
      </object_component>
      <object_component id="oc-243">
         <name>.common:xEnd</name>
         <uninitialized>true</uninitialized>
         <run_address>0x200066f8</run_address>
         <size>0x8</size>
      </object_component>
      <object_component id="oc-28">
         <name>.stack</name>
         <uninitialized>true</uninitialized>
         <run_address>0x20006760</run_address>
         <size>0x0</size>
         <input_file_ref idref="fl-182"/>
      </object_component>
      <object_component id="oc-536">
         <name>.stack</name>
         <uninitialized>true</uninitialized>
         <run_address>0x20006760</run_address>
         <size>0x0</size>
      </object_component>
      <object_component id="oc-f">
         <name>.debug_info</name>
         <load_address>0x0</load_address>
         <run_address>0x0</run_address>
         <size>0xd9</size>
         <input_file_ref idref="fl-6"/>
      </object_component>
      <object_component id="oc-14">
         <name>.debug_info</name>
         <load_address>0xd9</load_address>
         <run_address>0xd9</run_address>
         <size>0xf3</size>
         <input_file_ref idref="fl-182"/>
      </object_component>
      <object_component id="oc-17">
         <name>.debug_info</name>
         <load_address>0x1cc</load_address>
         <run_address>0x1cc</run_address>
         <size>0x194</size>
         <input_file_ref idref="fl-183"/>
      </object_component>
      <object_component id="oc-1d">
         <name>.debug_info</name>
         <load_address>0x360</load_address>
         <run_address>0x360</run_address>
         <size>0x16a</size>
         <input_file_ref idref="fl-185"/>
      </object_component>
      <object_component id="oc-23">
         <name>.debug_info</name>
         <load_address>0x4ca</load_address>
         <run_address>0x4ca</run_address>
         <size>0x18e</size>
         <input_file_ref idref="fl-184"/>
      </object_component>
      <object_component id="oc-2a">
         <name>.debug_info</name>
         <load_address>0x658</load_address>
         <run_address>0x658</run_address>
         <size>0x1ed</size>
         <input_file_ref idref="fl-6"/>
      </object_component>
      <object_component id="oc-30">
         <name>.debug_info</name>
         <load_address>0x845</load_address>
         <run_address>0x845</run_address>
         <size>0x17b</size>
         <input_file_ref idref="fl-54"/>
      </object_component>
      <object_component id="oc-35">
         <name>.debug_info</name>
         <load_address>0x9c0</load_address>
         <run_address>0x9c0</run_address>
         <size>0xa9a</size>
         <input_file_ref idref="fl-53"/>
      </object_component>
      <object_component id="oc-3b">
         <name>.debug_info</name>
         <load_address>0x145a</load_address>
         <run_address>0x145a</run_address>
         <size>0x1393</size>
         <input_file_ref idref="fl-b"/>
      </object_component>
      <object_component id="oc-41">
         <name>.debug_info</name>
         <load_address>0x27ed</load_address>
         <run_address>0x27ed</run_address>
         <size>0x192</size>
         <input_file_ref idref="fl-25"/>
      </object_component>
      <object_component id="oc-48">
         <name>.debug_info</name>
         <load_address>0x297f</load_address>
         <run_address>0x297f</run_address>
         <size>0x1d2</size>
         <input_file_ref idref="fl-6"/>
      </object_component>
      <object_component id="oc-4a">
         <name>.debug_info</name>
         <load_address>0x2b51</load_address>
         <run_address>0x2b51</run_address>
         <size>0x13d</size>
         <input_file_ref idref="fl-195"/>
      </object_component>
      <object_component id="oc-4f">
         <name>.debug_info</name>
         <load_address>0x2c8e</load_address>
         <run_address>0x2c8e</run_address>
         <size>0x11c</size>
         <input_file_ref idref="fl-193"/>
      </object_component>
      <object_component id="oc-55">
         <name>.debug_info</name>
         <load_address>0x2daa</load_address>
         <run_address>0x2daa</run_address>
         <size>0x1c2</size>
         <input_file_ref idref="fl-186"/>
      </object_component>
      <object_component id="oc-5b">
         <name>.debug_info</name>
         <load_address>0x2f6c</load_address>
         <run_address>0x2f6c</run_address>
         <size>0xbe</size>
         <input_file_ref idref="fl-18c"/>
      </object_component>
      <object_component id="oc-5f">
         <name>.debug_info</name>
         <load_address>0x302a</load_address>
         <run_address>0x302a</run_address>
         <size>0xcc</size>
         <input_file_ref idref="fl-189"/>
      </object_component>
      <object_component id="oc-64">
         <name>.debug_info</name>
         <load_address>0x30f6</load_address>
         <run_address>0x30f6</run_address>
         <size>0x46</size>
         <input_file_ref idref="fl-183"/>
      </object_component>
      <object_component id="oc-69">
         <name>.debug_info</name>
         <load_address>0x313c</load_address>
         <run_address>0x313c</run_address>
         <size>0xf2</size>
         <input_file_ref idref="fl-183"/>
      </object_component>
      <object_component id="oc-6b">
         <name>.debug_info</name>
         <load_address>0x322e</load_address>
         <run_address>0x322e</run_address>
         <size>0x46</size>
         <input_file_ref idref="fl-185"/>
      </object_component>
      <object_component id="oc-70">
         <name>.debug_info</name>
         <load_address>0x3274</load_address>
         <run_address>0x3274</run_address>
         <size>0xad</size>
         <input_file_ref idref="fl-185"/>
      </object_component>
      <object_component id="oc-72">
         <name>.debug_info</name>
         <load_address>0x3321</load_address>
         <run_address>0x3321</run_address>
         <size>0x1ef</size>
         <input_file_ref idref="fl-184"/>
      </object_component>
      <object_component id="oc-78">
         <name>.debug_info</name>
         <load_address>0x3510</load_address>
         <run_address>0x3510</run_address>
         <size>0xb7</size>
         <input_file_ref idref="fl-184"/>
      </object_component>
      <object_component id="oc-79">
         <name>.debug_info</name>
         <load_address>0x35c7</load_address>
         <run_address>0x35c7</run_address>
         <size>0x39</size>
         <input_file_ref idref="fl-184"/>
      </object_component>
      <object_component id="oc-80">
         <name>.debug_info</name>
         <load_address>0x3600</load_address>
         <run_address>0x3600</run_address>
         <size>0x2f0</size>
         <input_file_ref idref="fl-51"/>
      </object_component>
      <object_component id="oc-83">
         <name>.debug_info</name>
         <load_address>0x38f0</load_address>
         <run_address>0x38f0</run_address>
         <size>0x4d91</size>
         <input_file_ref idref="fl-51"/>
      </object_component>
      <object_component id="oc-8a">
         <name>.debug_info</name>
         <load_address>0x8681</load_address>
         <run_address>0x8681</run_address>
         <size>0x333</size>
         <input_file_ref idref="fl-31"/>
      </object_component>
      <object_component id="oc-90">
         <name>.debug_info</name>
         <load_address>0x89b4</load_address>
         <run_address>0x89b4</run_address>
         <size>0x1d1</size>
         <input_file_ref idref="fl-53"/>
      </object_component>
      <object_component id="oc-93">
         <name>.debug_info</name>
         <load_address>0x8b85</load_address>
         <run_address>0x8b85</run_address>
         <size>0x2f5</size>
         <input_file_ref idref="fl-53"/>
      </object_component>
      <object_component id="oc-94">
         <name>.debug_info</name>
         <load_address>0x8e7a</load_address>
         <run_address>0x8e7a</run_address>
         <size>0x2c</size>
         <input_file_ref idref="fl-2"/>
      </object_component>
      <object_component id="oc-99">
         <name>.debug_info</name>
         <load_address>0x8ea6</load_address>
         <run_address>0x8ea6</run_address>
         <size>0x53</size>
         <input_file_ref idref="fl-2"/>
      </object_component>
      <object_component id="oc-9e">
         <name>.debug_info</name>
         <load_address>0x8ef9</load_address>
         <run_address>0x8ef9</run_address>
         <size>0x18b</size>
         <input_file_ref idref="fl-2"/>
      </object_component>
      <object_component id="oc-a4">
         <name>.debug_info</name>
         <load_address>0x9084</load_address>
         <run_address>0x9084</run_address>
         <size>0x2a65</size>
         <input_file_ref idref="fl-50"/>
      </object_component>
      <object_component id="oc-aa">
         <name>.debug_info</name>
         <load_address>0xbae9</load_address>
         <run_address>0xbae9</run_address>
         <size>0x2d0</size>
         <input_file_ref idref="fl-b"/>
      </object_component>
      <object_component id="oc-ad">
         <name>.debug_info</name>
         <load_address>0xbdb9</load_address>
         <run_address>0xbdb9</run_address>
         <size>0x158</size>
         <input_file_ref idref="fl-b"/>
      </object_component>
      <object_component id="oc-b0">
         <name>.debug_info</name>
         <load_address>0xbf11</load_address>
         <run_address>0xbf11</run_address>
         <size>0x346</size>
         <input_file_ref idref="fl-b"/>
      </object_component>
      <object_component id="oc-b3">
         <name>.debug_info</name>
         <load_address>0xc257</load_address>
         <run_address>0xc257</run_address>
         <size>0xe4</size>
         <input_file_ref idref="fl-b"/>
      </object_component>
      <object_component id="oc-b7">
         <name>.debug_info</name>
         <load_address>0xc33b</load_address>
         <run_address>0xc33b</run_address>
         <size>0xe4</size>
         <input_file_ref idref="fl-b"/>
      </object_component>
      <object_component id="oc-ba">
         <name>.debug_info</name>
         <load_address>0xc41f</load_address>
         <run_address>0xc41f</run_address>
         <size>0x137</size>
         <input_file_ref idref="fl-190"/>
      </object_component>
      <object_component id="oc-c1">
         <name>.debug_info</name>
         <load_address>0xc556</load_address>
         <run_address>0xc556</run_address>
         <size>0xf2</size>
         <input_file_ref idref="fl-b"/>
      </object_component>
      <object_component id="oc-c6">
         <name>.debug_info</name>
         <load_address>0xc648</load_address>
         <run_address>0xc648</run_address>
         <size>0x8b</size>
         <input_file_ref idref="fl-4"/>
      </object_component>
      <object_component id="oc-cb">
         <name>.debug_info</name>
         <load_address>0xc6d3</load_address>
         <run_address>0xc6d3</run_address>
         <size>0x4e</size>
         <input_file_ref idref="fl-2"/>
      </object_component>
      <object_component id="oc-d1">
         <name>.debug_info</name>
         <load_address>0xc721</load_address>
         <run_address>0xc721</run_address>
         <size>0x2aba</size>
         <input_file_ref idref="fl-24"/>
      </object_component>
[...]
         <object_component_ref idref="oc-82"/>
      </symbol>
      <symbol id="sm-1476">
         <name>xTaskRemoveFromUnorderedEventList</name>
         <value>0x3cad</value>
         <object_component_ref idref="oc-82"/>
      </symbol>
      <symbol id="sm-1477">
         <name>vTaskPrioritySet</name>
         <value>0x3349</value>
         <object_component_ref idref="oc-82"/>
      </symbol>
      <symbol id="sm-1478">
         <name>xTaskPriorityDisinherit</name>
         <value>0x435f</value>
         <object_component_ref idref="oc-82"/>
      </symbol>
      <symbol id="sm-1479">
         <name>vTaskStartScheduler</name>
         <value>0x3651</value>
         <object_component_ref idref="oc-82"/>
      </symbol>
      <symbol id="sm-147a">
         <name>pvTaskIncrementMutexHeldCount</name>
         <value>0x4559</value>
         <object_component_ref idref="oc-82"/>
      </symbol>
      <symbol id="sm-147b">
         <name>pcTaskGetTaskName</name>
         <value>0x380f</value>
         <object_component_ref idref="oc-82"/>
      </symbol>
      <symbol id="sm-147c">
         <name>uxTaskGetStackHighWaterMark</name>
         <value>0x41d1</value>
         <object_component_ref idref="oc-82"/>
      </symbol>
      <symbol id="sm-147d">
         <name>xTaskNotify</name>
         <value>0x4731</value>
         <object_component_ref idref="oc-82"/>
      </symbol>
      <symbol id="sm-147e">
         <name>vTaskDelayUntil</name>
         <value>0x31c3</value>
         <object_component_ref idref="oc-82"/>
      </symbol>
      <symbol id="sm-147f">
         <name>uxTaskGetTaskNumber</name>
         <value>0x3dc1</value>
         <object_component_ref idref="oc-82"/>
      </symbol>
      <symbol id="sm-1480">
         <name>vTaskEndScheduler</name>
         <value>0x36a3</value>
         <object_component_ref idref="oc-82"/>
      </symbol>
      <symbol id="sm-1481">
         <name>xTaskNotifyWait</name>
         <value>0x4641</value>
         <object_component_ref idref="oc-82"/>
      </symbol>
      <symbol id="sm-1482">
         <name>vTaskMissedYield</name>
         <value>0x3db9</value>
         <object_component_ref idref="oc-82"/>
      </symbol>
      <symbol id="sm-1483">
         <name>uxTaskGetNumberOfTasks</name>
         <value>0x3809</value>
         <object_component_ref idref="oc-82"/>
      </symbol>
      <symbol id="sm-1484">
         <name>uxTaskPriorityGet</name>
         <value>0x32cd</value>
         <object_component_ref idref="oc-82"/>
      </symbol>
      <symbol id="sm-1485">
         <name>vTaskStepTick</name>
         <value>0x38ef</value>
         <object_component_ref idref="oc-82"/>
      </symbol>
      <symbol id="sm-1486">
         <name>xTaskResumeAll</name>
         <value>0x3701</value>
         <object_component_ref idref="oc-82"/>
      </symbol>
      <symbol id="sm-1487">
         <name>xTaskGetTickCount</name>
         <value>0x37df</value>
         <object_component_ref idref="oc-82"/>
      </symbol>
      <symbol id="sm-1488">
         <name>xTaskGenericCreate</name>
         <value>0x300d</value>
         <object_component_ref idref="oc-82"/>
      </symbol>
      <symbol id="sm-1489">
         <name>uxTaskGetSystemState</name>
         <value>0x3831</value>
         <object_component_ref idref="oc-82"/>
      </symbol>
      <symbol id="sm-148a">
         <name>vTaskDelete</name>
         <value>0x3127</value>
         <object_component_ref idref="oc-82"/>
      </symbol>
      <symbol id="sm-148b">
         <name>pxCurrentTCB</name>
         <value>0x20006a78</value>
         <object_component_ref idref="oc-7f"/>
      </symbol>
      <symbol id="sm-148c">
         <name>vTaskNotifyGiveFromISR</name>
         <value>0x4905</value>
         <object_component_ref idref="oc-82"/>
      </symbol>
      <symbol id="sm-148d">
         <name>vTaskSuspend</name>
         <value>0x3459</value>
         <object_component_ref idref="oc-82"/>
      </symbol>
      <symbol id="sm-148e">
         <name>xTaskGetTickCountFromISR</name>
         <value>0x37ef</value>
         <object_component_ref idref="oc-82"/>
      </symbol>
      <symbol id="sm-148f">
         <name>xTaskNotifyFromISR</name>
         <value>0x4819</value>
         <object_component_ref idref="oc-82"/>
      </symbol>
      <symbol id="sm-1490">
         <name>vTaskResume</name>
         <value>0x3551</value>
         <object_component_ref idref="oc-82"/>
      </symbol>
      <symbol id="sm-1491">
         <name>vTaskPlaceOnEventListRestricted</name>
         <value>0x3bd1</value>
         <object_component_ref idref="oc-82"/>
      </symbol>
      <symbol id="sm-1492">
         <name>vTaskSetTimeOutState</name>
         <value>0x3d1b</value>
         <object_component_ref idref="oc-82"/>
      </symbol>
      <symbol id="sm-1493">
         <name>xTaskIncrementTick</name>
         <value>0x3921</value>
         <object_component_ref idref="oc-82"/>
      </symbol>
      <symbol id="sm-1494">
         <name>vTaskSwitchContext</name>
         <value>0x3a55</value>
         <object_component_ref idref="oc-82"/>
      </symbol>
      <symbol id="sm-1495">
         <name>uxTaskResetEventItemValue</name>
         <value>0x4533</value>
         <object_component_ref idref="oc-82"/>
      </symbol>
      <symbol id="sm-1496">
         <name>xTaskGetSchedulerState</name>
         <value>0x4279</value>
         <object_component_ref idref="oc-82"/>
      </symbol>
      <symbol id="sm-1497">
         <name>xTaskResumeFromISR</name>
         <value>0x35cd</value>
         <object_component_ref idref="oc-82"/>
      </symbol>
      <symbol id="sm-1498">
         <name>xTaskGetCurrentTaskHandle</name>
         <value>0x4261</value>
         <object_component_ref idref="oc-82"/>
      </symbol>
      <symbol id="sm-1499">
         <name>vTaskPlaceOnUnorderedEventList</name>
         <value>0x3b5d</value>
         <object_component_ref idref="oc-82"/>
      </symbol>
      <symbol id="sm-149a">
         <name>xTaskRemoveFromEventList</name>
         <value>0x3c1d</value>
         <object_component_ref idref="oc-82"/>
      </symbol>
      <symbol id="sm-149b">
         <name>eTaskConfirmSleepModeStatus</name>
         <value>0x3e4d</value>
         <object_component_ref idref="oc-82"/>
      </symbol>
      <symbol id="sm-1510">
         <name>xTimerCreateTimerTask</name>
         <value>0xd9f1</value>
         <object_component_ref idref="oc-118"/>
      </symbol>
      <symbol id="sm-1511">
         <name>pcTimerGetTimerName</name>
         <value>0xdaed</value>
         <object_component_ref idref="oc-118"/>
      </symbol>
      <symbol id="sm-1512">
         <name>xTimerIsTimerActive</name>
         <value>0xdea9</value>
         <object_component_ref idref="oc-118"/>
      </symbol>
      <symbol id="sm-1513">
         <name>xTimerCreate</name>
         <value>0xda2b</value>
         <object_component_ref idref="oc-118"/>
      </symbol>
      <symbol id="sm-1514">
         <name>xTimerGenericCommand</name>
         <value>0xda7f</value>
         <object_component_ref idref="oc-118"/>
      </symbol>
      <symbol id="sm-1515">
         <name>pvTimerGetTimerID</name>
         <value>0xded5</value>
         <object_component_ref idref="oc-118"/>
      </symbol>
      <symbol id="sm-1516">
         <name>xTimerPendFunctionCallFromISR</name>
         <value>0xdeed</value>
         <object_component_ref idref="oc-118"/>
      </symbol>
      <symbol id="sm-1517">
         <name>xTimerPendFunctionCall</name>
         <value>0xdf23</value>
         <object_component_ref idref="oc-118"/>
      </symbol>
      <symbol id="sm-1553">
         <name>vPortSetupTimerInterrupt</name>
         <value>0x108c1</value>
         <object_component_ref idref="oc-34"/>
      </symbol>
      <symbol id="sm-1554">
         <name>vPortEndScheduler</name>
         <value>0x10725</value>
         <object_component_ref idref="oc-34"/>
      </symbol>
      <symbol id="sm-1555">
         <name>vPortSuppressTicksAndSleep</name>
         <value>0x10773</value>
         <object_component_ref idref="oc-34"/>
      </symbol>
      <symbol id="sm-1556">
         <name>xPortSysTickHandler</name>
         <value>0x10757</value>
         <object_component_ref idref="oc-34"/>
      </symbol>
      <symbol id="sm-1557">
         <name>pxPortInitialiseStack</name>
         <value>0x10691</value>
         <object_component_ref idref="oc-34"/>
      </symbol>
      <symbol id="sm-1558">
         <name>vPortExitCritical</name>
         <value>0x1073f</value>
         <object_component_ref idref="oc-34"/>
      </symbol>
      <symbol id="sm-1559">
         <name>xPortStartScheduler</name>
         <value>0x106ef</value>
         <object_component_ref idref="oc-34"/>
      </symbol>
      <symbol id="sm-155a">
         <name>vPortEnterCritical</name>
         <value>0x10727</value>
         <object_component_ref idref="oc-34"/>
      </symbol>
      <symbol id="sm-1565">
         <name>vPortStartFirstTask</name>
         <value>0x11641</value>
         <object_component_ref idref="oc-2f"/>
      </symbol>
      <symbol id="sm-1566">
         <name>vPortGetIPSR</name>
         <value>0x11671</value>
         <object_component_ref idref="oc-2f"/>
      </symbol>
      <symbol id="sm-1567">
         <name>vPortEnableVFP</name>
         <value>0x1165f</value>
         <object_component_ref idref="oc-2f"/>
      </symbol>
      <symbol id="sm-1568">
         <name>xPortPendSVHandler</name>
         <value>0x115a9</value>
         <object_component_ref idref="oc-2f"/>
      </symbol>
      <symbol id="sm-1569">
         <name>vPortClearInterruptMask</name>
         <value>0x1161d</value>
         <object_component_ref idref="oc-2f"/>
      </symbol>
      <symbol id="sm-156a">
         <name>ulPortSetInterruptMask</name>
         <value>0x11607</value>
         <object_component_ref idref="oc-2f"/>
      </symbol>
      <symbol id="sm-156b">
         <name>vPortSVCHandler</name>
         <value>0x11623</value>
         <object_component_ref idref="oc-2f"/>
      </symbol>
      <symbol id="sm-15b1">
         <name>vPortInitialiseBlocks</name>
         <value>0x10c87</value>
         <object_component_ref idref="oc-12e"/>
      </symbol>
      <symbol id="sm-15b2">
         <name>xPortGetFreeHeapSize</name>
         <value>0x10c81</value>
         <object_component_ref idref="oc-12e"/>
      </symbol>
      <symbol id="sm-15b3">
         <name>pvPortMalloc</name>
         <value>0x10b11</value>
         <object_component_ref idref="oc-12e"/>
      </symbol>
      <symbol id="sm-15b4">
         <name>vPortFree</name>
         <value>0x10c1f</value>
         <object_component_ref idref="oc-12e"/>
      </symbol>
      <symbol id="sm-15c4">
         <name>_c_int00</name>
         <value>0x11cbd</value>
         <object_component_ref idref="oc-11"/>
      </symbol>
      <symbol id="sm-15c5">
         <name>__stack</name>
         <value>0x20006760</value>
         <object_component_ref idref="oc-28"/>
      </symbol>
      <symbol id="sm-15dc">
         <name>__TI_decompress_none</name>
         <value>0x11fd1</value>
         <object_component_ref idref="oc-16"/>
      </symbol>
      <symbol id="sm-1600">
         <name>__TI_decompress_rle24</name>
         <value>0x11ff1</value>
         <object_component_ref idref="oc-22"/>
      </symbol>
      <symbol id="sm-1614">
         <name>__TI_zero_init</name>
         <value>0x11f9d</value>
         <object_component_ref idref="oc-1c"/>
      </symbol>
      <symbol id="sm-1633">
         <name>C$$EXIT</name>
         <value>0x11d91</value>
         <object_component_ref idref="oc-54"/>
      </symbol>
      <symbol id="sm-1634">
         <name>abort</name>
         <value>0x11d95</value>
         <object_component_ref idref="oc-54"/>
      </symbol>
      <symbol id="sm-1635">
         <name>exit</name>
         <value>0x11d9d</value>
         <object_component_ref idref="oc-54"/>
      </symbol>
      <symbol id="sm-1636">
         <name>__TI_dtors_ptr</name>
         <value>0x20006b40</value>
         <object_component_ref idref="oc-f0"/>
      </symbol>
      <symbol id="sm-1637">
         <name>__TI_cleanup_ptr</name>
         <value>0x20006b3c</value>
         <object_component_ref idref="oc-f0"/>
      </symbol>
      <symbol id="sm-1641">
         <name>__aeabi_f2ulz</name>
         <value>0x11c21</value>
         <object_component_ref idref="oc-2c7"/>
      </symbol>
      <symbol id="sm-1651">
         <name>memcmp</name>
         <value>0x11eed</value>
         <object_component_ref idref="oc-121"/>
      </symbol>
      <symbol id="sm-166c">
         <name>memcpy</name>
         <value>0x117ed</value>
         <object_component_ref idref="oc-5e"/>
      </symbol>
      <symbol id="sm-166d">
         <name>__aeabi_memcpy</name>
         <value>0x117ed</value>
         <object_component_ref idref="oc-5e"/>
      </symbol>
      <symbol id="sm-166e">
         <name>__aeabi_memcpy8</name>
         <value>0x117ed</value>
         <object_component_ref idref="oc-5e"/>
      </symbol>
      <symbol id="sm-166f">
         <name>__aeabi_memcpy4</name>
         <value>0x117ed</value>
         <object_component_ref idref="oc-5e"/>
      </symbol>
      <symbol id="sm-167e">
         <name>__aeabi_memset</name>
         <value>0x11a2b</value>
         <object_component_ref idref="oc-134"/>
      </symbol>
      <symbol id="sm-167f">
         <name>memset</name>
         <value>0x11a31</value>
         <object_component_ref idref="oc-134"/>
      </symbol>
      <symbol id="sm-1680">
         <name>__aeabi_memset8</name>
         <value>0x11a2b</value>
         <object_component_ref idref="oc-134"/>
      </symbol>
      <symbol id="sm-1681">
         <name>__aeabi_memset4</name>
         <value>0x11a2b</value>
         <object_component_ref idref="oc-134"/>
      </symbol>
      <symbol id="sm-1682">
         <name>__aeabi_memclr8</name>
         <value>0x11a29</value>
         <object_component_ref idref="oc-134"/>
      </symbol>
      <symbol id="sm-1683">
         <name>__aeabi_memclr4</name>
         <value>0x11a29</value>
         <object_component_ref idref="oc-134"/>
      </symbol>
      <symbol id="sm-1684">
         <name>__aeabi_memclr</name>
         <value>0x11a29</value>
         <object_component_ref idref="oc-134"/>
      </symbol>
      <symbol id="sm-169d">
         <name>sprintf</name>
         <value>0x11b09</value>
         <object_component_ref idref="oc-14e"/>
      </symbol>
      <symbol id="sm-16a5">
         <name>main_func_sp</name>
         <value>0x20006b58</value>
         <object_component_ref idref="oc-5a"/>
      </symbol>
      <symbol id="sm-16b4">
         <name>strcmp</name>
         <value>0x11f5d</value>
         <object_component_ref idref="oc-43d"/>
      </symbol>
      <symbol id="sm-16c2">
         <name>strcpy</name>
         <value>0x11fc1</value>
         <object_component_ref idref="oc-141"/>
      </symbol>
      <symbol id="sm-16d0">
         <name>strlen</name>
         <value>0x11f89</value>
         <object_component_ref idref="oc-147"/>
      </symbol>
      <symbol id="sm-16e0">
         <name>__aeabi_uidivmod</name>
         <value>0x11e19</value>
         <object_component_ref idref="oc-b9"/>
      </symbol>
      <symbol id="sm-16f9">
         <name>_nop</name>
         <value>0x11f83</value>
         <object_component_ref idref="oc-20a"/>
      </symbol>
      <symbol id="sm-16fa">
         <name>_lock</name>
         <value>0x20006b34</value>
         <object_component_ref idref="oc-ed"/>
      </symbol>
      <symbol id="sm-16fb">
         <name>_unlock</name>
         <value>0x20006b38</value>
         <object_component_ref idref="oc-ed"/>
      </symbol>
      <symbol id="sm-16fc">
         <name>_register_lock</name>
         <value>0x11f7b</value>
         <object_component_ref idref="oc-20a"/>
      </symbol>
      <symbol id="sm-16fd">
         <name>_register_unlock</name>
         <value>0x11f75</value>
         <object_component_ref idref="oc-20a"/>
      </symbol>
      <symbol id="sm-17e9">
         <name>__TI_printfi</name>
         <value>0x9c3b</value>
         <object_component_ref idref="oc-24a"/>
      </symbol>
      <symbol id="sm-17fd">
         <name>_args_main</name>
         <value>0x11f2d</value>
         <object_component_ref idref="oc-4e"/>
      </symbol>
      <symbol id="sm-1813">
         <name>atoi</name>
         <value>0x11c71</value>
         <object_component_ref idref="oc-36b"/>
      </symbol>
      <symbol id="sm-1830">
         <name>__TI_auto_init</name>
         <value>0x11889</value>
         <object_component_ref idref="oc-49"/>
      </symbol>
      <symbol id="sm-1849">
         <name>copy_in</name>
         <value>0x11d4d</value>
         <object_component_ref idref="oc-de"/>
      </symbol>
      <symbol id="sm-1854">
         <name>_ctypes_</name>
         <value>0x12318</value>
         <object_component_ref idref="oc-45f"/>
      </symbol>
      <symbol id="sm-186b">
         <name>__aeabi_dsub</name>
         <value>0x10eb7</value>
         <object_component_ref idref="oc-35a"/>
      </symbol>
      <symbol id="sm-186c">
         <name>__aeabi_dadd</name>
         <value>0x10ec1</value>
         <object_component_ref idref="oc-35a"/>
      </symbol>
      <symbol id="sm-188e">
         <name>__aeabi_cdcmpeq</name>
         <value>0x1191d</value>
         <object_component_ref idref="oc-336"/>
      </symbol>
      <symbol id="sm-188f">
         <name>__aeabi_cdcmple</name>
         <value>0x1191d</value>
         <object_component_ref idref="oc-336"/>
      </symbol>
      <symbol id="sm-1890">
         <name>__aeabi_cdrcmple</name>
         <value>0x119a3</value>
         <object_component_ref idref="oc-345"/>
      </symbol>
      <symbol id="sm-18a4">
         <name>__aeabi_ddiv</name>
         <value>0x1106d</value>
         <object_component_ref idref="oc-340"/>
      </symbol>
      <symbol id="sm-18af">
         <name>__aeabi_dmul</name>
         <value>0x112cd</value>
         <object_component_ref idref="oc-33b"/>
      </symbol>
      <symbol id="sm-18b9">
         <name>__aeabi_d2iz</name>
         <value>0x11d05</value>
         <object_component_ref idref="oc-34a"/>
      </symbol>
      <symbol id="sm-18c3">
         <name>__aeabi_i2d</name>
         <value>0x11e99</value>
         <object_component_ref idref="oc-355"/>
      </symbol>
      <symbol id="sm-18cc">
         <name>__aeabi_lmul</name>
         <value>0x11f45</value>
         <object_component_ref idref="oc-331"/>
      </symbol>
      <symbol id="sm-18db">
         <name>ltoa</name>
         <value>0x11bc7</value>
         <object_component_ref idref="oc-34f"/>
      </symbol>
      <symbol id="sm-18eb">
         <name>memccpy</name>
         <value>0x11f0f</value>
         <object_component_ref idref="oc-365"/>
      </symbol>
      <symbol id="sm-1907">
         <name>__aeabi_uldivmod</name>
         <value>0x1091d</value>
         <object_component_ref idref="oc-32c"/>
      </symbol>
      <symbol id="sm-1911">
         <name>_Dclass</name>
         <value>0x11faf</value>
         <object_component_ref idref="oc-35f"/>
      </symbol>
      <symbol id="sm-1923">
         <name>_Dtest</name>
         <value>0x11dd5</value>
         <object_component_ref idref="oc-456"/>
      </symbol>
      <symbol id="sm-1924">
         <name>__TI_static_base__</name>
         <value>0x0</value>
      </symbol>
      <symbol id="sm-1925">
         <name>__TI_args_main</name>
         <value>0x1</value>
      </symbol>
      <symbol id="sm-1926">
         <name>SHT$$INIT_ARRAY$$Limit</name>
         <value>0x0</value>
      </symbol>
      <symbol id="sm-1927">
         <name>SHT$$INIT_ARRAY$$Base</name>
         <value>0x0</value>
      </symbol>
   </symbol_table>
   <title>Link successful</title>
</link_info>
