<?xml version="1.0"?>
<link_info>
   <banner>TI ARM Linker PC v5.1.1</banner>
   <copyright>Copyright (c) 1996-2013 Texas Instruments Incorporated</copyright>
   <link_time>0x5342f254</link_time>
   <link_errors>0x0</link_errors>
   <output_file>inicial-practica1-tiva.out</output_file>
   <entry_point>
      <name>_c_int00</name>
      <address>0x10d29</address>
   </entry_point>
   <input_file_list>
      <input_file id="fl-2">
         <path>.\FreeRTOS\Source\portable\CCS\ARM_CM4F\</path>
         <kind>object</kind>
         <file>portasm.obj</file>
         <name>portasm.obj</name>
      </input_file>
      <input_file id="fl-3">
         <path>.\FreeRTOS\Source\portable\CCS\ARM_CM4F\</path>
         <kind>object</kind>
         <file>port.obj</file>
         <name>port.obj</name>
      </input_file>
      <input_file id="fl-4">
         <path>.\FreeRTOS\Source\portable\MemMang\</path>
         <kind>object</kind>
         <file>heap_2.obj</file>
         <name>heap_2.obj</name>
      </input_file>
      <input_file id="fl-5">
         <path>.\FreeRTOS\Source\</path>
         <kind>object</kind>
         <file>timers.obj</file>
         <name>timers.obj</name>
      </input_file>
      <input_file id="fl-6">
         <path>.\FreeRTOS\Source\</path>
         <kind>object</kind>
         <file>tasks.obj</file>
         <name>tasks.obj</name>
      </input_file>
      <input_file id="fl-7">
         <path>.\FreeRTOS\Source\</path>
         <kind>object</kind>
         <file>queue.obj</file>
         <name>queue.obj</name>
      </input_file>
      <input_file id="fl-8">
         <path>.\FreeRTOS\Source\</path>
         <kind>object</kind>
         <file>list.obj</file>
         <name>list.obj</name>
      </input_file>
      <input_file id="fl-9">
         <path>.\FreeRTOS\Source\</path>
         <kind>object</kind>
         <file>event_groups.obj</file>
         <name>event_groups.obj</name>
      </input_file>
      <input_file id="fl-a">
         <path>.\FreeRTOS\Source\</path>
         <kind>object</kind>
         <file>croutine.obj</file>
         <name>croutine.obj</name>
      </input_file>
      <input_file id="fl-b">
         <path>.\driverlib\</path>
         <kind>object</kind>
         <file>watchdog.obj</file>
         <name>watchdog.obj</name>
      </input_file>
      <input_file id="fl-c">
         <path>.\driverlib\</path>
         <kind>object</kind>
         <file>usb.obj</file>
         <name>usb.obj</name>
      </input_file>
      <input_file id="fl-d">
         <path>.\driverlib\</path>
         <kind>object</kind>
         <file>udma.obj</file>
         <name>udma.obj</name>
      </input_file>
      <input_file id="fl-e">
         <path>.\driverlib\</path>
         <kind>object</kind>
         <file>uart.obj</file>
         <name>uart.obj</name>
      </input_file>
      <input_file id="fl-f">
         <path>.\driverlib\</path>
         <kind>object</kind>
         <file>timer.obj</file>
         <name>timer.obj</name>
      </input_file>
      <input_file id="fl-10">
         <path>.\driverlib\</path>
         <kind>object</kind>
         <file>systick.obj</file>
         <name>systick.obj</name>
      </input_file>
      <input_file id="fl-11">
         <path>.\driverlib\</path>
         <kind>object</kind>
         <file>sysexc.obj</file>
         <name>sysexc.obj</name>
      </input_file>
      <input_file id="fl-12">
         <path>.\driverlib\</path>
         <kind>object</kind>
         <file>sysctl.obj</file>
         <name>sysctl.obj</name>
      </input_file>
      <input_file id="fl-13">
         <path>.\driverlib\</path>
         <kind>object</kind>
         <file>sw_crc.obj</file>
         <name>sw_crc.obj</name>
      </input_file>
      <input_file id="fl-14">
         <path>.\driverlib\</path>
         <kind>object</kind>
         <file>ssi.obj</file>
         <name>ssi.obj</name>
      </input_file>
      <input_file id="fl-15">
         <path>.\driverlib\</path>
         <kind>object</kind>
         <file>shamd5.obj</file>
         <name>shamd5.obj</name>
      </input_file>
      <input_file id="fl-16">
         <path>.\driverlib\</path>
         <kind>object</kind>
         <file>qei.obj</file>
         <name>qei.obj</name>
      </input_file>
      <input_file id="fl-17">
         <path>.\driverlib\</path>
         <kind>object</kind>
         <file>pwm.obj</file>
         <name>pwm.obj</name>
      </input_file>
      <input_file id="fl-18">
         <path>.\driverlib\</path>
         <kind>object</kind>
         <file>mpu.obj</file>
         <name>mpu.obj</name>
      </input_file>
      <input_file id="fl-19">
         <path>.\driverlib\</path>
         <kind>object</kind>
         <file>lcd.obj</file>
         <name>lcd.obj</name>
      </input_file>
      <input_file id="fl-1a">
         <path>.\driverlib\</path>
         <kind>object</kind>
         <file>interrupt.obj</file>
         <name>interrupt.obj</name>
      </input_file>
      <input_file id="fl-1b">
         <path>.\driverlib\</path>
         <kind>object</kind>
         <file>i2c.obj</file>
         <name>i2c.obj</name>
      </input_file>
      <input_file id="fl-1c">
         <path>.\driverlib\</path>
         <kind>object</kind>
         <file>hibernate.obj</file>
         <name>hibernate.obj</name>
      </input_file>
      <input_file id="fl-1d">
         <path>.\driverlib\</path>
         <kind>object</kind>
         <file>gpio.obj</file>
         <name>gpio.obj</name>
      </input_file>
      <input_file id="fl-1e">
         <path>.\driverlib\</path>
         <kind>object</kind>
         <file>fpu.obj</file>
         <name>fpu.obj</name>
      </input_file>
      <input_file id="fl-1f">
         <path>.\driverlib\</path>
         <kind>object</kind>
         <file>flash.obj</file>
         <name>flash.obj</name>
      </input_file>
      <input_file id="fl-20">
         <path>.\driverlib\</path>
         <kind>object</kind>
         <file>epi_workaround_ccs.obj</file>
         <name>epi_workaround_ccs.obj</name>
      </input_file>
      <input_file id="fl-21">
         <path>.\driverlib\</path>
         <kind>object</kind>
         <file>epi.obj</file>
         <name>epi.obj</name>
      </input_file>
      <input_file id="fl-22">
         <path>.\driverlib\</path>
         <kind>object</kind>
         <file>emac.obj</file>
         <name>emac.obj</name>
      </input_file>
      <input_file id="fl-23">
         <path>.\driverlib\</path>
         <kind>object</kind>
         <file>eeprom.obj</file>
         <name>eeprom.obj</name>
      </input_file>
      <input_file id="fl-24">
         <path>.\driverlib\</path>
         <kind>object</kind>
         <file>des.obj</file>
         <name>des.obj</name>
      </input_file>
      <input_file id="fl-25">
         <path>.\driverlib\</path>
         <kind>object</kind>
         <file>crc.obj</file>
         <name>crc.obj</name>
      </input_file>
      <input_file id="fl-26">
         <path>.\driverlib\</path>
         <kind>object</kind>
         <file>cpu.obj</file>
         <name>cpu.obj</name>
      </input_file>
      <input_file id="fl-27">
         <path>.\driverlib\</path>
         <kind>object</kind>
         <file>comp.obj</file>
         <name>comp.obj</name>
      </input_file>
      <input_file id="fl-28">
         <path>.\driverlib\</path>
         <kind>object</kind>
         <file>can.obj</file>
         <name>can.obj</name>
      </input_file>
      <input_file id="fl-29">
         <path>.\driverlib\</path>
         <kind>object</kind>
         <file>aes.obj</file>
         <name>aes.obj</name>
      </input_file>
      <input_file id="fl-2a">
         <path>.\driverlib\</path>
         <kind>object</kind>
         <file>adc.obj</file>
         <name>adc.obj</name>
      </input_file>
      <input_file id="fl-2b">
         <path>.\drivers\</path>
         <kind>object</kind>
         <file>rgb.obj</file>
         <name>rgb.obj</name>
      </input_file>
      <input_file id="fl-2c">
         <path>.\drivers\</path>
         <kind>object</kind>
         <file>buttons.obj</file>
         <name>buttons.obj</name>
      </input_file>
      <input_file id="fl-2d">
         <path>.\usblib\device\</path>
         <kind>object</kind>
         <file>usbdmsc.obj</file>
         <name>usbdmsc.obj</name>
      </input_file>
      <input_file id="fl-2e">
         <path>.\usblib\device\</path>
         <kind>object</kind>
         <file>usbdhidmouse.obj</file>
         <name>usbdhidmouse.obj</name>
      </input_file>
      <input_file id="fl-2f">
         <path>.\usblib\device\</path>
         <kind>object</kind>
         <file>usbdhidkeyb.obj</file>
         <name>usbdhidkeyb.obj</name>
      </input_file>
      <input_file id="fl-30">
         <path>.\usblib\device\</path>
         <kind>object</kind>
         <file>usbdhid.obj</file>
         <name>usbdhid.obj</name>
      </input_file>
      <input_file id="fl-31">
         <path>.\usblib\device\</path>
         <kind>object</kind>
         <file>usbdhandler.obj</file>
         <name>usbdhandler.obj</name>
      </input_file>
      <input_file id="fl-32">
         <path>.\usblib\device\</path>
         <kind>object</kind>
         <file>usbdenum.obj</file>
         <name>usbdenum.obj</name>
      </input_file>
      <input_file id="fl-33">
         <path>.\usblib\device\</path>
         <kind>object</kind>
         <file>usbddfu-rt.obj</file>
         <name>usbddfu-rt.obj</name>
      </input_file>
      <input_file id="fl-34">
         <path>.\usblib\device\</path>
         <kind>object</kind>
         <file>usbdconfig.obj</file>
         <name>usbdconfig.obj</name>
      </input_file>
      <input_file id="fl-35">
         <path>.\usblib\device\</path>
         <kind>object</kind>
         <file>usbdcomp.obj</file>
         <name>usbdcomp.obj</name>
      </input_file>
      <input_file id="fl-36">
         <path>.\usblib\device\</path>
         <kind>object</kind>
         <file>usbdcdesc.obj</file>
         <name>usbdcdesc.obj</name>
      </input_file>
      <input_file id="fl-37">
         <path>.\usblib\device\</path>
         <kind>object</kind>
         <file>usbdcdc.obj</file>
         <name>usbdcdc.obj</name>
      </input_file>
      <input_file id="fl-38">
         <path>.\usblib\device\</path>
         <kind>object</kind>
         <file>usbdbulk.obj</file>
         <name>usbdbulk.obj</name>
      </input_file>
      <input_file id="fl-39">
         <path>.\usblib\device\</path>
         <kind>object</kind>
         <file>usbdaudio.obj</file>
         <name>usbdaudio.obj</name>
      </input_file>
      <input_file id="fl-3a">
         <path>.\usblib\host\</path>
         <kind>object</kind>
         <file>usbhscsi.obj</file>
         <name>usbhscsi.obj</name>
      </input_file>
      <input_file id="fl-3b">
         <path>.\usblib\host\</path>
         <kind>object</kind>
         <file>usbhostenum.obj</file>
         <name>usbhostenum.obj</name>
      </input_file>
      <input_file id="fl-3c">
         <path>.\usblib\host\</path>
         <kind>object</kind>
         <file>usbhmsc.obj</file>
         <name>usbhmsc.obj</name>
      </input_file>
      <input_file id="fl-3d">
         <path>.\usblib\host\</path>
         <kind>object</kind>
         <file>usbhhub.obj</file>
         <name>usbhhub.obj</name>
      </input_file>
      <input_file id="fl-3e">
         <path>.\usblib\host\</path>
         <kind>object</kind>
         <file>usbhhidmouse.obj</file>
         <name>usbhhidmouse.obj</name>
      </input_file>
      <input_file id="fl-3f">
         <path>.\usblib\host\</path>
         <kind>object</kind>
         <file>usbhhidkeyboard.obj</file>
         <name>usbhhidkeyboard.obj</name>
      </input_file>
      <input_file id="fl-40">
         <path>.\usblib\host\</path>
         <kind>object</kind>
         <file>usbhhid.obj</file>
         <name>usbhhid.obj</name>
      </input_file>
      <input_file id="fl-41">
         <path>.\usblib\host\</path>
         <kind>object</kind>
         <file>usbhaudio.obj</file>
         <name>usbhaudio.obj</name>
      </input_file>
      <input_file id="fl-42">
         <path>.\usblib\</path>
         <kind>object</kind>
         <file>usbulpi.obj</file>
         <name>usbulpi.obj</name>
      </input_file>
      <input_file id="fl-43">
         <path>.\usblib\</path>
         <kind>object</kind>
         <file>usbtick.obj</file>
         <name>usbtick.obj</name>
      </input_file>
      <input_file id="fl-44">
         <path>.\usblib\</path>
         <kind>object</kind>
         <file>usbringbuf.obj</file>
         <name>usbringbuf.obj</name>
      </input_file>
      <input_file id="fl-45">
         <path>.\usblib\</path>
         <kind>object</kind>
         <file>usbmode.obj</file>
         <name>usbmode.obj</name>
      </input_file>
      <input_file id="fl-46">
         <path>.\usblib\</path>
         <kind>object</kind>
         <file>usbkeyboardmap.obj</file>
         <name>usbkeyboardmap.obj</name>
      </input_file>
      <input_file id="fl-47">
         <path>.\usblib\</path>
         <kind>object</kind>
         <file>usbdma.obj</file>
         <name>usbdma.obj</name>
      </input_file>
      <input_file id="fl-48">
         <path>.\usblib\</path>
         <kind>object</kind>
         <file>usbdesc.obj</file>
         <name>usbdesc.obj</name>
      </input_file>
      <input_file id="fl-49">
         <path>.\usblib\</path>
         <kind>object</kind>
         <file>usbbuffer.obj</file>
         <name>usbbuffer.obj</name>
      </input_file>
      <input_file id="fl-4a">
         <path>.\utils\</path>
         <kind>object</kind>
         <file>ustdlib.obj</file>
         <name>ustdlib.obj</name>
      </input_file>
      <input_file id="fl-4b">
         <path>.\utils\</path>
         <kind>object</kind>
         <file>uartstdio.obj</file>
         <name>uartstdio.obj</name>
      </input_file>
      <input_file id="fl-4c">
         <path>.\utils\</path>
         <kind>object</kind>
         <file>cpu_usage.obj</file>
         <name>cpu_usage.obj</name>
      </input_file>
      <input_file id="fl-4d">
         <path>.\utils\</path>
         <kind>object</kind>
         <file>cmdline.obj</file>
         <name>cmdline.obj</name>
      </input_file>
      <input_file id="fl-4e">
         <path>.\</path>
         <kind>object</kind>
         <file>usb_serial_structs.obj</file>
         <name>usb_serial_structs.obj</name>
      </input_file>
      <input_file id="fl-4f">
         <path>.\</path>
         <kind>object</kind>
         <file>usb_dev_serial.obj</file>
         <name>usb_dev_serial.obj</name>
      </input_file>
      <input_file id="fl-50">
         <path>.\</path>
         <kind>object</kind>
         <file>tm4c123gh6pm_startup_ccs.obj</file>
         <name>tm4c123gh6pm_startup_ccs.obj</name>
      </input_file>
      <input_file id="fl-51">
         <path>.\</path>
         <kind>object</kind>
         <file>protocol.obj</file>
         <name>protocol.obj</name>
      </input_file>
      <input_file id="fl-52">
         <path>.\</path>
         <kind>object</kind>
         <file>main.obj</file>
         <name>main.obj</name>
      </input_file>
      <input_file id="fl-53">
         <path>.\</path>
         <kind>object</kind>
         <file>crc.obj</file>
         <name>crc.obj</name>
      </input_file>
      <input_file id="fl-54">
         <path>.\</path>
         <kind>object</kind>
         <file>commands.obj</file>
         <name>commands.obj</name>
      </input_file>
      <input_file id="fl-181">
         <path>C:\ti\ccsv5\tools\compiler\arm_5.1.1\lib\</path>
         <kind>archive</kind>
         <file>rtsv7M4_T_le_v4SPD16_eabi.lib</file>
         <name>boot.obj</name>
      </input_file>
      <input_file id="fl-182">
         <path>C:\ti\ccsv5\tools\compiler\arm_5.1.1\lib\</path>
         <kind>archive</kind>
         <file>rtsv7M4_T_le_v4SPD16_eabi.lib</file>
         <name>copy_decompress_none.obj</name>
      </input_file>
      <input_file id="fl-183">
         <path>C:\ti\ccsv5\tools\compiler\arm_5.1.1\lib\</path>
         <kind>archive</kind>
         <file>rtsv7M4_T_le_v4SPD16_eabi.lib</file>
         <name>copy_decompress_rle.obj</name>
      </input_file>
      <input_file id="fl-184">
         <path>C:\ti\ccsv5\tools\compiler\arm_5.1.1\lib\</path>
         <kind>archive</kind>
         <file>rtsv7M4_T_le_v4SPD16_eabi.lib</file>
         <name>copy_zero_init.obj</name>
      </input_file>
      <input_file id="fl-185">
         <path>C:\ti\ccsv5\tools\compiler\arm_5.1.1\lib\</path>
         <kind>archive</kind>
         <file>rtsv7M4_T_le_v4SPD16_eabi.lib</file>
         <name>exit.obj</name>
      </input_file>
      <input_file id="fl-186">
         <path>C:\ti\ccsv5\tools\compiler\arm_5.1.1\lib\</path>
         <kind>archive</kind>
         <file>rtsv7M4_T_le_v4SPD16_eabi.lib</file>
         <name>fs_toull_t2.obj</name>
      </input_file>
      <input_file id="fl-187">
         <path>C:\ti\ccsv5\tools\compiler\arm_5.1.1\lib\</path>
         <kind>archive</kind>
         <file>rtsv7M4_T_le_v4SPD16_eabi.lib</file>
         <name>memcmp.obj</name>
      </input_file>
      <input_file id="fl-188">
         <path>C:\ti\ccsv5\tools\compiler\arm_5.1.1\lib\</path>
         <kind>archive</kind>
         <file>rtsv7M4_T_le_v4SPD16_eabi.lib</file>
         <name>memcpy_t2.obj</name>
      </input_file>
      <input_file id="fl-189">
         <path>C:\ti\ccsv5\tools\compiler\arm_5.1.1\lib\</path>
         <kind>archive</kind>
         <file>rtsv7M4_T_le_v4SPD16_eabi.lib</file>
         <name>memset_t2.obj</name>
      </input_file>
      <input_file id="fl-18a">
         <path>C:\ti\ccsv5\tools\compiler\arm_5.1.1\lib\</path>
         <kind>archive</kind>
         <file>rtsv7M4_T_le_v4SPD16_eabi.lib</file>
         <name>sprintf.obj</name>
      </input_file>
      <input_file id="fl-18b">
         <path>C:\ti\ccsv5\tools\compiler\arm_5.1.1\lib\</path>
         <kind>archive</kind>
         <file>rtsv7M4_T_le_v4SPD16_eabi.lib</file>
         <name>stkdepth_vars.obj</name>
      </input_file>
      <input_file id="fl-18c">
         <path>C:\ti\ccsv5\tools\compiler\arm_5.1.1\lib\</path>
         <kind>archive</kind>
         <file>rtsv7M4_T_le_v4SPD16_eabi.lib</file>
         <name>strcmp.obj</name>
      </input_file>
      <input_file id="fl-18d">
         <path>C:\ti\ccsv5\tools\compiler\arm_5.1.1\lib\</path>
         <kind>archive</kind>
         <file>rtsv7M4_T_le_v4SPD16_eabi.lib</file>
         <name>strlen.obj</name>
      </input_file>
      <input_file id="fl-18e">
         <path>C:\ti\ccsv5\tools\compiler\arm_5.1.1\lib\</path>
         <kind>archive</kind>
         <file>rtsv7M4_T_le_v4SPD16_eabi.lib</file>
         <name>strncmp.obj</name>
      </input_file>
      <input_file id="fl-18f">
         <path>C:\ti\ccsv5\tools\compiler\arm_5.1.1\lib\</path>
         <kind>archive</kind>
         <file>rtsv7M4_T_le_v4SPD16_eabi.lib</file>
         <name>u_divt2.obj</name>
      </input_file>
      <input_file id="fl-190">
         <path>C:\ti\ccsv5\tools\compiler\arm_5.1.1\lib\</path>
         <kind>archive</kind>
         <file>rtsv7M4_T_le_v4SPD16_eabi.lib</file>
         <name>_lock.obj</name>
      </input_file>
      <input_file id="fl-191">
         <path>C:\ti\ccsv5\tools\compiler\arm_5.1.1\lib\</path>
         <kind>archive</kind>
         <file>rtsv7M4_T_le_v4SPD16_eabi.lib</file>
         <name>_printfi.obj</name>
      </input_file>
      <input_file id="fl-192">
         <path>C:\ti\ccsv5\tools\compiler\arm_5.1.1\lib\</path>
         <kind>archive</kind>
         <file>rtsv7M4_T_le_v4SPD16_eabi.lib</file>
         <name>args_main.obj</name>
      </input_file>
      <input_file id="fl-193">
         <path>C:\ti\ccsv5\tools\compiler\arm_5.1.1\lib\</path>
         <kind>archive</kind>
         <file>rtsv7M4_T_le_v4SPD16_eabi.lib</file>
         <name>atoi.obj</name>
      </input_file>
      <input_file id="fl-194">
         <path>C:\ti\ccsv5\tools\compiler\arm_5.1.1\lib\</path>
         <kind>archive</kind>
         <file>rtsv7M4_T_le_v4SPD16_eabi.lib</file>
         <name>auto_init.obj</name>
      </input_file>
      <input_file id="fl-195">
         <path>C:\ti\ccsv5\tools\compiler\arm_5.1.1\lib\</path>
         <kind>archive</kind>
         <file>rtsv7M4_T_le_v4SPD16_eabi.lib</file>
         <name>cpy_tbl.obj</name>
      </input_file>
      <input_file id="fl-196">
         <path>C:\ti\ccsv5\tools\compiler\arm_5.1.1\lib\</path>
         <kind>archive</kind>
         <file>rtsv7M4_T_le_v4SPD16_eabi.lib</file>
         <name>ctype.obj</name>
      </input_file>
      <input_file id="fl-197">
         <path>C:\ti\ccsv5\tools\compiler\arm_5.1.1\lib\</path>
         <kind>archive</kind>
         <file>rtsv7M4_T_le_v4SPD16_eabi.lib</file>
         <name>fd_add_t2.obj</name>
      </input_file>
      <input_file id="fl-198">
         <path>C:\ti\ccsv5\tools\compiler\arm_5.1.1\lib\</path>
         <kind>archive</kind>
         <file>rtsv7M4_T_le_v4SPD16_eabi.lib</file>
         <name>fd_cmp_t2.obj</name>
      </input_file>
      <input_file id="fl-199">
         <path>C:\ti\ccsv5\tools\compiler\arm_5.1.1\lib\</path>
         <kind>archive</kind>
         <file>rtsv7M4_T_le_v4SPD16_eabi.lib</file>
         <name>fd_div_t2.obj</name>
      </input_file>
      <input_file id="fl-19a">
         <path>C:\ti\ccsv5\tools\compiler\arm_5.1.1\lib\</path>
         <kind>archive</kind>
         <file>rtsv7M4_T_le_v4SPD16_eabi.lib</file>
         <name>fd_mul_t2.obj</name>
      </input_file>
      <input_file id="fl-19b">
         <path>C:\ti\ccsv5\tools\compiler\arm_5.1.1\lib\</path>
         <kind>archive</kind>
         <file>rtsv7M4_T_le_v4SPD16_eabi.lib</file>
         <name>fd_toi_t2.obj</name>
      </input_file>
      <input_file id="fl-19c">
         <path>C:\ti\ccsv5\tools\compiler\arm_5.1.1\lib\</path>
         <kind>archive</kind>
         <file>rtsv7M4_T_le_v4SPD16_eabi.lib</file>
         <name>i_tofd_t2.obj</name>
      </input_file>
      <input_file id="fl-19d">
         <path>C:\ti\ccsv5\tools\compiler\arm_5.1.1\lib\</path>
         <kind>archive</kind>
         <file>rtsv7M4_T_le_v4SPD16_eabi.lib</file>
         <name>ll_mul_t2.obj</name>
      </input_file>
      <input_file id="fl-19e">
         <path>C:\ti\ccsv5\tools\compiler\arm_5.1.1\lib\</path>
         <kind>archive</kind>
         <file>rtsv7M4_T_le_v4SPD16_eabi.lib</file>
         <name>ltoa.obj</name>
      </input_file>
      <input_file id="fl-19f">
         <path>C:\ti\ccsv5\tools\compiler\arm_5.1.1\lib\</path>
         <kind>archive</kind>
         <file>rtsv7M4_T_le_v4SPD16_eabi.lib</file>
         <name>memccpy.obj</name>
      </input_file>
      <input_file id="fl-1a0">
         <path>C:\ti\ccsv5\tools\compiler\arm_5.1.1\lib\</path>
         <kind>archive</kind>
         <file>rtsv7M4_T_le_v4SPD16_eabi.lib</file>
         <name>ull_div_t2.obj</name>
      </input_file>
      <input_file id="fl-1a1">
         <path>C:\ti\ccsv5\tools\compiler\arm_5.1.1\lib\</path>
         <kind>archive</kind>
         <file>rtsv7M4_T_le_v4SPD16_eabi.lib</file>
         <name>xdclass.obj</name>
      </input_file>
      <input_file id="fl-1a2">
         <path>C:\ti\ccsv5\tools\compiler\arm_5.1.1\lib\</path>
         <kind>archive</kind>
         <file>rtsv7M4_T_le_v4SPD16_eabi.lib</file>
         <name>xdtest.obj</name>
      </input_file>
   </input_file_list>
   <object_component_list>
      <object_component id="oc-e">
         <name>.intvecs</name>
         <load_address>0x0</load_address>
         <run_address>0x0</run_address>
         <size>0x26c</size>
         <input_file_ref idref="fl-50"/>
      </object_component>
      <object_component id="oc-346">
         <name>.text</name>
         <load_address>0x26c</load_address>
         <run_address>0x26c</run_address>
         <size>0x2e2c</size>
         <input_file_ref idref="fl-3b"/>
      </object_component>
      <object_component id="oc-143">
         <name>.text</name>
         <load_address>0x3098</load_address>
         <run_address>0x3098</run_address>
         <size>0x15b4</size>
         <input_file_ref idref="fl-c"/>
      </object_component>
      <object_component id="oc-aa">
         <name>.text</name>
         <load_address>0x464c</load_address>
         <run_address>0x464c</run_address>
         <size>0x12d0</size>
         <input_file_ref idref="fl-32"/>
      </object_component>
      <object_component id="oc-71">
         <name>.text</name>
         <load_address>0x591c</load_address>
         <run_address>0x591c</run_address>
         <size>0x1268</size>
         <input_file_ref idref="fl-6"/>
      </object_component>
      <object_component id="oc-181">
         <name>.text</name>
         <load_address>0x6b84</load_address>
         <run_address>0x6b84</run_address>
         <size>0xf00</size>
         <input_file_ref idref="fl-12"/>
      </object_component>
      <object_component id="oc-14d">
         <name>.text</name>
         <load_address>0x7a84</load_address>
         <run_address>0x7a84</run_address>
         <size>0xef0</size>
         <input_file_ref idref="fl-47"/>
      </object_component>
      <object_component id="oc-1d7">
         <name>.text</name>
         <load_address>0x8974</load_address>
         <run_address>0x8974</run_address>
         <size>0xe8c</size>
         <input_file_ref idref="fl-191"/>
      </object_component>
      <object_component id="oc-256">
         <name>.text</name>
         <load_address>0x9800</load_address>
         <run_address>0x9800</run_address>
         <size>0xe0c</size>
         <input_file_ref idref="fl-37"/>
      </object_component>
      <object_component id="oc-32">
         <name>.text</name>
         <load_address>0xa60c</load_address>
         <run_address>0xa60c</run_address>
         <size>0xd20</size>
         <input_file_ref idref="fl-4b"/>
      </object_component>
      <object_component id="oc-270">
         <name>.text</name>
         <load_address>0xb32c</load_address>
         <run_address>0xb32c</run_address>
         <size>0xc84</size>
         <input_file_ref idref="fl-4a"/>
      </object_component>
      <object_component id="oc-3e6">
         <name>.text</name>
         <load_address>0xbfb0</load_address>
         <run_address>0xbfb0</run_address>
         <size>0x920</size>
         <input_file_ref idref="fl-3d"/>
      </object_component>
      <object_component id="oc-85">
         <name>.text</name>
         <load_address>0xc8d0</load_address>
         <run_address>0xc8d0</run_address>
         <size>0x880</size>
         <input_file_ref idref="fl-7"/>
      </object_component>
      <object_component id="oc-251">
         <name>.text</name>
         <load_address>0xd150</load_address>
         <run_address>0xd150</run_address>
         <size>0x510</size>
         <input_file_ref idref="fl-45"/>
      </object_component>
      <object_component id="oc-24c">
         <name>.text</name>
         <load_address>0xd660</load_address>
         <run_address>0xd660</run_address>
         <size>0x4a0</size>
         <input_file_ref idref="fl-49"/>
      </object_component>
      <object_component id="oc-186">
         <name>.text</name>
         <load_address>0xdb00</load_address>
         <run_address>0xdb00</run_address>
         <size>0x434</size>
         <input_file_ref idref="fl-2b"/>
      </object_component>
      <object_component id="oc-19a">
         <name>.text</name>
         <load_address>0xdf34</load_address>
         <run_address>0xdf34</run_address>
         <size>0x3ec</size>
         <input_file_ref idref="fl-54"/>
      </object_component>
      <object_component id="oc-1ea">
         <name>.text</name>
         <load_address>0xe320</load_address>
         <run_address>0xe320</run_address>
         <size>0x3c0</size>
         <input_file_ref idref="fl-1a"/>
      </object_component>
      <object_component id="oc-16b">
         <name>.text</name>
         <load_address>0xe6e0</load_address>
         <run_address>0xe6e0</run_address>
         <size>0x388</size>
         <input_file_ref idref="fl-34"/>
      </object_component>
      <object_component id="oc-18b">
         <name>.text</name>
         <load_address>0xea68</load_address>
         <run_address>0xea68</run_address>
         <size>0x314</size>
         <input_file_ref idref="fl-51"/>
      </object_component>
      <object_component id="oc-33f">
         <name>.text</name>
         <load_address>0xed7c</load_address>
         <run_address>0xed7c</run_address>
         <size>0x2f2</size>
         <input_file_ref idref="fl-44"/>
      </object_component>
      <object_component id="oc-165">
         <name>.text</name>
         <load_address>0xf06e</load_address>
         <run_address>0xf06e</run_address>
         <size>0x2de</size>
         <input_file_ref idref="fl-36"/>
      </object_component>
      <object_component id="oc-b8">
         <name>.text</name>
         <load_address>0xf34c</load_address>
         <run_address>0xf34c</run_address>
         <size>0x2c0</size>
         <input_file_ref idref="fl-52"/>
      </object_component>
      <object_component id="oc-190">
         <name>.text</name>
         <load_address>0xf60c</load_address>
         <run_address>0xf60c</run_address>
         <size>0x2a0</size>
         <input_file_ref idref="fl-4f"/>
      </object_component>
      <object_component id="oc-299">
         <name>.text</name>
         <load_address>0xf8ac</load_address>
         <run_address>0xf8ac</run_address>
         <size>0x1f4</size>
         <input_file_ref idref="fl-1a0"/>
      </object_component>
      <object_component id="oc-f8">
         <name>.text</name>
         <load_address>0xfaa0</load_address>
         <run_address>0xfaa0</run_address>
         <size>0x1d4</size>
         <input_file_ref idref="fl-4"/>
      </object_component>
      <object_component id="oc-211">
         <name>.text</name>
         <load_address>0xfc74</load_address>
         <run_address>0xfc74</run_address>
         <size>0x1d2</size>
         <input_file_ref idref="fl-48"/>
      </object_component>
      <object_component id="oc-2be">
         <name>.text</name>
         <load_address>0xfe46</load_address>
         <run_address>0xfe46</run_address>
         <size>0x1b6</size>
         <input_file_ref idref="fl-197"/>
      </object_component>
      <object_component id="oc-2a9">
         <name>.text</name>
         <load_address>0xfffc</load_address>
         <run_address>0xfffc</run_address>
         <size>0x136</size>
         <input_file_ref idref="fl-199"/>
      </object_component>
      <object_component id="oc-e1">
         <name>.text</name>
         <load_address>0x10132</load_address>
         <run_address>0x10132</run_address>
         <size>0x12a</size>
         <input_file_ref idref="fl-8"/>
      </object_component>
      <object_component id="oc-2d">
         <name>.text</name>
         <load_address>0x1025c</load_address>
         <run_address>0x1025c</run_address>
         <size>0x118</size>
         <input_file_ref idref="fl-3"/>
      </object_component>
      <object_component id="oc-2a5">
         <name>.text</name>
         <load_address>0x10374</load_address>
         <run_address>0x10374</run_address>
         <size>0xfc</size>
         <input_file_ref idref="fl-19a"/>
      </object_component>
      <object_component id="oc-17c">
         <name>.text</name>
         <load_address>0x10470</load_address>
         <run_address>0x10470</run_address>
         <size>0xf0</size>
         <input_file_ref idref="fl-4c"/>
      </object_component>
      <object_component id="oc-152">
         <name>.text</name>
         <load_address>0x10560</load_address>
         <run_address>0x10560</run_address>
         <size>0xec</size>
         <input_file_ref idref="fl-43"/>
      </object_component>
      <object_component id="oc-148">
         <name>.text</name>
         <load_address>0x1064c</load_address>
         <run_address>0x1064c</run_address>
         <size>0xc8</size>
         <input_file_ref idref="fl-42"/>
      </object_component>
      <object_component id="oc-27b">
         <name>.text</name>
         <load_address>0x10714</load_address>
         <run_address>0x10714</run_address>
         <size>0xac</size>
         <input_file_ref idref="fl-4d"/>
      </object_component>
      <object_component id="oc-29">
         <name>.text</name>
         <load_address>0x107c0</load_address>
         <run_address>0x107c0</run_address>
         <size>0xa6</size>
         <input_file_ref idref="fl-2"/>
      </object_component>
      <object_component id="oc-50">
         <name>.text</name>
         <load_address>0x10866</load_address>
         <run_address>0x10866</run_address>
         <size>0x9c</size>
         <input_file_ref idref="fl-188"/>
      </object_component>
      <object_component id="oc-3f">
         <name>.text</name>
         <load_address>0x10904</load_address>
         <run_address>0x10904</run_address>
         <size>0x94</size>
         <input_file_ref idref="fl-194"/>
      </object_component>
      <object_component id="oc-2a1">
         <name>.text:__aeabi_cdcmple</name>
         <load_address>0x10998</load_address>
         <run_address>0x10998</run_address>
         <size>0x7e</size>
         <input_file_ref idref="fl-198"/>
      </object_component>
      <object_component id="oc-2ad">
         <name>.text:__aeabi_cdrcmple</name>
         <load_address>0x10a16</load_address>
         <run_address>0x10a16</run_address>
         <size>0x7e</size>
         <input_file_ref idref="fl-198"/>
      </object_component>
      <object_component id="oc-fd">
         <name>.text</name>
         <load_address>0x10a94</load_address>
         <run_address>0x10a94</run_address>
         <size>0x78</size>
         <input_file_ref idref="fl-189"/>
      </object_component>
      <object_component id="oc-245">
         <name>.text</name>
         <load_address>0x10b0c</load_address>
         <run_address>0x10b0c</run_address>
         <size>0x68</size>
         <input_file_ref idref="fl-53"/>
      </object_component>
      <object_component id="oc-108">
         <name>.text</name>
         <load_address>0x10b74</load_address>
         <run_address>0x10b74</run_address>
         <size>0x60</size>
         <input_file_ref idref="fl-18a"/>
      </object_component>
      <object_component id="oc-62">
         <name>.text</name>
         <load_address>0x10bd4</load_address>
         <run_address>0x10bd4</run_address>
         <size>0x5e</size>
         <input_file_ref idref="fl-183"/>
      </object_component>
      <object_component id="oc-2b5">
         <name>.text</name>
         <load_address>0x10c32</load_address>
         <run_address>0x10c32</run_address>
         <size>0x5a</size>
         <input_file_ref idref="fl-19e"/>
      </object_component>
      <object_component id="oc-23b">
         <name>.text</name>
         <load_address>0x10c8c</load_address>
         <run_address>0x10c8c</run_address>
         <size>0x50</size>
         <input_file_ref idref="fl-186"/>
      </object_component>
      <object_component id="oc-2cc">
         <name>.text</name>
         <load_address>0x10cdc</load_address>
         <run_address>0x10cdc</run_address>
         <size>0x4c</size>
         <input_file_ref idref="fl-193"/>
      </object_component>
      <object_component id="oc-10">
         <name>.text</name>
         <load_address>0x10d28</load_address>
         <run_address>0x10d28</run_address>
         <size>0x48</size>
         <input_file_ref idref="fl-181"/>
      </object_component>
      <object_component id="oc-2b1">
         <name>.text</name>
         <load_address>0x10d70</load_address>
         <run_address>0x10d70</run_address>
         <size>0x48</size>
         <input_file_ref idref="fl-19b"/>
      </object_component>
      <object_component id="oc-b2">
         <name>.text</name>
         <load_address>0x10db8</load_address>
         <run_address>0x10db8</run_address>
         <size>0x44</size>
         <input_file_ref idref="fl-195"/>
      </object_component>
      <object_component id="oc-48">
         <name>.text</name>
         <load_address>0x10dfc</load_address>
         <run_address>0x10dfc</run_address>
         <size>0x44</size>
         <input_file_ref idref="fl-185"/>
      </object_component>
      <object_component id="oc-3b1">
         <name>.text</name>
         <load_address>0x10e40</load_address>
         <run_address>0x10e40</run_address>
         <size>0x44</size>
         <input_file_ref idref="fl-1a2"/>
      </object_component>
      <object_component id="oc-95">
         <name>.text</name>
         <load_address>0x10e84</load_address>
         <run_address>0x10e84</run_address>
         <size>0x42</size>
         <input_file_ref idref="fl-18f"/>
      </object_component>
      <object_component id="oc-22d">
         <name>.text</name>
         <load_address>0x10ec6</load_address>
         <run_address>0x10ec6</run_address>
         <size>0x3e</size>
         <input_file_ref idref="fl-26"/>
      </object_component>
      <object_component id="oc-2ba">
         <name>.text</name>
         <load_address>0x10f04</load_address>
         <run_address>0x10f04</run_address>
         <size>0x2e</size>
         <input_file_ref idref="fl-19c"/>
      </object_component>
      <object_component id="oc-275">
         <name>.text</name>
         <load_address>0x10f32</load_address>
         <run_address>0x10f32</run_address>
         <size>0x26</size>
         <input_file_ref idref="fl-18e"/>
      </object_component>
      <object_component id="oc-37">
         <name>.text</name>
         <load_address>0x10f58</load_address>
         <run_address>0x10f58</run_address>
         <size>0x24</size>
         <input_file_ref idref="fl-31"/>
      </object_component>
      <object_component id="oc-ec">
         <name>.text</name>
         <load_address>0x10f7c</load_address>
         <run_address>0x10f7c</run_address>
         <size>0x22</size>
         <input_file_ref idref="fl-187"/>
      </object_component>
      <object_component id="oc-2c7">
         <name>.text</name>
         <load_address>0x10f9e</load_address>
         <run_address>0x10f9e</run_address>
         <size>0x1c</size>
         <input_file_ref idref="fl-19f"/>
      </object_component>
      <object_component id="oc-43">
         <name>.text</name>
         <load_address>0x10fbc</load_address>
         <run_address>0x10fbc</run_address>
         <size>0x18</size>
         <input_file_ref idref="fl-192"/>
      </object_component>
      <object_component id="oc-29d">
         <name>.text</name>
         <load_address>0x10fd4</load_address>
         <run_address>0x10fd4</run_address>
         <size>0x18</size>
         <input_file_ref idref="fl-19d"/>
      </object_component>
      <object_component id="oc-38e">
         <name>.text</name>
         <load_address>0x10fec</load_address>
         <run_address>0x10fec</run_address>
         <size>0x18</size>
         <input_file_ref idref="fl-18c"/>
      </object_component>
      <object_component id="oc-1ac">
         <name>.text</name>
         <load_address>0x11004</load_address>
         <run_address>0x11004</run_address>
         <size>0x14</size>
         <input_file_ref idref="fl-190"/>
      </object_component>
      <object_component id="oc-10d">
         <name>.text</name>
         <load_address>0x11018</load_address>
         <run_address>0x11018</run_address>
         <size>0x14</size>
         <input_file_ref idref="fl-18d"/>
      </object_component>
      <object_component id="oc-19">
         <name>.text:decompress:ZI</name>
         <load_address>0x1102c</load_address>
         <run_address>0x1102c</run_address>
         <size>0x12</size>
         <input_file_ref idref="fl-184"/>
      </object_component>
      <object_component id="oc-2c2">
         <name>.text</name>
         <load_address>0x1103e</load_address>
         <run_address>0x1103e</run_address>
         <size>0x12</size>
         <input_file_ref idref="fl-1a1"/>
      </object_component>
      <object_component id="oc-14">
         <name>.text:decompress:none</name>
         <load_address>0x11050</load_address>
         <run_address>0x11050</run_address>
         <size>0xe</size>
         <input_file_ref idref="fl-182"/>
      </object_component>
      <object_component id="oc-24">
         <name>.text</name>
         <load_address>0x1105e</load_address>
         <run_address>0x1105e</run_address>
         <size>0xc</size>
         <input_file_ref idref="fl-50"/>
      </object_component>
      <object_component id="oc-238">
         <name>.text:SysCtlDelay</name>
         <load_address>0x1106a</load_address>
         <run_address>0x1106a</run_address>
         <size>0x6</size>
         <input_file_ref idref="fl-12"/>
      </object_component>
      <object_component id="oc-1e">
         <name>.text:decompress:rle24</name>
         <load_address>0x11070</load_address>
         <run_address>0x11070</run_address>
         <size>0x6</size>
         <input_file_ref idref="fl-183"/>
      </object_component>
      <object_component id="oc-339">
         <name>.const:crctttab</name>
         <load_address>0x11078</load_address>
         <run_address>0x11078</run_address>
         <size>0x200</size>
         <input_file_ref idref="fl-53"/>
      </object_component>
      <object_component id="oc-234">
         <name>.const:g_pppui32XTALtoVCO</name>
         <load_address>0x11278</load_address>
         <run_address>0x11278</run_address>
         <size>0x120</size>
         <input_file_ref idref="fl-12"/>
      </object_component>
      <object_component id="oc-3b9">
         <name>.const:.string:_ctypes_</name>
         <load_address>0x11398</load_address>
         <run_address>0x11398</run_address>
         <size>0x102</size>
         <input_file_ref idref="fl-196"/>
      </object_component>
      <object_component id="oc-1cc">
         <name>.const</name>
         <load_address>0x1149a</load_address>
         <run_address>0x1149a</run_address>
         <size>0x2</size>
         <input_file_ref idref="fl-4"/>
      </object_component>
      <object_component id="oc-397">
         <name>.const:.string</name>
         <load_address>0x1149c</load_address>
         <run_address>0x1149c</run_address>
         <size>0xee</size>
         <input_file_ref idref="fl-54"/>
      </object_component>
      <object_component id="oc-2ec">
         <name>.const:g_pui32Regs</name>
         <load_address>0x1158c</load_address>
         <run_address>0x1158c</run_address>
         <size>0x9c</size>
         <input_file_ref idref="fl-1a"/>
      </object_component>
      <object_component id="oc-2ea">
         <name>.const</name>
         <load_address>0x11628</load_address>
         <run_address>0x11628</run_address>
         <size>0x70</size>
         <input_file_ref idref="fl-1a"/>
      </object_component>
      <object_component id="oc-232">
         <name>.const:g_pui32Xtals</name>
         <load_address>0x11698</load_address>
         <run_address>0x11698</run_address>
         <size>0x6c</size>
         <input_file_ref idref="fl-12"/>
      </object_component>
      <object_component id="oc-22b">
         <name>.const:g_sXTALtoMEMTIM</name>
         <load_address>0x11704</load_address>
         <run_address>0x11704</run_address>
         <size>0x38</size>
         <input_file_ref idref="fl-12"/>
      </object_component>
      <object_component id="oc-354">
         <name>.const</name>
         <load_address>0x1173c</load_address>
         <run_address>0x1173c</run_address>
         <size>0x38</size>
         <input_file_ref idref="fl-37"/>
      </object_component>
      <object_component id="oc-415">
         <name>.const:.string:g_pui8ConfigString</name>
         <load_address>0x11774</load_address>
         <run_address>0x11774</run_address>
         <size>0x36</size>
         <input_file_ref idref="fl-4e"/>
      </object_component>
      <object_component id="oc-163">
         <name>.const:g_psUSBDStdRequests</name>
         <load_address>0x117ac</load_address>
         <run_address>0x117ac</run_address>
         <size>0x34</size>
         <input_file_ref idref="fl-32"/>
      </object_component>
      <object_component id="oc-381">
         <name>.const:g_psDaysToMonth</name>
         <load_address>0x117e0</load_address>
         <run_address>0x117e0</run_address>
         <size>0x30</size>
         <input_file_ref idref="fl-4a"/>
      </object_component>
      <object_component id="oc-350">
         <name>.const:g_sCDCHandlers</name>
         <load_address>0x11810</load_address>
         <run_address>0x11810</run_address>
         <size>0x30</size>
         <input_file_ref idref="fl-37"/>
      </object_component>
      <object_component id="oc-413">
         <name>.const:.string:g_pui8ControlInterfaceString</name>
         <load_address>0x11840</load_address>
         <run_address>0x11840</run_address>
         <size>0x2c</size>
         <input_file_ref idref="fl-4e"/>
      </object_component>
      <object_component id="oc-8c">
         <name>.const</name>
         <load_address>0x1186c</load_address>
         <run_address>0x1186c</run_address>
         <size>0x28</size>
         <input_file_ref idref="fl-4b"/>
      </object_component>
      <object_component id="oc-40f">
         <name>.const:.string:g_pui8ManufacturerString</name>
         <load_address>0x11894</load_address>
         <run_address>0x11894</run_address>
         <size>0x24</size>
         <input_file_ref idref="fl-4e"/>
      </object_component>
      <object_component id="oc-25b">
         <name>.const:g_sRxBuffer</name>
         <load_address>0x118b8</load_address>
         <run_address>0x118b8</run_address>
         <size>0x24</size>
         <input_file_ref idref="fl-4e"/>
      </object_component>
      <object_component id="oc-261">
         <name>.const:g_sTxBuffer</name>
         <load_address>0x118dc</load_address>
         <run_address>0x118dc</run_address>
         <size>0x24</size>
         <input_file_ref idref="fl-4e"/>
      </object_component>
      <object_component id="oc-3fd">
         <name>.const:.string:g_pui8CDCSerCommInterface</name>
         <load_address>0x11900</load_address>
         <run_address>0x11900</run_address>
         <size>0x23</size>
         <input_file_ref idref="fl-37"/>
      </object_component>
      <object_component id="oc-411">
         <name>.const:.string:g_pui8ProductString</name>
         <load_address>0x11923</load_address>
         <run_address>0x11923</run_address>
         <size>0x22</size>
         <input_file_ref idref="fl-4e"/>
      </object_component>
      <object_component id="oc-37f">
         <name>.const</name>
         <load_address>0x11948</load_address>
         <run_address>0x11948</run_address>
         <size>0x1c</size>
         <input_file_ref idref="fl-4a"/>
      </object_component>
      <object_component id="oc-37b">
         <name>.const</name>
         <load_address>0x11964</load_address>
         <run_address>0x11964</run_address>
         <size>0x18</size>
         <input_file_ref idref="fl-4e"/>
      </object_component>
      <object_component id="oc-3ff">
         <name>.const:.string</name>
         <load_address>0x1197c</load_address>
         <run_address>0x1197c</run_address>
         <size>0x17</size>
         <input_file_ref idref="fl-37"/>
      </object_component>
      <object_component id="oc-40d">
         <name>.const:.string</name>
         <load_address>0x11993</load_address>
         <run_address>0x11993</run_address>
         <size>0x16</size>
         <input_file_ref idref="fl-4e"/>
      </object_component>
      <object_component id="oc-f5">
         <name>.const:.string</name>
         <load_address>0x119a9</load_address>
         <run_address>0x119a9</run_address>
         <size>0x14</size>
         <input_file_ref idref="fl-6"/>
      </object_component>
      <object_component id="oc-132">
         <name>.const:.string</name>
         <load_address>0x119c0</load_address>
         <run_address>0x119c0</run_address>
         <size>0x12</size>
         <input_file_ref idref="fl-4b"/>
      </object_component>
      <object_component id="oc-419">
         <name>.const:.string</name>
         <load_address>0x119d4</load_address>
         <run_address>0x119d4</run_address>
         <size>0x12</size>
         <input_file_ref idref="fl-4a"/>
      </object_component>
      <object_component id="oc-236">
         <name>.const</name>
         <load_address>0x119e8</load_address>
         <run_address>0x119e8</run_address>
         <size>0x8</size>
         <input_file_ref idref="fl-12"/>
      </object_component>
      <object_component id="oc-49f">
         <name>.cinit..data.load</name>
         <load_address>0x119f0</load_address>
         <run_address>0x119f0</run_address>
         <size>0x138</size>
      </object_component>
      <object_component id="oc-49c">
         <name>__TI_handler_table</name>
         <load_address>0x11b28</load_address>
         <run_address>0x11b28</run_address>
         <size>0xc</size>
      </object_component>
      <object_component id="oc-4a0">
         <name>.cinit..bss.load</name>
         <load_address>0x11b38</load_address>
         <run_address>0x11b38</run_address>
         <size>0x8</size>
      </object_component>
      <object_component id="oc-49e">
         <name>.cinit..vtable.load</name>
         <load_address>0x11b40</load_address>
         <run_address>0x11b40</run_address>
         <size>0x8</size>
      </object_component>
      <object_component id="oc-49d">
         <name>__TI_cinit_table</name>
         <load_address>0x11b48</load_address>
         <run_address>0x11b48</run_address>
         <size>0x18</size>
      </object_component>
      <object_component id="oc-2e8">
         <name>.vtable</name>
         <uninitialized>true</uninitialized>
         <run_address>0x20000000</run_address>
         <size>0x26c</size>
         <input_file_ref idref="fl-1a"/>
      </object_component>
      <object_component id="oc-4d">
         <name>.data</name>
         <load_address>0x20006ab4</load_address>
         <run_address>0x20006ab4</run_address>
         <size>0x4</size>
         <input_file_ref idref="fl-18b"/>
      </object_component>
      <object_component id="oc-6f">
         <name>.data</name>
         <load_address>0x200069d8</load_address>
         <run_address>0x200069d8</run_address>
         <size>0x30</size>
         <input_file_ref idref="fl-6"/>
      </object_component>
      <object_component id="oc-77">
         <name>.data</name>
         <load_address>0x20006aac</load_address>
         <run_address>0x20006aac</run_address>
         <size>0x4</size>
         <input_file_ref idref="fl-3"/>
      </object_component>
      <object_component id="oc-8a">
         <name>.data</name>
         <load_address>0x20006a34</load_address>
         <run_address>0x20006a34</run_address>
         <size>0x1d</size>
         <input_file_ref idref="fl-4b"/>
      </object_component>
      <object_component id="oc-bf">
         <name>.data</name>
         <load_address>0x20006a94</load_address>
         <run_address>0x20006a94</run_address>
         <size>0x8</size>
         <input_file_ref idref="fl-190"/>
      </object_component>
      <object_component id="oc-c1">
         <name>.data</name>
         <load_address>0x20006a9c</load_address>
         <run_address>0x20006a9c</run_address>
         <size>0x8</size>
         <input_file_ref idref="fl-185"/>
      </object_component>
      <object_component id="oc-15b">
         <name>.data</name>
         <load_address>0x20006a80</load_address>
         <run_address>0x20006a80</run_address>
         <size>0x9</size>
         <input_file_ref idref="fl-45"/>
      </object_component>
      <object_component id="oc-15d">
         <name>.data</name>
         <load_address>0x20006aa4</load_address>
         <run_address>0x20006aa4</run_address>
         <size>0x8</size>
         <input_file_ref idref="fl-32"/>
      </object_component>
      <object_component id="oc-172">
         <name>.data</name>
         <load_address>0x20006a74</load_address>
         <run_address>0x20006a74</run_address>
         <size>0xc</size>
         <input_file_ref idref="fl-43"/>
      </object_component>
      <object_component id="oc-195">
         <name>.data</name>
         <load_address>0x20006a64</load_address>
         <run_address>0x20006a64</run_address>
         <size>0xd</size>
         <input_file_ref idref="fl-52"/>
      </object_component>
      <object_component id="oc-1ca">
         <name>.data</name>
         <load_address>0x20006a8c</load_address>
         <run_address>0x20006a8c</run_address>
         <size>0x8</size>
         <input_file_ref idref="fl-4"/>
      </object_component>
      <object_component id="oc-224">
         <name>.data</name>
         <load_address>0x200069a8</load_address>
         <run_address>0x200069a8</run_address>
         <size>0x30</size>
         <input_file_ref idref="fl-4c"/>
      </object_component>
      <object_component id="oc-242">
         <name>.data</name>
         <load_address>0x20006ab0</load_address>
         <run_address>0x20006ab0</run_address>
         <size>0x4</size>
         <input_file_ref idref="fl-2b"/>
      </object_component>
      <object_component id="oc-25f">
         <name>.data</name>
         <load_address>0x20006a54</load_address>
         <run_address>0x20006a54</run_address>
         <size>0x10</size>
         <input_file_ref idref="fl-4f"/>
      </object_component>
      <object_component id="oc-264">
         <name>.data:g_sCDCDevice</name>
         <load_address>0x200068b4</load_address>
         <run_address>0x200068b4</run_address>
         <size>0x60</size>
         <input_file_ref idref="fl-4e"/>
      </object_component>
      <object_component id="oc-280">
         <name>.data:g_psCmdTable</name>
         <load_address>0x20006914</load_address>
         <run_address>0x20006914</run_address>
         <size>0x54</size>
         <input_file_ref idref="fl-54"/>
      </object_component>
      <object_component id="oc-352">
         <name>.data</name>
         <load_address>0x20006968</load_address>
         <run_address>0x20006968</run_address>
         <size>0x40</size>
         <input_file_ref idref="fl-37"/>
      </object_component>
      <object_component id="oc-383">
         <name>.data</name>
         <load_address>0x20006ab8</load_address>
         <run_address>0x20006ab8</run_address>
         <size>0x4</size>
         <input_file_ref idref="fl-4a"/>
      </object_component>
      <object_component id="oc-3e4">
         <name>.data</name>
         <load_address>0x20006a08</load_address>
         <run_address>0x20006a08</run_address>
         <size>0x2c</size>
         <input_file_ref idref="fl-3b"/>
      </object_component>
      <object_component id="oc-90">
         <name>.bss:g_pcUARTTxBuffer</name>
         <uninitialized>true</uninitialized>
         <run_address>0x200058bc</run_address>
         <size>0x400</size>
         <input_file_ref idref="fl-4b"/>
      </object_component>
      <object_component id="oc-93">
         <name>.bss:g_pcUARTRxBuffer</name>
         <uninitialized>true</uninitialized>
         <run_address>0x200063a8</run_address>
         <size>0x80</size>
         <input_file_ref idref="fl-4b"/>
      </object_component>
      <object_component id="oc-9b">
         <name>.bss:g_pcUARTRxHistoryBuffer</name>
         <uninitialized>true</uninitialized>
         <run_address>0x20005cbc</run_address>
         <size>0x200</size>
         <input_file_ref idref="fl-4b"/>
      </object_component>
      <object_component id="oc-e6">
         <name>.bss:pxReadyTasksLists</name>
         <uninitialized>true</uninitialized>
         <run_address>0x20005ebc</run_address>
         <size>0x140</size>
         <input_file_ref idref="fl-6"/>
      </object_component>
      <object_component id="oc-122">
         <name>.bss:xQueueRegistry</name>
         <uninitialized>true</uninitialized>
         <run_address>0x20006478</run_address>
         <size>0x50</size>
         <input_file_ref idref="fl-7"/>
      </object_component>
      <object_component id="oc-157">
         <name>.bss:g_psDCDInst</name>
         <uninitialized>true</uninitialized>
         <run_address>0x20006428</run_address>
         <size>0x50</size>
         <input_file_ref idref="fl-32"/>
      </object_component>
      <object_component id="oc-161">
         <name>.bss:g_pui8DataBufferIn</name>
         <uninitialized>true</uninitialized>
         <run_address>0x200064c8</run_address>
         <size>0x40</size>
         <input_file_ref idref="fl-32"/>
      </object_component>
      <object_component id="oc-1d1">
         <name>.bss:ucHeap</name>
         <uninitialized>true</uninitialized>
         <run_address>0x2000026c</run_address>
         <size>0x5000</size>
         <input_file_ref idref="fl-4"/>
      </object_component>
      <object_component id="oc-1f2">
         <name>.bss:g_psUSBDMAInst</name>
         <uninitialized>true</uninitialized>
         <run_address>0x20005ffc</run_address>
         <size>0x110</size>
         <input_file_ref idref="fl-47"/>
      </object_component>
      <object_component id="oc-35d">
         <name>.bss:g_pui8USBRxBuffer</name>
         <uninitialized>true</uninitialized>
         <run_address>0x2000610c</run_address>
         <size>0x100</size>
         <input_file_ref idref="fl-4e"/>
      </object_component>
      <object_component id="oc-376">
         <name>.bss:g_pui8USBTxBuffer</name>
         <uninitialized>true</uninitialized>
         <run_address>0x2000620c</run_address>
         <size>0x100</size>
         <input_file_ref idref="fl-4e"/>
      </object_component>
      <object_component id="oc-393">
         <name>.bss:g_ppcArgv</name>
         <uninitialized>true</uninitialized>
         <run_address>0x20006508</run_address>
         <size>0x24</size>
         <input_file_ref idref="fl-4d"/>
      </object_component>
      <object_component id="oc-3e1">
         <name>.bss:g_sUSBHCD</name>
         <uninitialized>true</uninitialized>
         <run_address>0x2000526c</run_address>
         <size>0x650</size>
         <input_file_ref idref="fl-3b"/>
      </object_component>
      <object_component id="oc-443">
         <name>.bss:g_sRootHub</name>
         <uninitialized>true</uninitialized>
         <run_address>0x2000630c</run_address>
         <size>0x9c</size>
         <input_file_ref idref="fl-3d"/>
      </object_component>
      <object_component id="oc-1d3">
         <name>.common:xStart</name>
         <uninitialized>true</uninitialized>
         <run_address>0x2000665c</run_address>
         <size>0x8</size>
      </object_component>
      <object_component id="oc-1d4">
         <name>.common:xEnd</name>
         <uninitialized>true</uninitialized>
         <run_address>0x20006654</run_address>
         <size>0x8</size>
      </object_component>
      <object_component id="oc-101">
         <name>.common:xDelayedTaskList1</name>
         <uninitialized>true</uninitialized>
         <run_address>0x200065dc</run_address>
         <size>0x14</size>
      </object_component>
      <object_component id="oc-102">
         <name>.common:xDelayedTaskList2</name>
         <uninitialized>true</uninitialized>
         <run_address>0x200065f0</run_address>
         <size>0x14</size>
      </object_component>
      <object_component id="oc-112">
         <name>.common:pxDelayedTaskList</name>
         <uninitialized>true</uninitialized>
         <run_address>0x2000669c</run_address>
         <size>0x4</size>
      </object_component>
      <object_component id="oc-105">
         <name>.common:pxOverflowDelayedTaskList</name>
         <uninitialized>true</uninitialized>
         <run_address>0x200066a0</run_address>
         <size>0x4</size>
      </object_component>
      <object_component id="oc-f7">
         <name>.common:xPendingReadyList</name>
         <uninitialized>true</uninitialized>
         <run_address>0x20006604</run_address>
         <size>0x14</size>
      </object_component>
      <object_component id="oc-107">
         <name>.common:xTasksWaitingTermination</name>
         <uninitialized>true</uninitialized>
         <run_address>0x2000662c</run_address>
         <size>0x14</size>
      </object_component>
      <object_component id="oc-104">
         <name>.common:xSuspendedTaskList</name>
         <uninitialized>true</uninitialized>
         <run_address>0x20006618</run_address>
         <size>0x14</size>
      </object_component>
      <object_component id="oc-240">
         <name>.common:g_ui32Colors</name>
         <uninitialized>true</uninitialized>
         <run_address>0x20006640</run_address>
         <size>0xc</size>
      </object_component>
      <object_component id="oc-23f">
         <name>.common:ulFlags$1</name>
         <uninitialized>true</uninitialized>
         <run_address>0x200066a4</run_address>
         <size>0x4</size>
      </object_component>
      <object_component id="oc-15f">
         <name>.common:g_ui32ULPISupport</name>
         <uninitialized>true</uninitialized>
         <run_address>0x20006688</run_address>
         <size>0x4</size>
      </object_component>
      <object_component id="oc-171">
         <name>.common:g_ppsDevInfo</name>
         <uninitialized>true</uninitialized>
         <run_address>0x20006668</run_address>
         <size>0x4</size>
      </object_component>
      <object_component id="oc-3f2">
         <name>.common:g_ui32ULPISupport</name>
         <uninitialized>true</uninitialized>
         <run_address>0x2000668c</run_address>
         <size>0x4</size>
      </object_component>
      <object_component id="oc-3f1">
         <name>.common:g_pi32USBHActiveDriver</name>
         <uninitialized>true</uninitialized>
         <run_address>0x20006564</run_address>
         <size>0x18</size>
      </object_component>
      <object_component id="oc-3ef">
         <name>.common:g_ppvDriverInstance</name>
         <uninitialized>true</uninitialized>
         <run_address>0x2000657c</run_address>
         <size>0x18</size>
      </object_component>
      <object_component id="oc-3ec">
         <name>.common:g_pui32Alloc</name>
         <uninitialized>true</uninitialized>
         <run_address>0x2000664c</run_address>
         <size>0x8</size>
      </object_component>
      <object_component id="oc-448">
         <name>.common:g_ui32ChangeFlags</name>
         <uninitialized>true</uninitialized>
         <run_address>0x20006678</run_address>
         <size>0x4</size>
      </object_component>
      <object_component id="oc-449">
         <name>.common:g_ui32HubChanges</name>
         <uninitialized>true</uninitialized>
         <run_address>0x2000667c</run_address>
         <size>0x4</size>
      </object_component>
      <object_component id="oc-1f6">
         <name>.common:g_pfnTickHandlers</name>
         <uninitialized>true</uninitialized>
         <run_address>0x2000654c</run_address>
         <size>0x18</size>
      </object_component>
      <object_component id="oc-1f8">
         <name>.common:g_pvTickInstance</name>
         <uninitialized>true</uninitialized>
         <run_address>0x200065c4</run_address>
         <size>0x18</size>
      </object_component>
      <object_component id="oc-34c">
         <name>.common:g_pfnUSBModeCallback</name>
         <uninitialized>true</uninitialized>
         <run_address>0x20006664</run_address>
         <size>0x4</size>
      </object_component>
      <object_component id="oc-34e">
         <name>.common:g_ui32PollRate</name>
         <uninitialized>true</uninitialized>
         <run_address>0x20006680</run_address>
         <size>0x4</size>
      </object_component>
      <object_component id="oc-34d">
         <name>.common:g_eOTGModeState</name>
         <uninitialized>true</uninitialized>
         <run_address>0x200066b1</run_address>
         <size>0x1</size>
      </object_component>
      <object_component id="oc-9e">
         <name>.common:g_bDisableEcho</name>
         <uninitialized>true</uninitialized>
         <run_address>0x200066b0</run_address>
         <size>0x1</size>
      </object_component>
      <object_component id="oc-9a">
         <name>.common:g_usUARTRxHistoryOffset</name>
         <uninitialized>true</uninitialized>
         <run_address>0x2000652c</run_address>
         <size>0x20</size>
      </object_component>
      <object_component id="oc-8e">
         <name>.common:g_ui32PortNum</name>
         <uninitialized>true</uninitialized>
         <run_address>0x20006684</run_address>
         <size>0x4</size>
      </object_component>
      <object_component id="oc-282">
         <name>.common:g_xRxLineSemaphore</name>
         <uninitialized>true</uninitialized>
         <run_address>0x20006698</run_address>
         <size>0x4</size>
      </object_component>
      <object_component id="oc-226">
         <name>.common:g_ui32CPUUsageTimer</name>
         <uninitialized>true</uninitialized>
         <run_address>0x20006674</run_address>
         <size>0x4</size>
      </object_component>
      <object_component id="oc-229">
         <name>.common:g_ui32CPUUsageTicks</name>
         <uninitialized>true</uninitialized>
         <run_address>0x20006670</run_address>
         <size>0x4</size>
      </object_component>
      <object_component id="oc-228">
         <name>.common:g_ui32CPUUsagePrevious</name>
         <uninitialized>true</uninitialized>
         <run_address>0x2000666c</run_address>
         <size>0x4</size>
      </object_component>
      <object_component id="oc-35f">
         <name>.common:g_pui8RxBufferWorkspace</name>
         <uninitialized>true</uninitialized>
         <run_address>0x20006594</run_address>
         <size>0x18</size>
      </object_component>
      <object_component id="oc-378">
         <name>.common:g_pui8TxBufferWorkspace</name>
         <uninitialized>true</uninitialized>
         <run_address>0x200065ac</run_address>
         <size>0x18</size>
      </object_component>
      <object_component id="oc-25d">
         <name>.common:xRxedChars</name>
         <uninitialized>true</uninitialized>
         <run_address>0x200066ac</run_address>
         <size>0x4</size>
      </object_component>
      <object_component id="oc-263">
         <name>.common:xCharsForTx</name>
         <uninitialized>true</uninitialized>
         <run_address>0x200066a8</run_address>
         <size>0x4</size>
      </object_component>
      <object_component id="oc-27a">
         <name>.common:g_ulCPUUsage</name>
         <uninitialized>true</uninitialized>
         <run_address>0x20006690</run_address>
         <size>0x4</size>
      </object_component>
      <object_component id="oc-199">
         <name>.common:g_ulSystemClock</name>
         <uninitialized>true</uninitialized>
         <run_address>0x20006694</run_address>
         <size>0x4</size>
      </object_component>
      <object_component id="oc-23">
         <name>.stack</name>
         <uninitialized>true</uninitialized>
         <run_address>0x200066b4</run_address>
         <size>0x0</size>
         <input_file_ref idref="fl-181"/>
      </object_component>
      <object_component id="oc-4a1">
         <name>.stack</name>
         <uninitialized>true</uninitialized>
         <run_address>0x200066b4</run_address>
         <size>0x0</size>
      </object_component>
      <object_component id="oc-f">
         <name>.debug_info</name>
         <load_address>0x0</load_address>
         <run_address>0x0</run_address>
         <size>0xee</size>
         <input_file_ref idref="fl-50"/>
      </object_component>
      <object_component id="oc-13">
         <name>.debug_info</name>
         <load_address>0xee</load_address>
         <run_address>0xee</run_address>
         <size>0xf3</size>
         <input_file_ref idref="fl-181"/>
      </object_component>
      <object_component id="oc-16">
         <name>.debug_info</name>
         <load_address>0x1e1</load_address>
         <run_address>0x1e1</run_address>
         <size>0x194</size>
         <input_file_ref idref="fl-182"/>
      </object_component>
      <object_component id="oc-1d">
         <name>.debug_info</name>
         <load_address>0x375</load_address>
         <run_address>0x375</run_address>
         <size>0x16a</size>
         <input_file_ref idref="fl-184"/>
      </object_component>
      <object_component id="oc-20">
         <name>.debug_info</name>
         <load_address>0x4df</load_address>
         <run_address>0x4df</run_address>
         <size>0x18e</size>
         <input_file_ref idref="fl-183"/>
      </object_component>
      <object_component id="oc-25">
         <name>.debug_info</name>
         <load_address>0x66d</load_address>
         <run_address>0x66d</run_address>
         <size>0x26a</size>
         <input_file_ref idref="fl-50"/>
      </object_component>
      <object_component id="oc-2a">
         <name>.debug_info</name>
         <load_address>0x8d7</load_address>
         <run_address>0x8d7</run_address>
         <size>0x179</size>
         <input_file_ref idref="fl-2"/>
      </object_component>
      <object_component id="oc-2e">
         <name>.debug_info</name>
         <load_address>0xa50</load_address>
         <run_address>0xa50</run_address>
         <size>0x864</size>
         <input_file_ref idref="fl-3"/>
      </object_component>
      <object_component id="oc-33">
         <name>.debug_info</name>
         <load_address>0x12b4</load_address>
         <run_address>0x12b4</run_address>
         <size>0x13ba</size>
         <input_file_ref idref="fl-4b"/>
      </object_component>
      <object_component id="oc-38">
         <name>.debug_info</name>
         <load_address>0x266e</load_address>
         <run_address>0x266e</run_address>
         <size>0x19a</size>
         <input_file_ref idref="fl-31"/>
      </object_component>
      <object_component id="oc-3e">
         <name>.debug_info</name>
         <load_address>0x2808</load_address>
         <run_address>0x2808</run_address>
         <size>0x1e7</size>
         <input_file_ref idref="fl-50"/>
      </object_component>
      <object_component id="oc-41">
         <name>.debug_info</name>
         <load_address>0x29ef</load_address>
         <run_address>0x29ef</run_address>
         <size>0x13d</size>
         <input_file_ref idref="fl-194"/>
      </object_component>
      <object_component id="oc-44">
         <name>.debug_info</name>
         <load_address>0x2b2c</load_address>
         <run_address>0x2b2c</run_address>
         <size>0x11c</size>
         <input_file_ref idref="fl-192"/>
      </object_component>
      <object_component id="oc-4b">
         <name>.debug_info</name>
         <load_address>0x2c48</load_address>
         <run_address>0x2c48</run_address>
         <size>0x1c2</size>
         <input_file_ref idref="fl-185"/>
      </object_component>
      <object_component id="oc-4e">
         <name>.debug_info</name>
         <load_address>0x2e0a</load_address>
         <run_address>0x2e0a</run_address>
         <size>0xbe</size>
         <input_file_ref idref="fl-18b"/>
      </object_component>
      <object_component id="oc-51">
         <name>.debug_info</name>
         <load_address>0x2ec8</load_address>
         <run_address>0x2ec8</run_address>
         <size>0xcc</size>
         <input_file_ref idref="fl-188"/>
      </object_component>
      <object_component id="oc-55">
         <name>.debug_info</name>
         <load_address>0x2f94</load_address>
         <run_address>0x2f94</run_address>
         <size>0x46</size>
         <input_file_ref idref="fl-182"/>
      </object_component>
      <object_component id="oc-5a">
         <name>.debug_info</name>
         <load_address>0x2fda</load_address>
         <run_address>0x2fda</run_address>
         <size>0xf2</size>
         <input_file_ref idref="fl-182"/>
      </object_component>
      <object_component id="oc-5c">
         <name>.debug_info</name>
         <load_address>0x30cc</load_address>
         <run_address>0x30cc</run_address>
         <size>0x46</size>
         <input_file_ref idref="fl-184"/>
      </object_component>
      <object_component id="oc-61">
         <name>.debug_info</name>
         <load_address>0x3112</load_address>
         <run_address>0x3112</run_address>
         <size>0xad</size>
         <input_file_ref idref="fl-184"/>
      </object_component>
      <object_component id="oc-65">
         <name>.debug_info</name>
         <load_address>0x31bf</load_address>
         <run_address>0x31bf</run_address>
         <size>0x1ef</size>
         <input_file_ref idref="fl-183"/>
      </object_component>
      <object_component id="oc-68">
         <name>.debug_info</name>
         <load_address>0x33ae</load_address>
         <run_address>0x33ae</run_address>
         <size>0xb7</size>
         <input_file_ref idref="fl-183"/>
      </object_component>
      <object_component id="oc-69">
         <name>.debug_info</name>
         <load_address>0x3465</load_address>
         <run_address>0x3465</run_address>
         <size>0x39</size>
         <input_file_ref idref="fl-183"/>
      </object_component>
      <object_component id="oc-70">
         <name>.debug_info</name>
         <load_address>0x349e</load_address>
         <run_address>0x349e</run_address>
         <size>0x2f7</size>
         <input_file_ref idref="fl-6"/>
      </object_component>
      <object_component id="oc-72">
         <name>.debug_info</name>
         <load_address>0x3795</load_address>
         <run_address>0x3795</run_address>
         <size>0x3a76</size>
         <input_file_ref idref="fl-6"/>
      </object_component>
      <object_component id="oc-78">
         <name>.debug_info</name>
         <load_address>0x720b</load_address>
         <run_address>0x720b</run_address>
         <size>0x109</size>
         <input_file_ref idref="fl-3"/>
      </object_component>
      <object_component id="oc-7a">
         <name>.debug_info</name>
         <load_address>0x7314</load_address>
         <run_address>0x7314</run_address>
         <size>0x23c</size>
         <input_file_ref idref="fl-3"/>
      </object_component>
      <object_component id="oc-7b">
         <name>.debug_info</name>
         <load_address>0x7550</load_address>
         <run_address>0x7550</run_address>
         <size>0x2c</size>
         <input_file_ref idref="fl-3"/>
      </object_component>
      <object_component id="oc-80">
         <name>.debug_info</name>
         <load_address>0x757c</load_address>
         <run_address>0x757c</run_address>
         <size>0x84</size>
         <input_file_ref idref="fl-3"/>
      </object_component>
      <object_component id="oc-86">
         <name>.debug_info</name>
         <load_address>0x7600</load_address>
         <run_address>0x7600</run_address>
         <size>0x2600</size>
         <input_file_ref idref="fl-7"/>
      </object_component>
      <object_component id="oc-8b">
         <name>.debug_info</name>
         <load_address>0x9c00</load_address>
         <run_address>0x9c00</run_address>
         <size>0x2d8</size>
         <input_file_ref idref="fl-4b"/>
      </object_component>
      <object_component id="oc-8d">
         <name>.debug_info</name>
         <load_address>0x9ed8</load_address>
         <run_address>0x9ed8</run_address>
         <size>0x160</size>
         <input_file_ref idref="fl-4b"/>
      </object_component>
      <object_component id="oc-8f">
         <name>.debug_info</name>
         <load_address>0xa038</load_address>
         <run_address>0xa038</run_address>
         <size>0x38a</size>
         <input_file_ref idref="fl-4b"/>
      </object_component>
      <object_component id="oc-91">
         <name>.debug_info</name>
         <load_address>0xa3c2</load_address>
         <run_address>0xa3c2</run_address>
         <size>0xec</size>
         <input_file_ref idref="fl-4b"/>
      </object_component>
      <object_component id="oc-94">
         <name>.debug_info</name>
         <load_address>0xa4ae</load_address>
         <run_address>0xa4ae</run_address>
         <size>0xec</size>
         <input_file_ref idref="fl-4b"/>
      </object_component>
      <object_component id="oc-98">
         <name>.debug_info</name>
         <load_address>0xa59a</load_address>
         <run_address>0xa59a</run_address>
         <size>0x137</size>
         <input_file_ref idref="fl-18f"/>
      </object_component>
      <object_component id="oc-9c">
         <name>.debug_info</name>
         <load_address>0xa6d1</load_address>
         <run_address>0xa6d1</run_address>
         <size>0xfa</size>
         <input_file_ref idref="fl-4b"/>
      </object_component>
      <object_component id="oc-a0">
         <name>.debug_info</name>
         <load_address>0xa7cb</load_address>
         <run_address>0xa7cb</run_address>
         <size>0x18b</size>
         <input_file_ref idref="fl-3"/>
      </object_component>
      <object_component id="oc-a5">
         <name>.debug_info</name>
         <load_address>0xa956</load_address>
         <run_address>0xa956</run_address>
         <size>0x4e</size>
         <input_file_ref idref="fl-6"/>
      </object_component>
      <object_component id="oc-ab">
         <name>.debug_info</name>
         <load_address>0xa9a4</load_address>
         <run_address>0xa9a4</run_address>
         <size>0x2ac2</size>
         <input_file_ref idref="fl-32"/>
      </object_component>
      <object_component id="oc-b3">
         <name>.debug_info</name>
         <load_address>0xd466</load_address>
         <run_address>0xd466</run_address>
         <size>0x14b</size>
         <input_file_ref idref="fl-195"/>
      </object_component>
      <object_component id="oc-b9">
         <name>.debug_info</name>
         <load_address>0xd5b1</load_address>
         <run_address>0xd5b1</run_address>
         <size>0x66a</size>
         <input_file_ref idref="fl-52"/>
      </object_component>
      <object_component id="oc-be">
         <name>.debug_info</name>
         <load_address>0xdc1b</load_address>
         <run_address>0xdc1b</run_address>
         <size>0x11b</size>
         <input_file_ref idref="fl-192"/>
      </object_component>
      <object_component id="oc-c0">
         <name>.debug_info</name>
         <load_address>0xdd36</load_address>
         <run_address>0xdd36</run_address>
         <size>0xc8</size>
         <input_file_ref idref="fl-190"/>
      </object_component>
      <object_component id="oc-c2">
         <name>.debug_info</name>
         <load_address>0xddfe</load_address>
         <run_address>0xddfe</run_address>
         <size>0xeb</size>
         <input_file_ref idref="fl-185"/>
      </object_component>
      <object_component id="oc-c4">
         <name>.debug_info</name>
         <load_address>0xdee9</load_address>
         <run_address>0xdee9</run_address>
         <size>0x146</size>
         <input_file_ref idref="fl-185"/>
      </object_component>
      <object_component id="oc-c8">
         <name>.debug_info</name>
         <load_address>0xe02f</load_address>
         <run_address>0xe02f</run_address>
         <size>0x2c</size>
         <input_file_ref idref="fl-182"/>
      </object_component>
      <object_component id="oc-cf">
         <name>.debug_info</name>
         <load_address>0xe05b</load_address>
         <run_address>0xe05b</run_address>
         <size>0x2c</size>
         <input_file_ref idref="fl-4d"/>
      </object_component>
      <object_component id="oc-db">
         <name>.debug_info</name>
         <load_address>0xe087</load_address>
[...]
         <value>0xbef1</value>
         <object_component_ref idref="oc-270"/>
      </symbol>
      <symbol id="sm-112e">
         <name>umktime</name>
         <value>0xba0f</value>
         <object_component_ref idref="oc-270"/>
      </symbol>
      <symbol id="sm-112f">
         <name>usrand</name>
         <value>0xbf79</value>
         <object_component_ref idref="oc-270"/>
      </symbol>
      <symbol id="sm-1130">
         <name>ustrncmp</name>
         <value>0xbf05</value>
         <object_component_ref idref="oc-270"/>
      </symbol>
      <symbol id="sm-1131">
         <name>urand</name>
         <value>0xbf89</value>
         <object_component_ref idref="oc-270"/>
      </symbol>
      <symbol id="sm-1257">
         <name>g_xRxLineSemaphore</name>
         <value>0x20006698</value>
      </symbol>
      <symbol id="sm-1258">
         <name>UARTTxBytesFree</name>
         <value>0xacc5</value>
         <object_component_ref idref="oc-32"/>
      </symbol>
      <symbol id="sm-1259">
         <name>UARTFlushRx</name>
         <value>0xad33</value>
         <object_component_ref idref="oc-32"/>
      </symbol>
      <symbol id="sm-125a">
         <name>UARTgetc</name>
         <value>0xa92f</value>
         <object_component_ref idref="oc-32"/>
      </symbol>
      <symbol id="sm-125b">
         <name>UARTgets</name>
         <value>0xa8b3</value>
         <object_component_ref idref="oc-32"/>
      </symbol>
      <symbol id="sm-125c">
         <name>UARTFlushTx</name>
         <value>0xad5b</value>
         <object_component_ref idref="oc-32"/>
      </symbol>
      <symbol id="sm-125d">
         <name>UARTStdioConfig</name>
         <value>0xa71f</value>
         <object_component_ref idref="oc-32"/>
      </symbol>
      <symbol id="sm-125e">
         <name>UARTStdioIntHandler</name>
         <value>0xadd1</value>
         <object_component_ref idref="oc-32"/>
      </symbol>
      <symbol id="sm-125f">
         <name>UARTRxBytesAvail</name>
         <value>0xacb7</value>
         <object_component_ref idref="oc-32"/>
      </symbol>
      <symbol id="sm-1260">
         <name>UARTwrite</name>
         <value>0xa80d</value>
         <object_component_ref idref="oc-32"/>
      </symbol>
      <symbol id="sm-1261">
         <name>UARTPeek</name>
         <value>0xacd9</value>
         <object_component_ref idref="oc-32"/>
      </symbol>
      <symbol id="sm-1262">
         <name>UARTEchoSet</name>
         <value>0xad99</value>
         <object_component_ref idref="oc-32"/>
      </symbol>
      <symbol id="sm-1263">
         <name>UARTprintf</name>
         <value>0xac93</value>
         <object_component_ref idref="oc-32"/>
      </symbol>
      <symbol id="sm-1264">
         <name>UARTvprintf</name>
         <value>0xa999</value>
         <object_component_ref idref="oc-32"/>
      </symbol>
      <symbol id="sm-1284">
         <name>CPUUsageInit</name>
         <value>0x104af</value>
         <object_component_ref idref="oc-17c"/>
      </symbol>
      <symbol id="sm-1285">
         <name>CPUUsageTick</name>
         <value>0x10471</value>
         <object_component_ref idref="oc-17c"/>
      </symbol>
      <symbol id="sm-12ad">
         <name>CmdLineProcess</name>
         <value>0x10715</value>
         <object_component_ref idref="oc-27b"/>
      </symbol>
      <symbol id="sm-12ed">
         <name>g_pui8RxBufferWorkspace</name>
         <value>0x20006594</value>
      </symbol>
      <symbol id="sm-12ee">
         <name>g_pui8TxBufferWorkspace</name>
         <value>0x200065ac</value>
      </symbol>
      <symbol id="sm-12ef">
         <name>g_sTxBuffer</name>
         <value>0x118dc</value>
         <object_component_ref idref="oc-261"/>
      </symbol>
      <symbol id="sm-12f0">
         <name>g_pui8ProductString</name>
         <value>0x11923</value>
         <object_component_ref idref="oc-411"/>
      </symbol>
      <symbol id="sm-12f1">
         <name>g_pui8USBTxBuffer</name>
         <value>0x2000620c</value>
         <object_component_ref idref="oc-376"/>
      </symbol>
      <symbol id="sm-12f2">
         <name>g_sCDCDevice</name>
         <value>0x200068b4</value>
         <object_component_ref idref="oc-264"/>
      </symbol>
      <symbol id="sm-12f3">
         <name>g_pui8SerialNumberString</name>
         <value>0x11997</value>
         <object_component_ref idref="oc-40d"/>
      </symbol>
      <symbol id="sm-12f4">
         <name>g_ppui8StringDescriptors</name>
         <value>0x11964</value>
         <object_component_ref idref="oc-37b"/>
      </symbol>
      <symbol id="sm-12f5">
         <name>g_pui8LangDescriptor</name>
         <value>0x11993</value>
         <object_component_ref idref="oc-40d"/>
      </symbol>
      <symbol id="sm-12f6">
         <name>g_pui8ManufacturerString</name>
         <value>0x11894</value>
         <object_component_ref idref="oc-40f"/>
      </symbol>
      <symbol id="sm-12f7">
         <name>g_sRxBuffer</name>
         <value>0x118b8</value>
         <object_component_ref idref="oc-25b"/>
      </symbol>
      <symbol id="sm-12f8">
         <name>g_pui8ConfigString</name>
         <value>0x11774</value>
         <object_component_ref idref="oc-415"/>
      </symbol>
      <symbol id="sm-12f9">
         <name>g_pui8USBRxBuffer</name>
         <value>0x2000610c</value>
         <object_component_ref idref="oc-35d"/>
      </symbol>
      <symbol id="sm-12fa">
         <name>g_pui8ControlInterfaceString</name>
         <value>0x11840</value>
         <object_component_ref idref="oc-413"/>
      </symbol>
      <symbol id="sm-1344">
         <name>USBTxHandler</name>
         <value>0xf6d9</value>
         <object_component_ref idref="oc-190"/>
      </symbol>
      <symbol id="sm-1345">
         <name>xUSBSerialPutChar</name>
         <value>0xf831</value>
         <object_component_ref idref="oc-190"/>
      </symbol>
      <symbol id="sm-1346">
         <name>USBRxHandler</name>
         <value>0xf739</value>
         <object_component_ref idref="oc-190"/>
      </symbol>
      <symbol id="sm-1347">
         <name>UsbSerialInit</name>
         <value>0xf78b</value>
         <object_component_ref idref="oc-190"/>
      </symbol>
      <symbol id="sm-1348">
         <name>xUSBSerialGetChar</name>
         <value>0xf81b</value>
         <object_component_ref idref="oc-190"/>
      </symbol>
      <symbol id="sm-1349">
         <name>g_ulUARTTxCount</name>
         <value>0x20006a54</value>
         <object_component_ref idref="oc-25f"/>
      </symbol>
      <symbol id="sm-134a">
         <name>USBControlHandler</name>
         <value>0xf651</value>
         <object_component_ref idref="oc-190"/>
      </symbol>
      <symbol id="sm-134b">
         <name>g_ulUARTRxCount</name>
         <value>0x20006a58</value>
         <object_component_ref idref="oc-25f"/>
      </symbol>
      <symbol id="sm-1365">
         <name>ResetISR</name>
         <value>0x1105f</value>
         <object_component_ref idref="oc-24"/>
      </symbol>
      <symbol id="sm-1366">
         <name>g_pfnVectors</name>
         <value>0x0</value>
         <object_component_ref idref="oc-e"/>
      </symbol>
      <symbol id="sm-1398">
         <name>receive_frame</name>
         <value>0xecf3</value>
         <object_component_ref idref="oc-18b"/>
      </symbol>
      <symbol id="sm-1399">
         <name>send_frame</name>
         <value>0xed4d</value>
         <object_component_ref idref="oc-18b"/>
      </symbol>
      <symbol id="sm-139a">
         <name>frame_stuffing</name>
         <value>0xea69</value>
         <object_component_ref idref="oc-18b"/>
      </symbol>
      <symbol id="sm-139b">
         <name>destuff_and_check_checksum</name>
         <value>0xec1b</value>
         <object_component_ref idref="oc-18b"/>
      </symbol>
      <symbol id="sm-139c">
         <name>add_checksum_and_stuff</name>
         <value>0xeba9</value>
         <object_component_ref idref="oc-18b"/>
      </symbol>
      <symbol id="sm-139d">
         <name>create_frame</name>
         <value>0xec6f</value>
         <object_component_ref idref="oc-18b"/>
      </symbol>
      <symbol id="sm-139e">
         <name>frame_DeStuffing</name>
         <value>0xeb09</value>
         <object_component_ref idref="oc-18b"/>
      </symbol>
      <symbol id="sm-13e0">
         <name>g_ulCPUUsage</name>
         <value>0x20006690</value>
      </symbol>
      <symbol id="sm-13e1">
         <name>g_ulSystemClock</name>
         <value>0x20006694</value>
      </symbol>
      <symbol id="sm-13e2">
         <name>vApplicationStackOverflowHook</name>
         <value>0xf34d</value>
         <object_component_ref idref="oc-b8"/>
      </symbol>
      <symbol id="sm-13e3">
         <name>vApplicationIdleHook</name>
         <value>0xf377</value>
         <object_component_ref idref="oc-b8"/>
      </symbol>
      <symbol id="sm-13e4">
         <name>main</name>
         <value>0xf493</value>
         <object_component_ref idref="oc-b8"/>
      </symbol>
      <symbol id="sm-13e5">
         <name>g_ulColors</name>
         <value>0x20006a64</value>
         <object_component_ref idref="oc-195"/>
      </symbol>
      <symbol id="sm-13e6">
         <name>vApplicationTickHook</name>
         <value>0xf357</value>
         <object_component_ref idref="oc-b8"/>
      </symbol>
      <symbol id="sm-13e7">
         <name>vApplicationMallocFailedHook</name>
         <value>0xf37f</value>
         <object_component_ref idref="oc-b8"/>
      </symbol>
      <symbol id="sm-13fd">
         <name>create_checksum</name>
         <value>0x10b0d</value>
         <object_component_ref idref="oc-245"/>
      </symbol>
      <symbol id="sm-1453">
         <name>Cmd_led</name>
         <value>0xe029</value>
         <object_component_ref idref="oc-19a"/>
      </symbol>
      <symbol id="sm-1454">
         <name>Cmd_free</name>
         <value>0xdf5f</value>
         <object_component_ref idref="oc-19a"/>
      </symbol>
      <symbol id="sm-1455">
         <name>Cmd_cpu</name>
         <value>0xdf35</value>
         <object_component_ref idref="oc-19a"/>
      </symbol>
      <symbol id="sm-1456">
         <name>Cmd_tasks</name>
         <value>0xdf75</value>
         <object_component_ref idref="oc-19a"/>
      </symbol>
      <symbol id="sm-1457">
         <name>Cmd_help</name>
         <value>0xdff1</value>
         <object_component_ref idref="oc-19a"/>
      </symbol>
      <symbol id="sm-1458">
         <name>g_psCmdTable</name>
         <value>0x20006914</value>
         <object_component_ref idref="oc-280"/>
      </symbol>
      <symbol id="sm-1459">
         <name>vUARTTask</name>
         <value>0xe089</value>
         <object_component_ref idref="oc-19a"/>
      </symbol>
      <symbol id="sm-1468">
         <name>_c_int00</name>
         <value>0x10d29</value>
         <object_component_ref idref="oc-10"/>
      </symbol>
      <symbol id="sm-1469">
         <name>__stack</name>
         <value>0x200066b4</value>
         <object_component_ref idref="oc-23"/>
      </symbol>
      <symbol id="sm-147f">
         <name>__TI_decompress_none</name>
         <value>0x11051</value>
         <object_component_ref idref="oc-14"/>
      </symbol>
      <symbol id="sm-14a1">
         <name>__TI_decompress_rle24</name>
         <value>0x11071</value>
         <object_component_ref idref="oc-1e"/>
      </symbol>
      <symbol id="sm-14b4">
         <name>__TI_zero_init</name>
         <value>0x1102d</value>
         <object_component_ref idref="oc-19"/>
      </symbol>
      <symbol id="sm-14d0">
         <name>C$$EXIT</name>
         <value>0x10dfd</value>
         <object_component_ref idref="oc-48"/>
      </symbol>
      <symbol id="sm-14d1">
         <name>abort</name>
         <value>0x10e01</value>
         <object_component_ref idref="oc-48"/>
      </symbol>
      <symbol id="sm-14d2">
         <name>exit</name>
         <value>0x10e09</value>
         <object_component_ref idref="oc-48"/>
      </symbol>
      <symbol id="sm-14d3">
         <name>__TI_dtors_ptr</name>
         <value>0x20006aa0</value>
         <object_component_ref idref="oc-c1"/>
      </symbol>
      <symbol id="sm-14d4">
         <name>__TI_cleanup_ptr</name>
         <value>0x20006a9c</value>
         <object_component_ref idref="oc-c1"/>
      </symbol>
      <symbol id="sm-14dd">
         <name>__aeabi_f2ulz</name>
         <value>0x10c8d</value>
         <object_component_ref idref="oc-23b"/>
      </symbol>
      <symbol id="sm-14ec">
         <name>memcmp</name>
         <value>0x10f7d</value>
         <object_component_ref idref="oc-ec"/>
      </symbol>
      <symbol id="sm-1506">
         <name>memcpy</name>
         <value>0x10867</value>
         <object_component_ref idref="oc-50"/>
      </symbol>
      <symbol id="sm-1507">
         <name>__aeabi_memcpy</name>
         <value>0x10867</value>
         <object_component_ref idref="oc-50"/>
      </symbol>
      <symbol id="sm-1508">
         <name>__aeabi_memcpy8</name>
         <value>0x10867</value>
         <object_component_ref idref="oc-50"/>
      </symbol>
      <symbol id="sm-1509">
         <name>__aeabi_memcpy4</name>
         <value>0x10867</value>
         <object_component_ref idref="oc-50"/>
      </symbol>
      <symbol id="sm-1517">
         <name>__aeabi_memset</name>
         <value>0x10a97</value>
         <object_component_ref idref="oc-fd"/>
      </symbol>
      <symbol id="sm-1518">
         <name>memset</name>
         <value>0x10a9d</value>
         <object_component_ref idref="oc-fd"/>
      </symbol>
      <symbol id="sm-1519">
         <name>__aeabi_memset8</name>
         <value>0x10a97</value>
         <object_component_ref idref="oc-fd"/>
      </symbol>
      <symbol id="sm-151a">
         <name>__aeabi_memset4</name>
         <value>0x10a97</value>
         <object_component_ref idref="oc-fd"/>
      </symbol>
      <symbol id="sm-151b">
         <name>__aeabi_memclr8</name>
         <value>0x10a95</value>
         <object_component_ref idref="oc-fd"/>
      </symbol>
      <symbol id="sm-151c">
         <name>__aeabi_memclr4</name>
         <value>0x10a95</value>
         <object_component_ref idref="oc-fd"/>
      </symbol>
      <symbol id="sm-151d">
         <name>__aeabi_memclr</name>
         <value>0x10a95</value>
         <object_component_ref idref="oc-fd"/>
      </symbol>
      <symbol id="sm-1535">
         <name>sprintf</name>
         <value>0x10b75</value>
         <object_component_ref idref="oc-108"/>
      </symbol>
      <symbol id="sm-153c">
         <name>main_func_sp</name>
         <value>0x20006ab4</value>
         <object_component_ref idref="oc-4d"/>
      </symbol>
      <symbol id="sm-154a">
         <name>strcmp</name>
         <value>0x10fed</value>
         <object_component_ref idref="oc-38e"/>
      </symbol>
      <symbol id="sm-1557">
         <name>strlen</name>
         <value>0x11019</value>
         <object_component_ref idref="oc-10d"/>
      </symbol>
      <symbol id="sm-1566">
         <name>strncmp</name>
         <value>0x10f33</value>
         <object_component_ref idref="oc-275"/>
      </symbol>
      <symbol id="sm-1575">
         <name>__aeabi_uidivmod</name>
         <value>0x10e85</value>
         <object_component_ref idref="oc-95"/>
      </symbol>
      <symbol id="sm-158b">
         <name>_nop</name>
         <value>0x11013</value>
         <object_component_ref idref="oc-1ac"/>
      </symbol>
      <symbol id="sm-158c">
         <name>_lock</name>
         <value>0x20006a94</value>
         <object_component_ref idref="oc-bf"/>
      </symbol>
      <symbol id="sm-158d">
         <name>_unlock</name>
         <value>0x20006a98</value>
         <object_component_ref idref="oc-bf"/>
      </symbol>
      <symbol id="sm-158e">
         <name>_register_lock</name>
         <value>0x1100b</value>
         <object_component_ref idref="oc-1ac"/>
      </symbol>
      <symbol id="sm-158f">
         <name>_register_unlock</name>
         <value>0x11005</value>
         <object_component_ref idref="oc-1ac"/>
      </symbol>
      <symbol id="sm-1677">
         <name>__TI_printfi</name>
         <value>0x94f7</value>
         <object_component_ref idref="oc-1d7"/>
      </symbol>
      <symbol id="sm-168a">
         <name>_args_main</name>
         <value>0x10fbd</value>
         <object_component_ref idref="oc-43"/>
      </symbol>
      <symbol id="sm-169f">
         <name>atoi</name>
         <value>0x10cdd</value>
         <object_component_ref idref="oc-2cc"/>
      </symbol>
      <symbol id="sm-16bb">
         <name>__TI_auto_init</name>
         <value>0x10905</value>
         <object_component_ref idref="oc-3f"/>
      </symbol>
      <symbol id="sm-16d3">
         <name>copy_in</name>
         <value>0x10db9</value>
         <object_component_ref idref="oc-b2"/>
      </symbol>
      <symbol id="sm-16dd">
         <name>_ctypes_</name>
         <value>0x11398</value>
         <object_component_ref idref="oc-3b9"/>
      </symbol>
      <symbol id="sm-16f3">
         <name>__aeabi_dsub</name>
         <value>0xfe47</value>
         <object_component_ref idref="oc-2be"/>
      </symbol>
      <symbol id="sm-16f4">
         <name>__aeabi_dadd</name>
         <value>0xfe51</value>
         <object_component_ref idref="oc-2be"/>
      </symbol>
      <symbol id="sm-1714">
         <name>__aeabi_cdcmpeq</name>
         <value>0x10999</value>
         <object_component_ref idref="oc-2a1"/>
      </symbol>
      <symbol id="sm-1715">
         <name>__aeabi_cdcmple</name>
         <value>0x10999</value>
         <object_component_ref idref="oc-2a1"/>
      </symbol>
      <symbol id="sm-1716">
         <name>__aeabi_cdrcmple</name>
         <value>0x10a17</value>
         <object_component_ref idref="oc-2ad"/>
      </symbol>
      <symbol id="sm-1729">
         <name>__aeabi_ddiv</name>
         <value>0xfffd</value>
         <object_component_ref idref="oc-2a9"/>
      </symbol>
      <symbol id="sm-1733">
         <name>__aeabi_dmul</name>
         <value>0x10375</value>
         <object_component_ref idref="oc-2a5"/>
      </symbol>
      <symbol id="sm-173c">
         <name>__aeabi_d2iz</name>
         <value>0x10d71</value>
         <object_component_ref idref="oc-2b1"/>
      </symbol>
      <symbol id="sm-1745">
         <name>__aeabi_i2d</name>
         <value>0x10f05</value>
         <object_component_ref idref="oc-2ba"/>
      </symbol>
      <symbol id="sm-174d">
         <name>__aeabi_lmul</name>
         <value>0x10fd5</value>
         <object_component_ref idref="oc-29d"/>
      </symbol>
      <symbol id="sm-175b">
         <name>ltoa</name>
         <value>0x10c33</value>
         <object_component_ref idref="oc-2b5"/>
      </symbol>
      <symbol id="sm-176a">
         <name>memccpy</name>
         <value>0x10f9f</value>
         <object_component_ref idref="oc-2c7"/>
      </symbol>
      <symbol id="sm-1785">
         <name>__aeabi_uldivmod</name>
         <value>0xf8ad</value>
         <object_component_ref idref="oc-299"/>
      </symbol>
      <symbol id="sm-178e">
         <name>_Dclass</name>
         <value>0x1103f</value>
         <object_component_ref idref="oc-2c2"/>
      </symbol>
      <symbol id="sm-179f">
         <name>_Dtest</name>
         <value>0x10e41</value>
         <object_component_ref idref="oc-3b1"/>
      </symbol>
      <symbol id="sm-17a0">
         <name>__TI_static_base__</name>
         <value>0x0</value>
      </symbol>
      <symbol id="sm-17a1">
         <name>__TI_args_main</name>
         <value>0x1</value>
      </symbol>
      <symbol id="sm-17a2">
         <name>SHT$$INIT_ARRAY$$Limit</name>
         <value>0x0</value>
      </symbol>
      <symbol id="sm-17a3">
         <name>SHT$$INIT_ARRAY$$Base</name>
         <value>0x0</value>
      </symbol>
   </symbol_table>
   <title>Link successful</title>
</link_info>
